edu/cmu/tetradapp/editor/RegressionParamsEditorPanel$SourceListener.class
edu/cmu/tetradapp/editor/ScatterPlotView$ContinuousInquiryPanel$2.class
edu/cmu/tetradapp/workbench/LayoutUtils$4.class
edu/cmu/tetradapp/editor/GeneralizedExpressionEditor$2ColorThread.class
edu/cmu/tetradapp/editor/DescriptiveStatsEditorPanel$1.class
edu/cmu/tetradapp/editor/ParameterPanel$1.class
edu/cmu/tetradapp/editor/IndependenceFactsEditor$2.class
edu/cmu/tetradapp/editor/DirichletBayesImNodeProbsTable$7.class
edu/cmu/tetradapp/editor/FgesSearchEditor$7.class
edu/cmu/tetradapp/editor/DataEditor$6.class
edu/cmu/tetradapp/editor/BayesImNodeEditingTableObs$1.class
edu/cmu/tetradapp/editor/LingSearchEditor$3.class
edu/cmu/tetradapp/editor/PcStableLocalSearchEditor$1.class
edu/cmu/tetradapp/app/hpc/task/PendingHpcJobUpdaterTask.class
edu/cmu/tetradapp/editor/FgesSearchEditor.class
edu/cmu/tetradapp/editor/FtfcSearchEditor$3.class
edu/cmu/tetradapp/editor/RandomSamplerAction.class
edu/cmu/tetradapp/knowledge_editor/IndependenceFactsEditor$2.class
edu/cmu/tetradapp/editor/SemPmGraphicalEditor$3.class
edu/cmu/tetradapp/editor/GlassoSearchEditor$5.class
edu/cmu/tetradapp/editor/GeneralizedSemPmEditor$4$1.class
edu/cmu/tetradapp/editor/GFciIndTestParamsEditor$2.class
edu/cmu/tetradapp/editor/MeanInterpolatorAction.class
edu/cmu/tetradapp/editor/GeneralizedSemEstimatorEditor$3$1.class
edu/cmu/tetradapp/editor/datamanip/DiscretizationParamsEditor$VariableSelectionEditor$2.class
edu/cmu/tetradapp/editor/SaveKnowledgeAction.class
edu/cmu/tetradapp/editor/LoadDataDialog.class
edu/cmu/tetradapp/workbench/LayoutUtils$9.class
edu/cmu/tetradapp/model/EdgeWeightComparison.class
edu/cmu/tetradapp/model/GlassoRunner.class
edu/cmu/tetradapp/editor/BayesEstimatorNodeEditingTable$2.class
edu/cmu/tetradapp/editor/VariableNameRenderer.class
edu/cmu/tetradapp/editor/MarkovBlanketSearchEditor$11.class
edu/cmu/tetradapp/editor/ParameterPanel$6.class
edu/cmu/tetradapp/editor/FciIndTestParamsEditor$5.class
edu/cmu/tetradapp/editor/datamanip/RangeEditor$BigLabel.class
edu/cmu/tetradapp/editor/UpdaterEditingTableObs.class
edu/cmu/tetradapp/editor/HistogramView$HistogramController$ContinuousConditioningPanel$Type.class
edu/cmu/tetradapp/util/WatchedProcess$1.class
edu/cmu/tetradapp/editor/datamanip/DiscretizationEditor.class
edu/cmu/tetradapp/editor/DirichletBayesImNodeProbsTable$2.class
edu/cmu/tetradapp/editor/BayesImNodeEditingTableObs$6.class
edu/cmu/tetradapp/workbench/TimeLagGraphWorkbench$1.class
edu/cmu/tetradapp/editor/StandardizedSemImGraphicalEditor$EdgeActionListener.class
edu/cmu/tetradapp/editor/DirichletBayesImEditor$4.class
edu/cmu/tetradapp/model/IndTestChooser.class
edu/cmu/tetradapp/editor/GraphSelectionEditor$GraphEditorOptionsPanel$SourceListener.class
edu/cmu/tetradapp/model/KnowledgeEditable.class
edu/cmu/tetradapp/editor/PcStableLocalSearchEditor$6.class
edu/cmu/tetradapp/editor/RandomGraphEditor$12.class
edu/cmu/tetradapp/editor/SemImParamsEditor$8.class
edu/cmu/tetradapp/editor/UpdatedBayesImWizard$4.class
edu/cmu/tetradapp/editor/PcGesSearchEditor$2.class
edu/cmu/tetradapp/model/VariableSubsetterWrapper.class
edu/cmu/tetradapp/editor/PValueImproverEditor$6.class
edu/cmu/tetradapp/util/StringTextField.class
edu/cmu/tetradapp/model/datamanip/SplitCasesWrapper.class
edu/cmu/tetradapp/editor/BuildPureClustersParamsEditor$1.class
edu/cmu/tetradapp/editor/CovCellEditor$1.class
edu/cmu/tetradapp/editor/GraphToolbar$5.class
edu/cmu/tetradapp/editor/SemDataParamsEditor$1.class
edu/cmu/tetradapp/editor/LingDisplay$2.class
edu/cmu/tetradapp/editor/GraphToolbar.class
edu/cmu/tetradapp/app/hpc/editor/LoadHpcGraphJsonTableModel.class
edu/cmu/tetradapp/model/VcpcAltRunner.class
edu/cmu/tetradapp/editor/SemPmGraphicalEditor.class
edu/cmu/tetradapp/editor/BayesUpdaterEditorObs$7.class
edu/cmu/tetradapp/editor/SemDataParamsEditor.class
edu/cmu/tetradapp/app/SessionEditorWorkbench$2.class
edu/cmu/tetradapp/editor/HistogramView$ContinuousInquiryPanel$4.class
edu/cmu/tetradapp/model/datamanip/CovMatrixAverageWrapper.class
edu/cmu/tetradapp/editor/RegressionResultDisplay.class
edu/cmu/tetradapp/app/NumberFormatAction$2.class
edu/cmu/tetradapp/editor/CalculatorEditor$2.class
edu/cmu/tetradapp/editor/GeneralizedSemEstimatorEditor$1.class
edu/cmu/tetradapp/editor/SplitCasesParamsEditor$SplitEditor$2.class
edu/cmu/tetradapp/editor/DirichletBayesImNodeCountsTable$10.class
edu/cmu/tetradapp/model/DirichletBayesDataWrapper.class
edu/cmu/tetradapp/model/MergeDatasetsWrapper.class
edu/cmu/tetradapp/editor/datamanip/DiscreteDiscretizationEditor$RemapEditor$1.class
edu/cmu/tetradapp/util/WatchedProcess.class
edu/cmu/tetradapp/editor/PValueImproverEditor$1.class
edu/cmu/tetradapp/editor/SemImEditor$SemImGraphicalEditor$4.class
edu/cmu/tetradapp/model/UndirectedToBidirectedWrapper.class
edu/cmu/tetradapp/editor/StandardizedSemImGraphicalEditor.class
edu/cmu/tetradapp/model/GeneralizedSemImWrapper.class
edu/cmu/tetradapp/model/ImpliedCovarianceDataAllWrapper.class
edu/cmu/tetradapp/model/TsFgesRunner.class
edu/cmu/tetradapp/workbench/GraphWorkbench.class
edu/cmu/tetradapp/editor/datamanip/ShiftDataParamsEditor$3.class
edu/cmu/tetradapp/editor/HistogramView$HistogramController$2.class
edu/cmu/tetradapp/model/datamanip/RemoveSelectedVariablesWrapper.class
edu/cmu/tetradapp/app/TetradDesktop.class
edu/cmu/tetradapp/app/SessionEditor.class
edu/cmu/tetradapp/util/LoggingMenu$2.class
edu/cmu/tetradapp/editor/datamanip/RangeEditor$4.class
edu/cmu/tetradapp/editor/TimeLagGraphEditor$1.class
edu/cmu/tetradapp/model/StandardizeWrapper.class
edu/cmu/tetradapp/editor/GFciIndTestParamsEditor$7.class
edu/cmu/tetradapp/model/datamanip/ArResidualsWrapper.class
edu/cmu/tetradapp/util/LayoutSelection.class
edu/cmu/tetradapp/knowledge_editor/KnowledgeDisplayEdge$ComponentHandler.class
edu/cmu/tetradapp/model/PcRunner.class
edu/cmu/tetradapp/ui/model/IndependenceTestModels$1.class
edu/cmu/tetradapp/model/SemEstimatorWrapper.class
edu/cmu/tetradapp/editor/TimeSeriesDataDisplayJTable.class
edu/cmu/tetradapp/editor/LofsSearchEditor$5.class
edu/cmu/tetradapp/workbench/GraphNodeLocked$1.class
edu/cmu/tetradapp/editor/ModeInterpolatorAction.class
edu/cmu/tetradapp/editor/SemEvidenceWizardSingle.class
edu/cmu/tetradapp/app/SessionEditorWorkbench.class
edu/cmu/tetradapp/editor/datamanip/ArResidualsParamsEditor.class
edu/cmu/tetradapp/model/SessionWrapper$SessionHandler.class
edu/cmu/tetradapp/editor/IndependenceFactsAction$5.class
edu/cmu/tetradapp/app/SessionEditorToolbarHarry$1.class
edu/cmu/tetradapp/app/TetradLogArea$3.class
edu/cmu/tetradapp/editor/GeneralizedSemPmEditor$3.class
edu/cmu/tetradapp/workbench/MeasuredDisplayComp.class
edu/cmu/tetradapp/editor/BayesImParamsEditor$1.class
edu/cmu/tetradapp/editor/HistogramView.class
edu/cmu/tetradapp/editor/ScatterPlotAction$ScatterPlotListener.class
edu/cmu/tetradapp/model/datamanip/RemoveConstantColumnsWrapper.class
edu/cmu/tetradapp/editor/PatternDisplay$1.class
edu/cmu/tetradapp/editor/KnowledgeLoaderWizard$1.class
edu/cmu/tetradapp/editor/BayesImNodeEditingTable.class
edu/cmu/tetradapp/editor/NumberCellEditor.class
edu/cmu/tetradapp/editor/EvidenceEditorObs$1.class
edu/cmu/tetradapp/model/PcStableMaxRunner.class
edu/cmu/tetradapp/editor/EditorWindow$CancelListener.class
edu/cmu/tetradapp/editor/FgesIndTestParamsEditor$5.class
edu/cmu/tetradapp/app/NoteDisplayComp.class
edu/cmu/tetradapp/editor/EvidenceEditor$3.class
edu/cmu/tetradapp/editor/IndTestParamsEditor.class
edu/cmu/tetradapp/editor/IndTestMenuItems$12.class
edu/cmu/tetradapp/model/FgesRunner$Type.class
edu/cmu/tetradapp/editor/BayesPmParamsEditor$4.class
edu/cmu/tetradapp/editor/DescriptiveStats.class
edu/cmu/tetradapp/editor/PValueImproverEditor.class
edu/cmu/tetradapp/editor/GeneralizedSemImEditor$4.class
edu/cmu/tetradapp/app/SessionEditorToolbarHarry$ButtonInfo.class
edu/cmu/tetradapp/model/CeFanSearchRunner.class
edu/cmu/tetradapp/editor/GeneralizedSemImParamsEditor$1MyTextField.class
edu/cmu/tetradapp/editor/BayesImNodeEditingTableObs.class
edu/cmu/tetradapp/editor/SaveBayesImXmlAction.class
edu/cmu/tetradapp/util/DesktopController.class
edu/cmu/tetradapp/editor/BayesImNodeEditingTable$1.class
edu/cmu/tetradapp/editor/AllPathsAction.class
edu/cmu/tetradapp/model/datamanip/ReorderColumnsWrapper.class
edu/cmu/tetradapp/editor/IonSearchEditor$5.class
edu/cmu/tetradapp/editor/RandomGraphEditor$1.class
edu/cmu/tetradapp/editor/SearchParamEditor$1.class
edu/cmu/tetradapp/app/NumberFormatAction$7.class
edu/cmu/tetradapp/editor/DirichletBayesImNodeCountsTable$5.class
edu/cmu/tetradapp/model/HitonVariantMbSearchRunner.class
edu/cmu/tetradapp/editor/SemEvidenceWizardMultiple$1$1.class
edu/cmu/tetradapp/editor/MimbuildEditor$7.class
edu/cmu/tetradapp/editor/PcStableLocalSearchEditor$11.class
edu/cmu/tetradapp/editor/CalculatorEditor$7.class
edu/cmu/tetradapp/model/DirichletEstimatorWrapper.class
edu/cmu/tetradapp/app/TetradApplicationConfig$DefaultNodeConfig.class
edu/cmu/tetradapp/editor/GraphSelectionEditor$GraphEditorOptionsPanel$VariableListModel.class
edu/cmu/tetradapp/editor/BayesUpdaterEditorObs.class
edu/cmu/tetradapp/editor/SplitCasesParamsEditor$3.class
edu/cmu/tetradapp/editor/CovMatrixJTable$2.class
edu/cmu/tetradapp/model/FtfcRunner.class
edu/cmu/tetradapp/editor/SemImEditor$SemImGraphicalEditor$EdgeMouseListener.class
edu/cmu/tetradapp/editor/FgesSearchEditor$12$1.class
edu/cmu/tetradapp/editor/RegressionEditor$3.class
edu/cmu/tetradapp/util/GraphUtils.class
edu/cmu/tetradapp/model/Simulation.class
edu/cmu/tetradapp/editor/GraphSelectionEditor$1.class
edu/cmu/tetradapp/editor/RandomGraphEditor$6.class
edu/cmu/tetradapp/editor/SemImParamsEditor$3.class
edu/cmu/tetradapp/editor/ClusterEditor$1.class
edu/cmu/tetradapp/editor/MimbuildEditor.class
edu/cmu/tetradapp/editor/GeneralizedExpressionEditor$5.class
edu/cmu/tetradapp/editor/PcGesSearchEditor$7.class
edu/cmu/tetradapp/model/TsImagesRunner.class
edu/cmu/tetradapp/model/FgesRunner.class
edu/cmu/tetradapp/editor/BayesImNodeEditingTable$6.class
edu/cmu/tetradapp/editor/ScatterPlotView$ScatterPlotController$3.class
edu/cmu/tetradapp/model/TsGFciRunner.class
edu/cmu/tetradapp/editor/IonSearchEditor$10.class
edu/cmu/tetradapp/editor/DirichletEstimatorParamsEditor$1.class
edu/cmu/tetradapp/ui/model/IndependenceTestModels.class
edu/cmu/tetradapp/editor/IndependenceFactsEditor$7.class
edu/cmu/tetradapp/editor/RegressionParamsPanel.class
edu/cmu/tetradapp/model/AbstractMBSearchRunner.class
edu/cmu/tetradapp/editor/RegressionEditor$1.class
edu/cmu/tetradapp/workbench/AbstractWorkbench$GraphNodeLabel$1.class
edu/cmu/tetradapp/model/AbstractAlgorithmRunner.class
edu/cmu/tetradapp/editor/LofsSearchEditor$7$1.class
edu/cmu/tetradapp/editor/DataEditor$1.class
edu/cmu/tetradapp/editor/BayesUpdaterEditorObs$2.class
edu/cmu/tetradapp/editor/BayesImEditor$1.class
edu/cmu/tetradapp/editor/PValueImproverEditor$4$1.class
edu/cmu/tetradapp/editor/PurifyIndTestParamsEditor$2.class
edu/cmu/tetradapp/editor/PcGesSearchEditor$11.class
edu/cmu/tetradapp/editor/RandomSamplerAction$1.class
edu/cmu/tetradapp/model/datamanip/ResidualsWrapper.class
edu/cmu/tetradapp/model/GraphSelectionWrapper$nType.class
edu/cmu/tetradapp/app/SetupLoggingAction.class
edu/cmu/tetradapp/editor/StandardizedSemImEditor$2.class
edu/cmu/tetradapp/model/ForbiddenGraphModel.class
edu/cmu/tetradapp/editor/FgesSearchEditor$4$1.class
edu/cmu/tetradapp/editor/GeneralizedSemEstimatorEditor.class
edu/cmu/tetradapp/editor/LofsSearchEditor.class
edu/cmu/tetradapp/app/hpc/editor/HpcAccountEditor$6.class
edu/cmu/tetradapp/editor/ScatterPlotView$ContinuousInquiryPanel$Chunk.class
edu/cmu/tetradapp/app/SessionVersionAction.class
edu/cmu/tetradapp/editor/PcGesSearchEditor$5$1.class
edu/cmu/tetradapp/editor/LoadDataSettings$5.class
edu/cmu/tetradapp/editor/DirichletBayesImNodeCountsTable$2.class
edu/cmu/tetradapp/model/MimBuildRunner.class
edu/cmu/tetradapp/editor/SemImEditor$ImpliedCovTable.class
edu/cmu/tetradapp/model/LingamStructureRunner.class
edu/cmu/tetradapp/model/PatternFromDagGraphWrapper.class
edu/cmu/tetradapp/app/CategorizingModelChooser$ModelWrapper.class
edu/cmu/tetradapp/editor/GraphParamsEditor$1.class
edu/cmu/tetradapp/editor/GeneralizedSemPmEditor$6.class
edu/cmu/tetradapp/model/ExtractStructureModelWrapper.class
edu/cmu/tetradapp/editor/StructEMBayesSearchEditorWizard$1.class
edu/cmu/tetradapp/editor/SemPmGraphicalEditor$ParameterEditor$2.class
edu/cmu/tetradapp/editor/IndTestMenuItems$10.class
edu/cmu/tetradapp/app/CategorizingModelChooser$ChooserRenderer.class
edu/cmu/tetradapp/app/SessionEditorToolbarHarry$4.class
edu/cmu/tetradapp/editor/LingSearchEditor.class
edu/cmu/tetradapp/editor/MissingDataInjectorAction$1.class
edu/cmu/tetradapp/app/TetradLogArea$6.class
edu/cmu/tetradapp/editor/UpdatedSemImWizard$2.class
edu/cmu/tetradapp/editor/BayesPmEditorWizard$IndexedAction.class
edu/cmu/tetradapp/util/SortingComboBox.class
edu/cmu/tetradapp/editor/GeneralizedTemplateEditor$8.class
edu/cmu/tetradapp/app/ModelChooser.class
edu/cmu/tetradapp/editor/datamanip/BoxCoxParamsEditor$1.class
edu/cmu/tetradapp/editor/SemPmEditor$3.class
edu/cmu/tetradapp/model/KpcRunner.class
edu/cmu/tetradapp/editor/StructEMBayesSearchEditorWizard$6.class
edu/cmu/tetradapp/editor/LofsSearchEditorNew$10.class
edu/cmu/tetradapp/editor/MimSearchEditor$1.class
edu/cmu/tetradapp/editor/VariableNameEditor.class
edu/cmu/tetradapp/workbench/DisplayEdge$PropertyChangeHandler.class
edu/cmu/tetradapp/editor/MimSearchEditor2$2.class
edu/cmu/tetradapp/model/LingRunner.class
edu/cmu/tetradapp/editor/DirichletBayesImNodeCountsTable$7.class
edu/cmu/tetradapp/editor/EvidenceWizardMultipleObs.class
edu/cmu/tetradapp/knowledge_editor/KnowledgeBoxEditor$1.class
edu/cmu/tetradapp/app/TetradLogArea$1.class
edu/cmu/tetradapp/workbench/GraphNodeLatent.class
edu/cmu/tetradapp/editor/GeneralizedSemImGraphicalEditor$1.class
edu/cmu/tetradapp/editor/FofcIndTestParamsEditor$3.class
edu/cmu/tetradapp/editor/LofsSearchEditor$7.class
edu/cmu/tetradapp/editor/TabularDataTransferHandler.class
edu/cmu/tetradapp/editor/HideShowNoConnectionNodesAction.class
edu/cmu/tetradapp/model/PagFromDagGraphWrapper.class
edu/cmu/tetradapp/editor/GraphEditor$2.class
edu/cmu/tetradapp/editor/CovMatrixJTable$4.class
edu/cmu/tetradapp/model/VanderbiltMmmbMbSearchRunner.class
edu/cmu/tetradapp/model/datamanip/SubsetContinuousVariablesWrapper.class
edu/cmu/tetradapp/workbench/LayoutMenu$4.class
edu/cmu/tetradapp/app/hpc/editor/HpcAccountEditor$3.class
edu/cmu/tetradapp/editor/PcLocalIndTestParamsEditor$2.class
edu/cmu/tetradapp/editor/MimSearchEditor$6.class
edu/cmu/tetradapp/model/WFgesRunner.class
edu/cmu/tetradapp/editor/AllPathsAction$1.class
edu/cmu/tetradapp/app/FontSelectionAction$3.class
edu/cmu/tetradapp/app/WarrantyAction.class
edu/cmu/tetradapp/model/DataStandardizer.class
edu/cmu/tetradapp/editor/DagGraphToolbar.class
edu/cmu/tetradapp/editor/MbPatternDisplay$2$1.class
edu/cmu/tetradapp/editor/SemGraphToolbar$3.class
edu/cmu/tetradapp/editor/SemGraphEditor$1.class
edu/cmu/tetradapp/editor/BayesUpdaterClassifierEditor.class
edu/cmu/tetradapp/editor/SubgraphSelection.class
edu/cmu/tetradapp/editor/NormalityTestEditorPanel$VariableBoxRenderer.class
edu/cmu/tetradapp/editor/FciIndTestParamsEditorOld$2.class
edu/cmu/tetradapp/editor/BayesUpdaterEditor$2.class
edu/cmu/tetradapp/editor/FofcIndTestParamsEditor$1.class
edu/cmu/tetradapp/editor/LingDisplay.class
edu/cmu/tetradapp/editor/CalculatorEditor$5.class
edu/cmu/tetradapp/editor/datamanip/RangeEditor$MyFocusTraversalPolicy.class
edu/cmu/tetradapp/editor/MbSearchParamEditor$3.class
edu/cmu/tetradapp/workbench/LayoutMenu$9.class
edu/cmu/tetradapp/editor/UpdatedSemImWizard$4.class
edu/cmu/tetradapp/workbench/LayoutMenu$6.class
edu/cmu/tetradapp/editor/IndTestParamsEditor$1.class
edu/cmu/tetradapp/editor/BayesUpdaterClassifierEditor$3.class
edu/cmu/tetradapp/editor/QQPlotDisplayPanel$1.class
edu/cmu/tetradapp/app/NumberFormatAction$5.class
edu/cmu/tetradapp/editor/LoadTimeSeriesDataAction.class
edu/cmu/tetradapp/app/hpc/editor/HpcAccountEditor$1.class
edu/cmu/tetradapp/editor/datamanip/ShiftDataParamsEditor$3$1.class
edu/cmu/tetradapp/editor/GeneralizedExpressionEditor$1ColorThread.class
edu/cmu/tetradapp/editor/SplitCasesAction.class
edu/cmu/tetradapp/model/UpdaterWrapper.class
edu/cmu/tetradapp/editor/LogisticRegressionParamsPanel$ArrowButton.class
edu/cmu/tetradapp/model/ApproximateUpdaterWrapper.class
edu/cmu/tetradapp/editor/GraphFileMenu.class
edu/cmu/tetradapp/editor/UpdaterEditingTable.class
edu/cmu/tetradapp/editor/LofsSearchEditorNew.class
edu/cmu/tetradapp/editor/BootstrapSamplerParamsEditor$1.class
edu/cmu/tetradapp/editor/BayesEstimatorEditor$3.class
edu/cmu/tetradapp/editor/GeneralizedSemPmEditor$1.class
edu/cmu/tetradapp/editor/EdgeTypeTable$EdgeInfoTable.class
edu/cmu/tetradapp/editor/IndTestMenuItems$15.class
edu/cmu/tetradapp/workbench/MeasuredDisplaySmallComp.class
edu/cmu/tetradapp/editor/SemDataParamsEditor$3.class
edu/cmu/tetradapp/app/LoadSessionAction$1.class
edu/cmu/tetradapp/editor/ClusterEditor$DragDropList.class
edu/cmu/tetradapp/app/SessionEditorNode$9.class
edu/cmu/tetradapp/editor/BuildPureClustersIndTestParamsEditor2$2.class
edu/cmu/tetradapp/model/TFciRunner.class
edu/cmu/tetradapp/util/IntSpinner$Filter.class
edu/cmu/tetradapp/editor/LofsSearchEditorNew$12.class
edu/cmu/tetradapp/editor/MimSearchEditor$3.class
edu/cmu/tetradapp/editor/GraphSelectionEditor$GraphEditorOptionsPanel$GraphTypePanel.class
edu/cmu/tetradapp/editor/SemGraphToolbar$5.class
edu/cmu/tetradapp/editor/EdgeTypeTable$StripedRowTableCellRenderer.class
edu/cmu/tetradapp/model/SemDataWrapper.class
edu/cmu/tetradapp/editor/CovMatrixTable.class
edu/cmu/tetradapp/editor/SemPmEditor$1.class
edu/cmu/tetradapp/editor/GeneralizedTemplateEditor$5.class
edu/cmu/tetradapp/workbench/GraphNodeRandomized.class
edu/cmu/tetradapp/editor/BayesEstimatorEditor$1.class
edu/cmu/tetradapp/model/datamanip/SubsetSelectedVariablesWrapper.class
edu/cmu/tetradapp/app/hpc/action/HpcAccountSettingAction$3.class
edu/cmu/tetradapp/model/datamanip/RemoveMissingValueCasesWrapper.class
edu/cmu/tetradapp/editor/EditorWindow$OkListener.class
edu/cmu/tetradapp/model/SimpleSimulationProperties.class
edu/cmu/tetradapp/editor/EvidenceWizardSingleObs$1.class
edu/cmu/tetradapp/editor/ParameterEditor.class
edu/cmu/tetradapp/editor/StandardizedSemImGraphicalEditor$5.class
edu/cmu/tetradapp/editor/TierList.class
edu/cmu/tetradapp/editor/PcStableLocalSearchEditor$9.class
edu/cmu/tetradapp/editor/DirichletBayesImCountsWizard.class
edu/cmu/tetradapp/editor/RegressionParamsEditorPanel$ListTransferable.class
edu/cmu/tetradapp/editor/TimeLagGraphEditor$1ConfigurationEditor.class
edu/cmu/tetradapp/editor/FgesSearchEditor$4.class
edu/cmu/tetradapp/editor/SplitCasesParamsEditor$SplitEditor$4.class
edu/cmu/tetradapp/editor/SemEvidenceEditor$1.class
edu/cmu/tetradapp/editor/DataEditor$9.class
edu/cmu/tetradapp/editor/EMBayesEstimatorParamsEditor$1.class
edu/cmu/tetradapp/editor/MimSearchEditor2$5.class
edu/cmu/tetradapp/editor/ScatterPlotEditorPanel$1.class
edu/cmu/tetradapp/editor/BayesImParamsEditor.class
edu/cmu/tetradapp/model/datamanip/BoxCoxWrapper.class
edu/cmu/tetradapp/editor/ScatterPlotView$ContinuousInquiryPanel$5.class
edu/cmu/tetradapp/app/TetradMenuBar.class
edu/cmu/tetradapp/editor/SelectBidirectedAction.class
edu/cmu/tetradapp/app/SubsessionSelection.class
edu/cmu/tetradapp/editor/FgesSearchEditor$5.class
edu/cmu/tetradapp/editor/Sem2DataParamsEditor$2.class
edu/cmu/tetradapp/editor/ScatterListener.class
edu/cmu/tetradapp/editor/SemPmGraphicalEditor$ParameterEditor$4.class
edu/cmu/tetradapp/editor/IndTestMenuItems$7.class
edu/cmu/tetradapp/model/datamanip/CopyAllDatasetsWrapper.class
edu/cmu/tetradapp/model/datamanip/TimeSeriesWrapper2.class
edu/cmu/tetradapp/editor/QQPlotEditorPanel$VariableBoxRenderer.class
edu/cmu/tetradapp/model/GFciRunner.class
edu/cmu/tetradapp/editor/SemImEditor$SemImTabularEditor.class
edu/cmu/tetradapp/model/MmhcRunner.class
edu/cmu/tetradapp/app/SessionEditorNode$6.class
edu/cmu/tetradapp/app/TetFileFilter.class
edu/cmu/tetradapp/util/GraphEditorUtils.class
edu/cmu/tetradapp/editor/TabularDataJTable$3.class
edu/cmu/tetradapp/editor/ScatterPlotView$ContinuousInquiryPanel$4.class
edu/cmu/tetradapp/model/TabularComparison.class
edu/cmu/tetradapp/editor/BayesUpdaterClassifierEditor$1.class
edu/cmu/tetradapp/editor/datamanip/ShiftDataParamsEditor$1.class
edu/cmu/tetradapp/editor/StandardizedSemImGraphicalEditor$6.class
edu/cmu/tetradapp/editor/SimulationGraphEditor.class
edu/cmu/tetradapp/editor/MbSearchParamEditor$5.class
edu/cmu/tetradapp/editor/MimSearchEditor2$5$1.class
edu/cmu/tetradapp/editor/DirichletEstimatorParamsEditor.class
edu/cmu/tetradapp/workbench/LayoutMenu$10.class
edu/cmu/tetradapp/editor/EvidenceWizardMultipleObs$1$1.class
edu/cmu/tetradapp/model/CompletedPatternWrapper.class
edu/cmu/tetradapp/util/TextAreaFifo.class
edu/cmu/tetradapp/app/StdDisplayComp.class
edu/cmu/tetradapp/editor/BayesUpdaterEditor$5.class
edu/cmu/tetradapp/editor/ExpressionEditor$Selection.class
edu/cmu/tetradapp/editor/SemEvidenceEditor$2.class
edu/cmu/tetradapp/workbench/AbstractWorkbench$4.class
edu/cmu/tetradapp/model/PcPatternRunner.class
edu/cmu/tetradapp/editor/GeneralizedSemImListEditor$3.class
edu/cmu/tetradapp/editor/GeneralizedSemImEditor$5$2.class
edu/cmu/tetradapp/app/SessionEditorNode$1.class
edu/cmu/tetradapp/editor/BayesEstimatorNodeEditingTable$4.class
edu/cmu/tetradapp/editor/IndTestMenuItems$2.class
edu/cmu/tetradapp/editor/BayesEstimatorNodeEditingTable$7.class
edu/cmu/tetradapp/editor/search/AlgorithmCard.class
edu/cmu/tetradapp/editor/IndTestMenuItems$5.class
edu/cmu/tetradapp/workbench/AbstractWorkbench$1.class
edu/cmu/tetradapp/workbench/PointPair.class
edu/cmu/tetradapp/editor/StandardizedSemImGraphicalEditor$1.class
edu/cmu/tetradapp/workbench/LayoutMenu.class
edu/cmu/tetradapp/model/HitonRunner.class
edu/cmu/tetradapp/app/SessionEditorNode$4.class
edu/cmu/tetradapp/editor/Sem2DataParamsEditor.class
edu/cmu/tetradapp/editor/BayesImEditorObs.class
edu/cmu/tetradapp/editor/GlassoSearchEditor.class
edu/cmu/tetradapp/editor/PcStableLocalSearchEditor$8.class
edu/cmu/tetradapp/model/VanderbiltInterIambMbSearchRunner.class
edu/cmu/tetradapp/workbench/LayoutMenu$12.class
edu/cmu/tetradapp/app/hpc/action/LoadHpcGraphJsonAction$1.class
edu/cmu/tetradapp/editor/EdgewiseComparisonParamsEditor$2.class
edu/cmu/tetradapp/editor/HistogramView$ContinuousInquiryPanel$Chunk.class
edu/cmu/tetradapp/app/SessionEditorNode$3.class
edu/cmu/tetradapp/editor/PurifyParamsEditor$3.class
edu/cmu/tetradapp/editor/DataToken.class
edu/cmu/tetradapp/editor/BayesUpdaterEditor$7.class
edu/cmu/tetradapp/editor/FgesSearchEditor$2.class
edu/cmu/tetradapp/editor/GeneralizedSemImListEditor$2.class
edu/cmu/tetradapp/editor/SelectLatentsAction.class
edu/cmu/tetradapp/editor/DirichletBayesImEditor$1.class
edu/cmu/tetradapp/editor/GeneralizedExpressionParameterizer$1.class
edu/cmu/tetradapp/editor/GeneralizedTemplateEditor$3.class
edu/cmu/tetradapp/editor/StructEMBayesSearchEditorWizard$4.class
edu/cmu/tetradapp/editor/EdgewiseComparisonParamsEditor$4.class
edu/cmu/tetradapp/knowledge_editor/OtherGroupsEditor$GroupVariableDragList.class
edu/cmu/tetradapp/editor/DirichletBayesImEditor$2.class
edu/cmu/tetradapp/editor/datamanip/DiscretizationParamsEditor$VariableSelectionEditor$4.class
edu/cmu/tetradapp/editor/IndTestMenuItems$4.class
edu/cmu/tetradapp/editor/ScatterPlotView$ScatterPlotController$VariableBoxRenderer.class
edu/cmu/tetradapp/editor/GeneralizedTemplateEditor$1ColorThread.class
edu/cmu/tetradapp/editor/BayesEstimatorNodeEditingTable$5.class
edu/cmu/tetradapp/util/SplashScreen.class
edu/cmu/tetradapp/editor/FactorAnalysisEditor.class
edu/cmu/tetradapp/workbench/LayoutMenu$1.class
edu/cmu/tetradapp/app/hpc/task/SubmittedHpcJobUpdaterTask.class
edu/cmu/tetradapp/editor/BuildPureClustersIndTestParamsEditor2.class
edu/cmu/tetradapp/editor/DescriptiveStatsEditorPanel.class
edu/cmu/tetradapp/editor/StandardizedSemImGraphicalEditor$3.class
edu/cmu/tetradapp/model/datamanip/InverseMatrixWrapper.class
edu/cmu/tetradapp/model/SessionWrapper.class
edu/cmu/tetradapp/editor/CalculatorEditor.class
edu/cmu/tetradapp/editor/GeneralAlgorithmEditor$1.class
edu/cmu/tetradapp/editor/EvidenceEditorObs$4.class
edu/cmu/tetradapp/editor/HistogramView$1.class
edu/cmu/tetradapp/editor/BayesPmEditorWizard$CategoryEditor.class
edu/cmu/tetradapp/editor/SemImParamsEditor$1.class
edu/cmu/tetradapp/model/TsFgesRunner$Type.class
edu/cmu/tetradapp/editor/RandomGraphEditor$4.class
edu/cmu/tetradapp/util/FinalizingEditor.class
edu/cmu/tetradapp/editor/ScatterPlotView$ScatterPlotController$5.class
edu/cmu/tetradapp/editor/BayesImEditorWizardObs$1.class
edu/cmu/tetradapp/editor/SemImEditor$SemImGraphicalEditor$NodeActionListener.class
edu/cmu/tetradapp/editor/HistogramView$HistogramController$ContinuousConditioningPanel.class
edu/cmu/tetradapp/editor/MimbuildEditor$7$1.class
edu/cmu/tetradapp/editor/FgesIndTestParamsEditor.class
edu/cmu/tetradapp/editor/LoadGraph.class
edu/cmu/tetradapp/model/MarkovBlanketSearchRunner.class
edu/cmu/tetradapp/editor/DataCellEditor.class
edu/cmu/tetradapp/editor/GeneralizedSemImEditor$5$1.class
edu/cmu/tetradapp/editor/GeneralizedSemImEditor$6.class
edu/cmu/tetradapp/editor/FtfcIndTestParamsEditor.class
edu/cmu/tetradapp/editor/TriplesAction.class
edu/cmu/tetradapp/knowledge_editor/IndependenceFactsEditor.class
edu/cmu/tetradapp/editor/IonSearchEditor$3.class
edu/cmu/tetradapp/editor/FgesSearchEditor$13.class
edu/cmu/tetradapp/editor/SemPmEditor$4.class
edu/cmu/tetradapp/editor/GeneralAlgorithmEditor$SingleButtonCard$SouthPanel.class
edu/cmu/tetradapp/editor/BayesEstimatorNodeEditingTable$9.class
edu/cmu/tetradapp/model/NonparanormalTransform.class
edu/cmu/tetradapp/workbench/GraphNodeLatent$1.class
edu/cmu/tetradapp/editor/BuildPureClustersIndTestParamsEditor.class
edu/cmu/tetradapp/app/SessionEditorToolbarHarry$3.class
edu/cmu/tetradapp/editor/RandomGraphEditor$9.class
edu/cmu/tetradapp/editor/SemImEditor$SemImGraphicalEditor$2.class
edu/cmu/tetradapp/editor/StandardizedSemImGraphicalEditor$EdgeMouseListener.class
edu/cmu/tetradapp/editor/DataCellRenderer.class
edu/cmu/tetradapp/editor/GeneralizedSemPmEditor$5.class
edu/cmu/tetradapp/app/FontSelectionAction.class
edu/cmu/tetradapp/editor/BayesDataParamsEditor.class
edu/cmu/tetradapp/editor/UpdatedBayesImWizardObs$6.class
edu/cmu/tetradapp/model/KnowledgeBoxNotifiable.class
edu/cmu/tetradapp/app/FontSelectionAction$2.class
edu/cmu/tetradapp/app/hpc/action/HpcAccountSettingAction$1.class
edu/cmu/tetradapp/editor/HistogramView$HistogramController$5.class
edu/cmu/tetradapp/workbench/IDisplayEdge.class
edu/cmu/tetradapp/model/GenerateCompleteGraphWrapper.class
edu/cmu/tetradapp/editor/PurifyParamsEditor$2.class
edu/cmu/tetradapp/editor/datamanip/ShiftDataParamsEditor.class
edu/cmu/tetradapp/editor/LoadDataSettings$2.class
edu/cmu/tetradapp/editor/ScoredGraphsDisplay$1.class
edu/cmu/tetradapp/editor/StructEMBayesSearchEditorWizard$2.class
edu/cmu/tetradapp/app/hpc/action/LoadHpcGraphJsonAction$2.class
edu/cmu/tetradapp/editor/DataEditor$13.class
edu/cmu/tetradapp/editor/IndependenceFactsEditor$9.class
edu/cmu/tetradapp/editor/LofsSearchEditor$10.class
edu/cmu/tetradapp/editor/CovCellRenderer.class
edu/cmu/tetradapp/editor/SemGraphToolbar.class
edu/cmu/tetradapp/editor/SemImEditor$TabbedPaneDefault.class
edu/cmu/tetradapp/editor/LofsSearchEditorNew$10$1.class
edu/cmu/tetradapp/editor/EvidenceWizardMultipleObs$1.class
edu/cmu/tetradapp/model/IndTestModel.class
edu/cmu/tetradapp/editor/datamanip/ShiftDataParamsEditor$5.class
edu/cmu/tetradapp/editor/GraphToolbar$2.class
edu/cmu/tetradapp/model/PcLocalRunner.class
edu/cmu/tetradapp/editor/StructEmBayesSearchEditor$2.class
edu/cmu/tetradapp/editor/SemGraphToolbar$6.class
edu/cmu/tetradapp/editor/ClusterEditor.class
edu/cmu/tetradapp/editor/UpdatedBayesImWizardObs$1.class
edu/cmu/tetradapp/editor/HistogramView$HistogramController$VariableBoxRenderer.class
edu/cmu/tetradapp/editor/MimSearchEditor$5.class
edu/cmu/tetradapp/model/MissingDataInjectorWrapper.class
edu/cmu/tetradapp/editor/FgesDisplay.class
edu/cmu/tetradapp/editor/LofsSearchEditorNew$14.class
edu/cmu/tetradapp/editor/TabularComparisonEditor.class
edu/cmu/tetradapp/knowledge_editor/KnowledgeWorkbench$1.class
edu/cmu/tetradapp/knowledge_editor/ListTransferable.class
edu/cmu/tetradapp/editor/PValueImproverEditor$4.class
edu/cmu/tetradapp/app/hpc/action/HpcJobActivityAction.class
edu/cmu/tetradapp/editor/GFciIndTestParamsEditor$9.class
edu/cmu/tetradapp/editor/MbSearchEditor.class
edu/cmu/tetradapp/model/datamanip/RemoveConstantColumnsDataFilter.class
edu/cmu/tetradapp/editor/BuildPureClustersIndTestParamsEditor$3.class
edu/cmu/tetradapp/editor/AlgorithmParameterPanel.class
edu/cmu/tetradapp/editor/HistogramView$HistogramController$DiscreteConditioningPanel.class
edu/cmu/tetradapp/editor/LoadDataSettings.class
edu/cmu/tetradapp/knowledge_editor/OtherGroupsEditor$VariableDragList.class
edu/cmu/tetradapp/app/SessionEditorToolbar$ButtonInfo.class
edu/cmu/tetradapp/editor/SplitCasesParamsEditor$SplitEditor$5.class
edu/cmu/tetradapp/model/IonRunner$1.class
edu/cmu/tetradapp/app/SessionUtils.class
edu/cmu/tetradapp/editor/ConvertToCorrMatixAction.class
edu/cmu/tetradapp/editor/SemPmGraphicalEditor$ParameterEditor$1.class
edu/cmu/tetradapp/editor/StructEMBayesSearchParamsEditor$1.class
edu/cmu/tetradapp/editor/SaveGraph$Type.class
edu/cmu/tetradapp/editor/FgesSearchEditor$9.class
edu/cmu/tetradapp/editor/LoadDataDialog$2.class
edu/cmu/tetradapp/editor/RegressionParamsEditor.class
edu/cmu/tetradapp/editor/SemEvidenceWizardMultiple.class
edu/cmu/tetradapp/editor/BayesPmParamsEditor$1.class
edu/cmu/tetradapp/editor/HistogramView$ContinuousInquiryPanel$6.class
edu/cmu/tetradapp/editor/EdgewiseComparisonEditor.class
edu/cmu/tetradapp/model/AbstractMimRunner.class
edu/cmu/tetradapp/model/VanderbiltIambnPcMbSearchRunner.class
edu/cmu/tetradapp/editor/LoadGraphJson.class
edu/cmu/tetradapp/model/RequiredGraphModel.class
edu/cmu/tetradapp/editor/GeneralizedSemImEditor$1.class
edu/cmu/tetradapp/editor/GraphSelectionEditor$GraphSelectionTextInputAction.class
edu/cmu/tetradapp/editor/FactorAnalysisAction.class
edu/cmu/tetradapp/app/TetradDesktop$LoggerListener.class
edu/cmu/tetradapp/editor/ExpandCaseMultipliersAction.class
edu/cmu/tetradapp/editor/NormalityTests.class
edu/cmu/tetradapp/editor/IndTestMenuItems$14.class
edu/cmu/tetradapp/editor/IonSearchEditor$8.class
edu/cmu/tetradapp/model/Indexable.class
edu/cmu/tetradapp/model/DataAlgorithmRunner.class
edu/cmu/tetradapp/editor/GeneralizedSemPmListEditor$1.class
edu/cmu/tetradapp/editor/GraphSelectionEditor$2.class
edu/cmu/tetradapp/editor/IndependenceFactsEditor$5.class
edu/cmu/tetradapp/editor/PcStableLocalSearchEditor$10.class
edu/cmu/tetradapp/model/PcdRunner.class
edu/cmu/tetradapp/util/PasteLayoutAction.class
edu/cmu/tetradapp/editor/LogParamsEditor$2.class
edu/cmu/tetradapp/model/datamanip/CopySelectedDatasetWrapper.class
edu/cmu/tetradapp/app/TetradDesktop$1.class
edu/cmu/tetradapp/editor/ParameterPanel$4.class
edu/cmu/tetradapp/app/DefaultModelChooser$1.class
edu/cmu/tetradapp/editor/ScatterPlotView$ScatterPlotController$ContinuousConditioningPanel.class
edu/cmu/tetradapp/editor/HistogramView$ContinuousInquiryPanel$2.class
edu/cmu/tetradapp/app/hpc/editor/HpcAccountEditor$5.class
edu/cmu/tetradapp/workbench/LayoutUtils$7.class
edu/cmu/tetradapp/app/SaveSessionAction.class
edu/cmu/tetradapp/editor/IndTestMenuItems$13.class
edu/cmu/tetradapp/editor/EdgeTypeTable$1.class
edu/cmu/tetradapp/editor/MbPatternDisplay$2.class
edu/cmu/tetradapp/editor/DirichletBayesImNodeProbsTable$4.class
edu/cmu/tetradapp/editor/BayesImNodeEditingTableObs$4.class
edu/cmu/tetradapp/editor/datamanip/ShiftDataParamsEditor$6.class
edu/cmu/tetradapp/editor/UpdatedBayesImWizardObs$2.class
edu/cmu/tetradapp/model/EmBayesEstimatorWrapper.class
edu/cmu/tetradapp/app/hpc/action/LoadHpcGraphJsonAction.class
edu/cmu/tetradapp/editor/CovMatrixJTable$1.class
edu/cmu/tetradapp/editor/SemImParamsEditor$BigLabel.class
edu/cmu/tetradapp/editor/datamanip/RangeEditor$2.class
edu/cmu/tetradapp/editor/BayesImEditor.class
edu/cmu/tetradapp/editor/FciSearchParamEditor.class
edu/cmu/tetradapp/editor/EdgewiseComparisonParamsEditor.class
edu/cmu/tetradapp/editor/VariableNameEditor$1.class
edu/cmu/tetradapp/model/IonRunner.class
edu/cmu/tetradapp/editor/datamanip/RangeEditor$1.class
edu/cmu/tetradapp/workbench/LayoutUtils$2.class
edu/cmu/tetradapp/app/hpc/editor/HpcAccountEditor$4.class
edu/cmu/tetradapp/editor/LingamSearchEditor.class
edu/cmu/tetradapp/editor/ScoredGraphsDisplay$2.class
edu/cmu/tetradapp/editor/ScatterPlotView$ScatterPlotController$ContinuousConditioningPanel$Type.class
edu/cmu/tetradapp/editor/MimBuildIndTestParamsEditor.class
edu/cmu/tetradapp/editor/EMBayesEstimatorParamsEditor.class
edu/cmu/tetradapp/editor/BuildPureClustersIndTestParamsEditor$2.class
edu/cmu/tetradapp/editor/LoadDataSettings$3.class
edu/cmu/tetradapp/knowledge_editor/KnowledgeDisplayEdge$PropertyChangeHandler.class
edu/cmu/tetradapp/editor/datamanip/RangeEditor.class
edu/cmu/tetradapp/util/WatchedProcess$2$1.class
edu/cmu/tetradapp/editor/DataEditor$1$1.class
edu/cmu/tetradapp/editor/DirichletBayesImNodeProbsTable$9.class
edu/cmu/tetradapp/editor/RandomGraphEditor$8.class
edu/cmu/tetradapp/knowledge_editor/KnowledgeBoxEditor$DragDropList.class
edu/cmu/tetradapp/editor/TemporalTierEditor.class
edu/cmu/tetradapp/model/datamanip/ShiftDataWrapper.class
edu/cmu/tetradapp/editor/PasteSubgraphAction.class
edu/cmu/tetradapp/workbench/LayoutUtils$1.class
edu/cmu/tetradapp/editor/GeneralizedSemPmEditor$4.class
edu/cmu/tetradapp/editor/ScatterPlotView$ScatterPlotController$1.class
edu/cmu/tetradapp/editor/SemImEditor$ModelStatisticsPanel.class
edu/cmu/tetradapp/editor/IonSearchEditor$4.class
edu/cmu/tetradapp/editor/search/GraphCard$1.class
edu/cmu/tetradapp/knowledge_editor/KnowledgeModelEdge.class
edu/cmu/tetradapp/model/FofcRunner.class
edu/cmu/tetradapp/editor/GeneralizedSemImEditor$5.class
edu/cmu/tetradapp/util/DoubleTextField.class
edu/cmu/tetradapp/app/NewSessionAction.class
edu/cmu/tetradapp/app/SessionEditorToolbarHarry$2.class
edu/cmu/tetradapp/editor/SemImEditor$SemImGraphicalEditor$1.class
edu/cmu/tetradapp/workbench/GraphNodeRandomized$1.class
edu/cmu/tetradapp/editor/PcSearchParamEditor$2.class
edu/cmu/tetradapp/editor/IndependenceFactsEditor$4.class
edu/cmu/tetradapp/editor/HistogramView$ContinuousInquiryPanel$1.class
edu/cmu/tetradapp/editor/SplitCasesParamsEditor$SplitEditor.class
edu/cmu/tetradapp/editor/BayesPmEditor$1.class
edu/cmu/tetradapp/editor/UpdaterEditingTable$1.class
edu/cmu/tetradapp/app/DefaultModelChooser$ClassWrapper.class
edu/cmu/tetradapp/editor/RandomGraphEditor$3.class
edu/cmu/tetradapp/editor/IndependenceFactsAction.class
edu/cmu/tetradapp/model/DirichletBayesImWrapper.class
edu/cmu/tetradapp/editor/StandardizedSemImGraphicalEditor$NodeActionListener.class
edu/cmu/tetradapp/workbench/LagWorkbench$1.class
edu/cmu/tetradapp/workbench/LayoutUtils$6.class
edu/cmu/tetradapp/editor/PcSearchParamEditor$1.class
edu/cmu/tetradapp/editor/PcStableLocalSearchEditor$15.class
edu/cmu/tetradapp/editor/LoadDataSettings$6.class
edu/cmu/tetradapp/editor/GeneralizedSemImParamsEditor.class
edu/cmu/tetradapp/editor/LingDisplay$4.class
edu/cmu/tetradapp/editor/BayesImNodeEditingTableObs$3.class
edu/cmu/tetradapp/editor/SemImEditor$ParamTableModel.class
edu/cmu/tetradapp/editor/RandomGraphEditor$5.class
edu/cmu/tetradapp/editor/DirichletBayesImNodeProbsTable$5.class
edu/cmu/tetradapp/editor/StructEMBayesSearchParamsEditor.class
edu/cmu/tetradapp/editor/BayesPmEditorWizard$2.class
edu/cmu/tetradapp/editor/IonSearchEditor$2.class
edu/cmu/tetradapp/editor/BayesImNodeEditingTable$10.class
edu/cmu/tetradapp/editor/LogParamsEditor$1.class
edu/cmu/tetradapp/editor/KnowledgeLoaderWizard.class
edu/cmu/tetradapp/editor/IndependenceFactsEditor$Renderer.class
edu/cmu/tetradapp/editor/SemImParamsEditor$6.class
edu/cmu/tetradapp/editor/GeneralizedSemPmListEditor$2.class
edu/cmu/tetradapp/app/SessionDisplayComp.class
edu/cmu/tetradapp/editor/EvidenceEditorObs$3.class
edu/cmu/tetradapp/editor/PcStableLocalSearchEditor$14.class
edu/cmu/tetradapp/editor/SemImParamsEditor$5.class
edu/cmu/tetradapp/editor/LingDisplay$5.class
edu/cmu/tetradapp/model/ExtraCategoryInterpolatorWrapper.class
edu/cmu/tetradapp/model/GraphSelectionWrapper.class
edu/cmu/tetradapp/editor/RandomDagScaleFreeEditor.class
edu/cmu/tetradapp/model/KnowledgeBoxModel.class
edu/cmu/tetradapp/editor/ScatterPlotView$ScatterPlotController$4.class
edu/cmu/tetradapp/editor/BayesPmEditorWizard$3.class
edu/cmu/tetradapp/workbench/LayoutUtils$Layout.class
edu/cmu/tetradapp/editor/simulation/ParameterTab.class
edu/cmu/tetradapp/workbench/DisplayEdge$ComponentHandler.class
edu/cmu/tetradapp/editor/ParameterPanel$3.class
edu/cmu/tetradapp/editor/HistogramView$ContinuousInquiryPanel$5.class
edu/cmu/tetradapp/util/BrainSpecial.class
edu/cmu/tetradapp/editor/GeneralizedSemPmParamsEditor$1.class
edu/cmu/tetradapp/editor/DirichletBayesImEditor.class
edu/cmu/tetradapp/editor/EdgeTypeTable.class
edu/cmu/tetradapp/editor/StandardSemImImpliedCovTable.class
edu/cmu/tetradapp/model/GeneralAlgorithmRunner.class
edu/cmu/tetradapp/editor/GraphToolbar$6.class
edu/cmu/tetradapp/editor/LoadKnowledgeAction.class
edu/cmu/tetradapp/editor/datamanip/ArResidualsParamsEditor$1.class
edu/cmu/tetradapp/editor/LofsSearchEditor$11.class
edu/cmu/tetradapp/editor/DoNotScroll.class
edu/cmu/tetradapp/model/GraphComparisonParams.class
edu/cmu/tetradapp/model/LofsRunner.class
edu/cmu/tetradapp/editor/DataEditor$12.class
edu/cmu/tetradapp/editor/GeneralAlgorithmEditor$DualButtonCard$SouthPanel.class
edu/cmu/tetradapp/editor/DirichletBayesImNodeProbsTable.class
edu/cmu/tetradapp/editor/IndependenceFactsEditor$8.class
edu/cmu/tetradapp/editor/DirichletBayesImNodeProbsTable$1.class
edu/cmu/tetradapp/editor/BayesPmParamsEditor$2.class
edu/cmu/tetradapp/editor/SemImParamsEditor$7.class
edu/cmu/tetradapp/editor/BayesUpdaterEditor.class
edu/cmu/tetradapp/editor/PcStableLocalSearchEditor$13.class
edu/cmu/tetradapp/editor/FciCcdSearchEditor$6.class
edu/cmu/tetradapp/util/IntTextField.class
edu/cmu/tetradapp/editor/UpdatedBayesImWizardObs$5.class
edu/cmu/tetradapp/editor/ClusterRenderer$DragDropList.class
edu/cmu/tetradapp/editor/MarkovBlanketSearchEditor$12.class
edu/cmu/tetradapp/app/SessionEditorToolbarHarry.class
edu/cmu/tetradapp/editor/UpdatedBayesImWizard.class
edu/cmu/tetradapp/editor/EvidenceEditorObs$5.class
edu/cmu/tetradapp/app/hpc/editor/HpcAccountEditor$8.class
edu/cmu/tetradapp/editor/EMBayesEstimatorEditorWizard.class
edu/cmu/tetradapp/editor/MarkovBlanketSearchEditor.class
edu/cmu/tetradapp/model/datamanip/TimeSeriesWrapper.class
edu/cmu/tetradapp/editor/PValueImproverEditor$5.class
edu/cmu/tetradapp/editor/StructEMBayesSearchEditorWizard.class
edu/cmu/tetradapp/model/IGesRunner.class
edu/cmu/tetradapp/model/FactorAnalysisRunner.class
edu/cmu/tetradapp/editor/SubsetContinuousVariablesAction.class
edu/cmu/tetradapp/editor/FgesSearchEditor$14.class
edu/cmu/tetradapp/util/CopyLayoutAction.class
edu/cmu/tetradapp/model/FgesMbRunner.class
edu/cmu/tetradapp/editor/StructEmBayesSearchEditor$1.class
edu/cmu/tetradapp/model/MeasurementModelWrapper.class
edu/cmu/tetradapp/editor/SemImEditor$ModelStatisticsPanel$1.class
edu/cmu/tetradapp/editor/LoadBayesImXsdlXmlAction.class
edu/cmu/tetradapp/editor/LogisticRegressionEditor.class
edu/cmu/tetradapp/model/AlgorithmRunner.class
edu/cmu/tetradapp/editor/FciCcdSearchEditor$1.class
edu/cmu/tetradapp/editor/HistogramView$HistogramController$4.class
edu/cmu/tetradapp/editor/SemPmGraphicalEditor$2.class
edu/cmu/tetradapp/app/hpc/task/HpcJobsScheduledTask.class
edu/cmu/tetradapp/editor/LoadDataDialog$1.class
edu/cmu/tetradapp/editor/search/AlgorithmCard$1.class
edu/cmu/tetradapp/workbench/ErrorDisplayComp.class
edu/cmu/tetradapp/editor/IonSearchEditor$7.class
edu/cmu/tetradapp/app/DefaultModelChooser$2.class
edu/cmu/tetradapp/editor/GeneralizedSemPmEditor$4$2.class
edu/cmu/tetradapp/editor/datamanip/RangeEditor$3.class
edu/cmu/tetradapp/model/JcpcRunner.class
edu/cmu/tetradapp/model/HasCalculatorParams.class
edu/cmu/tetradapp/model/BayesPmWrapper.class
edu/cmu/tetradapp/editor/GeneralizedSemImEditor$2.class
edu/cmu/tetradapp/workbench/AbstractWorkbench$ComponentHandler.class
edu/cmu/tetradapp/editor/RemoveMissingValueCasesAction.class
edu/cmu/tetradapp/util/DoubleTextField$Filter.class
edu/cmu/tetradapp/editor/GFciIndTestParamsEditor$6.class
edu/cmu/tetradapp/util/IntTextField$Filter.class
edu/cmu/tetradapp/app/SessionEditor$1.class
edu/cmu/tetradapp/model/BayesEstimatorWrapper.class
edu/cmu/tetradapp/editor/ScatterPlotEditorPanel$VariableBoxRenderer.class
edu/cmu/tetradapp/app/TetradApplicationConfig$DefaultModelConfig.class
edu/cmu/tetradapp/editor/HistogramView$HistogramController$1.class
edu/cmu/tetradapp/editor/datamanip/DiscreteDiscretizationEditor.class
edu/cmu/tetradapp/editor/UpdatedBayesImWizardObs$3.class
edu/cmu/tetradapp/editor/IonSearchEditor$9.class
edu/cmu/tetradapp/editor/UpdaterEditingTableObs$2.class
edu/cmu/tetradapp/util/LoggingMenu$1.class
edu/cmu/tetradapp/editor/GFciIndTestParamsEditor$8.class
edu/cmu/tetradapp/editor/GraphToolbar$1.class
edu/cmu/tetradapp/editor/HistogramAction.class
edu/cmu/tetradapp/editor/SemImEditor$SemImGraphicalEditor$NodeMouseListener.class
edu/cmu/tetradapp/editor/DoNothingEditor.class
edu/cmu/tetradapp/editor/SemPmGraphicalEditor$4.class
edu/cmu/tetradapp/editor/BayesImEditorWizardObs.class
edu/cmu/tetradapp/editor/DataEditor$10.class
edu/cmu/tetradapp/editor/FtfcIndTestParamsEditor$2.class
edu/cmu/tetradapp/editor/PValueImproverEditor$2.class
edu/cmu/tetradapp/editor/AbstractSearchEditor$2.class
edu/cmu/tetradapp/editor/UpdaterEditingTableObs$1.class
edu/cmu/tetradapp/editor/IonSearchEditor.class
edu/cmu/tetradapp/model/SessionNodeWrapper.class
edu/cmu/tetradapp/util/StringTextField$2.class
edu/cmu/tetradapp/editor/FciSearchParamEditor$2.class
edu/cmu/tetradapp/editor/MbPatternDisplay$1.class
edu/cmu/tetradapp/editor/QQPlot.class
edu/cmu/tetradapp/editor/ExpressionEditor.class
edu/cmu/tetradapp/editor/PValueImproverEditor$3.class
edu/cmu/tetradapp/util/LoggingMenu$3.class
edu/cmu/tetradapp/knowledge_editor/KnowledgeGraph.class
edu/cmu/tetradapp/model/GeneralizedSemPmWrapper.class
edu/cmu/tetradapp/editor/ClusterRenderer.class
edu/cmu/tetradapp/editor/PValueImproverEditor$10.class
edu/cmu/tetradapp/app/TetradDesktop$PositionListener.class
edu/cmu/tetradapp/editor/PatternFitEditor.class
edu/cmu/tetradapp/editor/FciSearchParamEditor$1.class
edu/cmu/tetradapp/util/StringTextField$1.class
edu/cmu/tetradapp/editor/IndependenceFactsAction$Result.class
edu/cmu/tetradapp/editor/DataModelContainer.class
edu/cmu/tetradapp/app/hpc/editor/HpcJobInfoTableModel.class
edu/cmu/tetradapp/editor/GraphToolbar$3.class
edu/cmu/tetradapp/editor/RandomGraphEditor.class
edu/cmu/tetradapp/editor/AbstractSearchEditor$3.class
edu/cmu/tetradapp/editor/GraphPropertiesAction.class
edu/cmu/tetradapp/util/LoggingMenu$LoggingMenuListener.class
edu/cmu/tetradapp/workbench/DisplayEdge$1.class
edu/cmu/tetradapp/editor/FciCcdSearchEditor$3.class
edu/cmu/tetradapp/model/datamanip/SimulateFromCovWrapper.class
edu/cmu/tetradapp/model/datamanip/MeanInterpolatorWrapper.class
edu/cmu/tetradapp/model/SessionAppModule.class
edu/cmu/tetradapp/editor/GraphToolbar$4.class
edu/cmu/tetradapp/editor/MissingDataInjectorParamsEditor.class
edu/cmu/tetradapp/app/hpc/editor/HpcAccountEditor.class
edu/cmu/tetradapp/editor/TreksAction.class
edu/cmu/tetradapp/editor/GFciIndTestParamsEditor$5.class
edu/cmu/tetradapp/editor/IndependenceFactsEditor$10.class
edu/cmu/tetradapp/Tetrad$2.class
edu/cmu/tetradapp/editor/FciCcdSearchEditor$2.class
edu/cmu/tetradapp/editor/LogisticRegressionParamsEditor.class
edu/cmu/tetradapp/editor/CopyKnowledgeAction.class
edu/cmu/tetradapp/editor/MbSearchEditor$1.class
edu/cmu/tetradapp/util/DoubleTextField$2.class
edu/cmu/tetradapp/editor/SemPmGraphicalEditor$1.class
edu/cmu/tetradapp/editor/SemEvidenceWizardSingle$1.class
edu/cmu/tetradapp/editor/GFciIndTestParamsEditor$4.class
edu/cmu/tetradapp/editor/SelectInterventionalAction.class
edu/cmu/tetradapp/app/LoadSessionAction$DecompressibleInputStream.class
edu/cmu/tetradapp/editor/SemGraphEditor.class
edu/cmu/tetradapp/editor/UpdatedBayesImWizardObs$7.class
edu/cmu/tetradapp/editor/DirichletBayesImNodeCountsTable.class
edu/cmu/tetradapp/util/DoubleTextField$1.class
edu/cmu/tetradapp/editor/SemImEditor$ImpliedMatricesPanel.class
edu/cmu/tetradapp/editor/ConvertToCovMatixAction.class
edu/cmu/tetradapp/editor/MbSearchEditor$2.class
edu/cmu/tetradapp/editor/RegressionParamsPanel$1.class
edu/cmu/tetradapp/editor/search/ParameterCard.class
edu/cmu/tetradapp/model/datamanip/FirstDifferencesWrapper.class
edu/cmu/tetradapp/editor/GeneralizedSemPmParamsEditor.class
edu/cmu/tetradapp/editor/PatternDisplay.class
edu/cmu/tetradapp/workbench/GraphNodeMeasured$1.class
edu/cmu/tetradapp/workbench/GraphNodeMeasured.class
edu/cmu/tetradapp/app/hpc/task/HpcJobPreProcessTask.class
edu/cmu/tetradapp/editor/GFciIndTestParamsEditor$3.class
edu/cmu/tetradapp/model/SemSimulationParams.class
edu/cmu/tetradapp/editor/GeneralizedSemPmParamsEditor$2.class
edu/cmu/tetradapp/editor/SplitByCollinearColumnsAction$CollinearityChooser.class
edu/cmu/tetradapp/Tetrad$1.class
edu/cmu/tetradapp/workbench/AbstractWorkbench$MouseHandler.class
edu/cmu/tetradapp/editor/FgesSearchEditor$12.class
edu/cmu/tetradapp/editor/SemPmGraphicalEditor$EdgeMouseListener.class
edu/cmu/tetradapp/editor/HistogramView$HistogramController$ConditioningPanel.class
edu/cmu/tetradapp/editor/PValueImproverEditor$7.class
edu/cmu/tetradapp/ui/model/AlgorithmModels.class
edu/cmu/tetradapp/editor/EvidenceWizardSingle.class
edu/cmu/tetradapp/editor/PurifyIndTestParamsEditor.class
edu/cmu/tetradapp/model/CalculatorWrapper.class
edu/cmu/tetradapp/editor/ExpressionEditor$1.class
edu/cmu/tetradapp/editor/LoadDataAction.class
edu/cmu/tetradapp/app/CopySubsessionAction.class
edu/cmu/tetradapp/model/datamanip/ConcatenateDatasetsWrapper.class
edu/cmu/tetradapp/model/ReplaceMissingWithRandomWrapper.class
edu/cmu/tetradapp/model/BuildPureClustersRunner.class
edu/cmu/tetradapp/model/KnowledgeWrapper.class
edu/cmu/tetradapp/editor/FciCcdSearchEditor$5.class
edu/cmu/tetradapp/editor/TestHistogram.class
edu/cmu/tetradapp/editor/RegressionEditor$TextWithTable$2.class
edu/cmu/tetradapp/editor/IndependenceFactsAction$Result$Type.class
edu/cmu/tetradapp/editor/datamanip/ContinuousDiscretizationEditor.class
edu/cmu/tetradapp/util/SessionEditorIndirectRef.class
edu/cmu/tetradapp/editor/PValueImproverEditor$8.class
edu/cmu/tetradapp/editor/GraphToolbar$7.class
edu/cmu/tetradapp/editor/FgesSearchEditor$10.class
edu/cmu/tetradapp/editor/GFciIndTestParamsEditor$1.class
edu/cmu/tetradapp/model/LogisticRegressionRunner.class
edu/cmu/tetradapp/model/CcdRunner2.class
edu/cmu/tetradapp/app/LoadSessionAction.class
edu/cmu/tetradapp/editor/UpdatedSemImWizard.class
edu/cmu/tetradapp/editor/PValueImproverEditor$9.class
edu/cmu/tetradapp/editor/EmBayesEstimatorEditor.class
edu/cmu/tetradapp/editor/MbSearchEditor$3.class
edu/cmu/tetradapp/editor/BayesEstimatorEditor.class
edu/cmu/tetradapp/editor/BayesImEditorObs$2.class
edu/cmu/tetradapp/editor/CalculatorAction$1.class
edu/cmu/tetradapp/editor/FciCcdSearchEditor$4.class
edu/cmu/tetradapp/knowledge_editor/KnowledgeEditorToolbar$ButtonInfo.class
edu/cmu/tetradapp/editor/TimeSeriesDataDisplay.class
edu/cmu/tetradapp/editor/GraphToolbar$8.class
edu/cmu/tetradapp/knowledge_editor/KnowledgeDisplayEdge.class
edu/cmu/tetradapp/editor/FgesSearchEditor$11.class
edu/cmu/tetradapp/model/GraphSource.class
edu/cmu/tetradapp/editor/BayesImEditorObs$1.class
edu/cmu/tetradapp/editor/DirichletBayesImNodeCountsTable$1.class
edu/cmu/tetradapp/app/hpc/editor/HpcAccountEditor$2.class
edu/cmu/tetradapp/editor/EdgewiseComparisonParamsEditor$3.class
edu/cmu/tetradapp/editor/GraphSelectionEditor$GraphEditorOptionsPanel.class
edu/cmu/tetradapp/util/DesktopControllable.class
edu/cmu/tetradapp/editor/PathsAction$2.class
edu/cmu/tetradapp/model/CorrMatrixConverter.class
edu/cmu/tetradapp/model/ExtractMarkovBlanketWrapper.class
edu/cmu/tetradapp/editor/GeneralizedTemplateEditor.class
edu/cmu/tetradapp/editor/Tier.class
edu/cmu/tetradapp/model/datamanip/CovMatrixSumWrapper.class
edu/cmu/tetradapp/workbench/LayoutUtils$10.class
edu/cmu/tetradapp/editor/RegressionEditor$TextWithTable$1.class
edu/cmu/tetradapp/editor/PathsAction$7.class
edu/cmu/tetradapp/editor/FofcSearchEditor$1.class
edu/cmu/tetradapp/app/hpc/manager/HpcAccountService.class
edu/cmu/tetradapp/editor/datamanip/DeterminismEditor.class
edu/cmu/tetradapp/editor/MbPatternDisplay$2$2.class
edu/cmu/tetradapp/editor/IndTestMenuItems$16.class
edu/cmu/tetradapp/editor/GraphEditor.class
edu/cmu/tetradapp/editor/BayesUpdaterEditor$1.class
edu/cmu/tetradapp/workbench/GraphNodeLocked.class
edu/cmu/tetradapp/editor/DirichletBayesImNodeCountsTable$6.class
edu/cmu/tetradapp/editor/BuildPureClustersIndTestParamsEditor2$1.class
edu/cmu/tetradapp/workbench/LayoutMenu$5.class
edu/cmu/tetradapp/editor/GeneralizedExpressionParameterizer.class
edu/cmu/tetradapp/editor/DataCellEditor$1.class
edu/cmu/tetradapp/editor/LofsSearchEditorNew$9.class
edu/cmu/tetradapp/editor/BayesEstimatorNodeEditingTable.class
edu/cmu/tetradapp/editor/ParameterPanel.class
edu/cmu/tetradapp/editor/PcStableLocalSearchEditor$12.class
edu/cmu/tetradapp/util/EditorWindowIndirectRef.class
edu/cmu/tetradapp/app/WindowMenuListener.class
edu/cmu/tetradapp/editor/ExpressionEditor$PositionsFocusListener.class
edu/cmu/tetradapp/editor/IndependenceFactsEditor$11.class
edu/cmu/tetradapp/editor/SaveGraph.class
edu/cmu/tetradapp/editor/BayesEstimatorEditorWizard.class
edu/cmu/tetradapp/util/StringTextField$Filter.class
edu/cmu/tetradapp/editor/BayesImNodeEditingTable$Model.class
edu/cmu/tetradapp/editor/GraphSelectionEditor$GraphEditorOptionsPanel$VariableManipulationPanel.class
edu/cmu/tetradapp/editor/GraphSelectionEditor$GraphEditorOptionsPanel$ListTransferable.class
edu/cmu/tetradapp/editor/IndTestMenuItems$11.class
edu/cmu/tetradapp/editor/BayesPmParamsEditor$3.class
edu/cmu/tetradapp/editor/FciIndTestParamsEditorOld$1.class
edu/cmu/tetradapp/editor/UpdatedSemImWizard$3.class
edu/cmu/tetradapp/editor/SemPmGraphicalEditor$ParameterEditor$3.class
edu/cmu/tetradapp/editor/CovMatrixJTable$3.class
edu/cmu/tetradapp/editor/NoteEditor.class
edu/cmu/tetradapp/editor/MarkovBlanketSearchEditor$7.class
edu/cmu/tetradapp/editor/GraphEditor$1.class
edu/cmu/tetradapp/editor/FofcIndTestParamsEditor$2.class
edu/cmu/tetradapp/editor/AbstractSearchEditor$1.class
edu/cmu/tetradapp/editor/MimSearchEditor$2.class
edu/cmu/tetradapp/editor/HasModelParameters.class
edu/cmu/tetradapp/model/TsFciRunner.class
edu/cmu/tetradapp/editor/FofcSearchEditor$4$1.class
edu/cmu/tetradapp/model/datamanip/CovMatrixWrapper.class
edu/cmu/tetradapp/editor/SemPmEditor$2.class
edu/cmu/tetradapp/editor/datamanip/DiscretizationParamsEditor$2.class
edu/cmu/tetradapp/editor/UpdatedBayesImWizardObs$4.class
edu/cmu/tetradapp/editor/GraphSelectionEditor$GraphEditorOptionsPanel$TargetListener.class
edu/cmu/tetradapp/editor/FgesDisplay$2.class
edu/cmu/tetradapp/editor/GeneralizedSemPmEditor$2.class
edu/cmu/tetradapp/app/FontSelectionAction$4.class
edu/cmu/tetradapp/editor/UpdaterEditingTableModel.class
edu/cmu/tetradapp/editor/RegressionParamsEditorPanel$TargetListener.class
edu/cmu/tetradapp/editor/PcLocalIndTestParamsEditor$1.class
edu/cmu/tetradapp/editor/DirichletBayesImNodeProbsTable$10.class
edu/cmu/tetradapp/editor/MimSearchEditor$5$1.class
edu/cmu/tetradapp/editor/MarkovBlanketSearchEditor$2.class
edu/cmu/tetradapp/editor/MimbuildEditor$6.class
edu/cmu/tetradapp/editor/PValueImproverEditor$11.class
edu/cmu/tetradapp/app/TetradLogArea$2.class
edu/cmu/tetradapp/editor/BayesEstimatorNodeEditingTable$Model.class
edu/cmu/tetradapp/editor/IndependenceFactsAction$4.class
edu/cmu/tetradapp/Tetrad.class
edu/cmu/tetradapp/model/GraphSettable.class
edu/cmu/tetradapp/workbench/PngWriter.class
edu/cmu/tetradapp/editor/NumberCellEditor$1.class
edu/cmu/tetradapp/editor/DataEditor$11.class
edu/cmu/tetradapp/editor/FtfcIndTestParamsEditor$1.class
edu/cmu/tetradapp/editor/SaveScreenshot.class
edu/cmu/tetradapp/model/BootstrapSamplerWrapper.class
edu/cmu/tetradapp/editor/EvidenceWizardSingleObs.class
edu/cmu/tetradapp/editor/ClusterEditor$ListSelection.class
edu/cmu/tetradapp/model/datamanip/RemoveMissingCasesDataFilter.class
edu/cmu/tetradapp/model/IFgesRunner.class
edu/cmu/tetradapp/app/SetupLoggingAction$3.class
edu/cmu/tetradapp/editor/LofsSearchEditorNew$11.class
edu/cmu/tetradapp/app/SessionNodeConfig.class
edu/cmu/tetradapp/model/StandardizedSemImWrapper.class
edu/cmu/tetradapp/model/datamanip/PermuteRowsWrapper.class
edu/cmu/tetradapp/editor/IndTestParamsEditor$2.class
edu/cmu/tetradapp/editor/HistogramView$HistogramPanel.class
edu/cmu/tetradapp/editor/SemGraphToolbar$4.class
edu/cmu/tetradapp/editor/BayesEstimatorEditor$2.class
edu/cmu/tetradapp/editor/CovMatrixDisplay.class
edu/cmu/tetradapp/editor/HistogramView$HistogramController$3.class
edu/cmu/tetradapp/editor/FgesIndTestParamsEditor$6.class
edu/cmu/tetradapp/model/RestrictToGraphNodes.class
edu/cmu/tetradapp/editor/SemImEditor$SemImGraphicalEditor$EdgeActionListener.class
edu/cmu/tetradapp/model/MimBuildTrekRunner.class
edu/cmu/tetradapp/editor/RegressionParamsPanel$ArrowButton.class
edu/cmu/tetradapp/model/CptInvariantUpdaterWrapper.class
edu/cmu/tetradapp/editor/RandomGraphEditor$7.class
edu/cmu/tetradapp/app/SessionEditorWorkbench$3.class
edu/cmu/tetradapp/editor/BayesImNodeEditingTable$7.class
edu/cmu/tetradapp/editor/GeneralizedExpressionEditor$4.class
edu/cmu/tetradapp/editor/datamanip/BoxCoxParamsEditor.class
edu/cmu/tetradapp/editor/StandardizedSemImEditor$1.class
edu/cmu/tetradapp/model/YeastPcCcdSearchWrapper.class
edu/cmu/tetradapp/util/SplashScreen$SplashWindow.class
edu/cmu/tetradapp/editor/PcGesSearchEditor$6.class
edu/cmu/tetradapp/editor/SemImParamsEditor$4.class
edu/cmu/tetradapp/model/AllEdgesUndirectedWrapper.class
edu/cmu/tetradapp/editor/LoadDataSettings$4.class
edu/cmu/tetradapp/editor/ScatterPlotView$ScatterPlotController$2.class
edu/cmu/tetradapp/editor/LingDisplay$3.class
edu/cmu/tetradapp/editor/GeneralizedSemImEditor$3.class
edu/cmu/tetradapp/editor/MimBuildIndTestParamsEditor$1.class
edu/cmu/tetradapp/editor/FciIndTestParamsEditor$1.class
edu/cmu/tetradapp/editor/CalculatorEditor$6.class
edu/cmu/tetradapp/model/RegressionRunner.class
edu/cmu/tetradapp/editor/SplitCasesParamsEditor$2.class
edu/cmu/tetradapp/editor/BayesUpdaterEditorObs$8.class
edu/cmu/tetradapp/editor/datamanip/TimeSeriesParamsEditor.class
edu/cmu/tetradapp/editor/EvidenceWizardMultiple$1$1.class
edu/cmu/tetradapp/model/datamanip/DeterminismWraper.class
edu/cmu/tetradapp/workbench/DisplayComp.class
edu/cmu/tetradapp/editor/DataDisplay.class
edu/cmu/tetradapp/editor/GeneralizedSemEstimatorEditor$2.class
edu/cmu/tetradapp/editor/ClusterEditor$DragDropList$1.class
edu/cmu/tetradapp/editor/PcGesSearchEditor$1.class
edu/cmu/tetradapp/editor/IonSearchEditor$6.class
edu/cmu/tetradapp/editor/UpdatedBayesImWizard$3.class
edu/cmu/tetradapp/editor/BayesImNodeEditingTable$2.class
edu/cmu/tetradapp/app/SessionEditorEdge$Circle.class
edu/cmu/tetradapp/model/ImagesRunner.class
edu/cmu/tetradapp/app/NumberFormatAction$6.class
edu/cmu/tetradapp/editor/UpdaterEditingTable$2.class
edu/cmu/tetradapp/editor/PcStableLocalSearchEditor$4$1.class
edu/cmu/tetradapp/editor/SearchParamEditor$2.class
edu/cmu/tetradapp/editor/RandomGraphEditor$2.class
edu/cmu/tetradapp/editor/search/AlgorithmCard$TestAndScorePanel.class
edu/cmu/tetradapp/editor/PatternDisplay$2.class
edu/cmu/tetradapp/editor/EvidenceWizardMultiple.class
edu/cmu/tetradapp/editor/KnowledgeLoaderWizard$2.class
edu/cmu/tetradapp/model/datamanip/ConvertNumericalDiscreteToContinuousWrapper.class
edu/cmu/tetradapp/model/SemGraphWrapper.class
edu/cmu/tetradapp/editor/EvidenceEditor$4.class
edu/cmu/tetradapp/editor/RegressionEditor$TextWithTable.class
edu/cmu/tetradapp/editor/FciIndTestParamsEditor$6.class
edu/cmu/tetradapp/editor/BuildPureClustersIndTestParamsEditor$1.class
edu/cmu/tetradapp/workbench/LayoutUtils$8.class
edu/cmu/tetradapp/editor/LofsSearchEditor$6.class
edu/cmu/tetradapp/editor/MarkovBlanketSearchEditor$10.class
edu/cmu/tetradapp/ui/tool/SessionFileTransferHandler.class
edu/cmu/tetradapp/util/BrainSpecial$Coord.class
edu/cmu/tetradapp/editor/ClusterRenderer$ListSelection.class
edu/cmu/tetradapp/editor/MbSearchParamEditor.class
edu/cmu/tetradapp/app/hpc/action/HpcAccountSelectionAction.class
edu/cmu/tetradapp/editor/HistogramView$ContinuousInquiryPanel$3.class
edu/cmu/tetradapp/editor/datamanip/ShiftDataParamsEditor$7.class
edu/cmu/tetradapp/editor/PcIndTestParamsEditor$1.class
edu/cmu/tetradapp/model/FciRunner.class
edu/cmu/tetradapp/editor/DirichletBayesImNodeProbsTable$3.class
edu/cmu/tetradapp/editor/DirichletBayesImParamsEditor$1.class
edu/cmu/tetradapp/editor/BayesImNodeEditingTableObs$5.class
edu/cmu/tetradapp/editor/HistogramView$HistogramController$1$1.class
edu/cmu/tetradapp/editor/PathsAction.class
edu/cmu/tetradapp/editor/HistogramView$DiscreteInquiryPanel.class
edu/cmu/tetradapp/editor/GeneralizedSemPmGraphicalEditor.class
edu/cmu/tetradapp/editor/MimSearchEditor2.class
edu/cmu/tetradapp/editor/TimeSeriesDataDisplayTable.class
edu/cmu/tetradapp/model/IndependenceResult.class
edu/cmu/tetradapp/model/SemUpdaterWrapper.class
edu/cmu/tetradapp/editor/NormalityTestAction.class
edu/cmu/tetradapp/editor/IonSearchEditor$1.class
edu/cmu/tetradapp/model/PValueImproverWrapper$AlgorithmType.class
edu/cmu/tetradapp/editor/BayesPmEditorWizard$1.class
edu/cmu/tetradapp/util/FileLoadingUtils.class
edu/cmu/tetradapp/editor/EditorWindow$1.class
edu/cmu/tetradapp/editor/LogParamsEditor$3.class
edu/cmu/tetradapp/editor/FgesIndTestParamsEditor$1.class
edu/cmu/tetradapp/app/AboutTetradAction.class
edu/cmu/tetradapp/workbench/LayoutUtils$3.class
edu/cmu/tetradapp/editor/ParameterPanel$2.class
edu/cmu/tetradapp/editor/LofsSearchEditor$1.class
edu/cmu/tetradapp/editor/ParameterPanel$5.class
edu/cmu/tetradapp/model/FasRunner.class
edu/cmu/tetradapp/editor/DiscDetIndepParamsEditor$2.class
edu/cmu/tetradapp/editor/SearchParamEditor.class
edu/cmu/tetradapp/editor/RegressionParamsEditorPanel.class
edu/cmu/tetradapp/editor/DataEditor$2.class
edu/cmu/tetradapp/editor/DirichletBayesImNodeProbsTable$8.class
edu/cmu/tetradapp/editor/datamanip/DiscretizationParamsEditor$VariableSelectionEditor.class
edu/cmu/tetradapp/editor/LogisticRegressionParamsPanel$1.class
edu/cmu/tetradapp/editor/EvidenceEditorObs$2.class
edu/cmu/tetradapp/editor/ScatterPlotDisplayPanelOld.class
edu/cmu/tetradapp/editor/BayesDataParamsEditor$3.class
edu/cmu/tetradapp/editor/SemImEditor$SemImTabularEditor$1.class
edu/cmu/tetradapp/editor/PcGesSearchEditor$10.class
edu/cmu/tetradapp/editor/BayesPmEditor.class
edu/cmu/tetradapp/editor/CovMatrixDisplay$2.class
edu/cmu/tetradapp/editor/GeneralAlgorithmEditor.class
edu/cmu/tetradapp/editor/LogisticRegressionParamsPanel.class
edu/cmu/tetradapp/model/GrowShrinkRunner.class
edu/cmu/tetradapp/app/hpc/editor/HpcAccountEditor$7.class
edu/cmu/tetradapp/util/TextAreaFifo$1.class
edu/cmu/tetradapp/editor/datamanip/DiscreteDiscretizationEditor$BigLabel.class
edu/cmu/tetradapp/workbench/LayoutUtils$5.class
edu/cmu/tetradapp/editor/search/AlgorithmCard$AlgorithmListPanel.class
edu/cmu/tetradapp/editor/RegressionEditor$2.class
edu/cmu/tetradapp/editor/GeneralizedSemPmEditor$7.class
edu/cmu/tetradapp/editor/DirichletBayesImNodeProbsTable$6.class
edu/cmu/tetradapp/editor/HistogramView$HistogramController.class
edu/cmu/tetradapp/editor/MimSearchEditor.class
edu/cmu/tetradapp/app/SessionEditorToolbar.class
edu/cmu/tetradapp/editor/IndependenceFactsAction$9.class
edu/cmu/tetradapp/editor/BayesImNodeEditingTableObs$2.class
edu/cmu/tetradapp/editor/datamanip/TimeSeriesParamsEditor$1.class
edu/cmu/tetradapp/editor/ScatterPlotView$ScatterPlotController$ConditioningPanel.class
edu/cmu/tetradapp/editor/DirichletBayesImParamsEditor.class
edu/cmu/tetradapp/editor/IndependenceFactsEditor$6.class
edu/cmu/tetradapp/editor/BayesUpdaterEditorObs$3.class
edu/cmu/tetradapp/editor/PcGesSearchEditor$3.class
edu/cmu/tetradapp/editor/DirichletBayesImEditor$3.class
edu/cmu/tetradapp/app/hpc/action/KillHpcJobAction.class
edu/cmu/tetradapp/editor/UpdatedBayesImWizardObs.class
edu/cmu/tetradapp/util/IonInput.class
edu/cmu/tetradapp/model/PurifyRunner.class
edu/cmu/tetradapp/model/datamanip/InvertCovMatrixWrapper.class
edu/cmu/tetradapp/editor/ScatterPlotDisplayPanelOld$MouseMovementListener.class
edu/cmu/tetradapp/util/SessionWrapperIndirectRef.class
edu/cmu/tetradapp/editor/SemImEditor$SemImGraphicalEditor$3.class
edu/cmu/tetradapp/editor/SplitCasesParamsEditor$SplitEditor$1.class
edu/cmu/tetradapp/editor/BootstrapSamplerParamsEditor.class
edu/cmu/tetradapp/model/VcpcRunner.class
edu/cmu/tetradapp/editor/GraphParamsEditor.class
edu/cmu/tetradapp/editor/StandardizedSemImGraphicalEditor$2.class
edu/cmu/tetradapp/editor/LoadDataSettings$1.class
edu/cmu/tetradapp/editor/datamanip/ContinuousDiscretizationEditor$MyFilter.class
edu/cmu/tetradapp/editor/GraphSelectionEditor$1$1.class
edu/cmu/tetradapp/editor/SimulationEditor.class
edu/cmu/tetradapp/editor/LingDisplay$1.class
edu/cmu/tetradapp/editor/SemImParamsEditor.class
edu/cmu/tetradapp/editor/FgesSearchEditor$1.class
edu/cmu/tetradapp/editor/GeneralizedExpressionEditor$1.class
edu/cmu/tetradapp/workbench/TimeLagGraphWorkbench.class
edu/cmu/tetradapp/editor/EvidenceEditorObs.class
edu/cmu/tetradapp/editor/GeneralizedSemImListEditor$1.class
edu/cmu/tetradapp/editor/BayesEstimatorNodeEditingTable$3.class
edu/cmu/tetradapp/workbench/GraphWorkbench$1.class
edu/cmu/tetradapp/knowledge_editor/KnowledgeBoxEditor.class
edu/cmu/tetradapp/model/LingamPatternRunner.class
edu/cmu/tetradapp/app/TetradMenuBar$LoggingMenuListener$1.class
edu/cmu/tetradapp/editor/ScatterPlotEditorPanel.class
edu/cmu/tetradapp/editor/DataEditor$5.class
edu/cmu/tetradapp/editor/IndependenceFactsEditor$3.class
edu/cmu/tetradapp/knowledge_editor/KnowledgeBoxEditor$DragDropList$1.class
edu/cmu/tetradapp/util/ParameterComponents.class
edu/cmu/tetradapp/editor/PcStableLocalSearchEditor$7.class
edu/cmu/tetradapp/editor/LingSearchEditor$4.class
edu/cmu/tetradapp/editor/StandardizedSemImGraphicalEditor$7.class
edu/cmu/tetradapp/editor/BayesEstimatorNodeEditingTable$8.class
edu/cmu/tetradapp/editor/datamanip/DiscretizationParamsEditor$VariableSelectionEditor$1.class
edu/cmu/tetradapp/editor/FgesSearchEditor$6.class
edu/cmu/tetradapp/editor/IndTestMenuItems$8.class
edu/cmu/tetradapp/editor/datamanip/ContinuousDiscretizationEditor$Method.class
edu/cmu/tetradapp/editor/NormalityTestEditorPanel.class
edu/cmu/tetradapp/knowledge_editor/IndependenceFactsEditor$1.class
edu/cmu/tetradapp/editor/ScatterPlotView$ScatterPlotController.class
edu/cmu/tetradapp/editor/UpdaterEditingTableModelObs.class
edu/cmu/tetradapp/editor/ScatterPlotView$ContinuousInquiryPanel$3.class
edu/cmu/tetradapp/editor/Sem2DataParamsEditor$1.class
edu/cmu/tetradapp/editor/SemImParamsEditor$2.class
edu/cmu/tetradapp/model/MultipleGraphSource.class
edu/cmu/tetradapp/editor/IonSearchEditor$8$1.class
edu/cmu/tetradapp/app/CutSubsessionAction.class
edu/cmu/tetradapp/editor/PurifyParamsEditor$1.class
edu/cmu/tetradapp/util/WatchedProcess$2.class
edu/cmu/tetradapp/util/GraphHistory.class
edu/cmu/tetradapp/editor/PcStableLocalSearchEditor$5.class
edu/cmu/tetradapp/editor/GeneralizedSemPmGraphicalEditor$NodeMouseListener.class
edu/cmu/tetradapp/util/IntSpinner$2.class
edu/cmu/tetradapp/editor/LingSearchEditor$2.class
edu/cmu/tetradapp/editor/LofsSearchEditor$9.class
edu/cmu/tetradapp/editor/LoadGraphTxt.class
edu/cmu/tetradapp/editor/PcStableLocalSearchEditor$2.class
edu/cmu/tetradapp/model/SampleVcpcRunner.class
edu/cmu/tetradapp/model/CaseExpanderWrapper.class
edu/cmu/tetradapp/editor/search/AlgorithmCard$AlgorithmFilterPanel.class
edu/cmu/tetradapp/editor/datamanip/ShiftDataParamsEditor$2.class
edu/cmu/tetradapp/app/LicenseAction.class
edu/cmu/tetradapp/app/SessionEditorNode$7.class
edu/cmu/tetradapp/app/hpc/action/HpcAccountSettingAction$2.class
edu/cmu/tetradapp/editor/IndependenceFactsEditor$1.class
edu/cmu/tetradapp/editor/ScatterPlotView$1.class
edu/cmu/tetradapp/editor/FgesSearchEditor$8.class
edu/cmu/tetradapp/app/NumberFormatAction$3.class
edu/cmu/tetradapp/knowledge_editor/IndependenceFactsEditor$3.class
edu/cmu/tetradapp/editor/StructEmBayesSearchEditor.class
edu/cmu/tetradapp/editor/SplitCasesParamsEditor$SplitEditor$3.class
edu/cmu/tetradapp/model/GeneralizedSemEstimatorWrapper.class
edu/cmu/tetradapp/editor/MimSearchEditor$4.class
edu/cmu/tetradapp/model/DagWrapper.class
edu/cmu/tetradapp/app/hpc/action/HpcAccountSettingAction.class
edu/cmu/tetradapp/editor/CalculatorEditor$3.class
edu/cmu/tetradapp/editor/SemEstimatorEditor.class
edu/cmu/tetradapp/editor/SemImEditor$SemImGraphicalEditor$5.class
edu/cmu/tetradapp/workbench/DisplayEdge.class
edu/cmu/tetradapp/editor/SemUpdaterEditor.class
edu/cmu/tetradapp/editor/ExtraCategoryAction.class
edu/cmu/tetradapp/editor/IndTestTypeSetter.class
edu/cmu/tetradapp/editor/datamanip/ShiftDataParamsEditor$4.class
edu/cmu/tetradapp/editor/MbSearchParamEditor$1.class
edu/cmu/tetradapp/editor/PcSearchParamEditor.class
edu/cmu/tetradapp/editor/ScatterPlotView$ContinuousInquiryPanel$6.class
edu/cmu/tetradapp/editor/DirichletBayesImNodeCountsTable$9.class
edu/cmu/tetradapp/app/TetradLogArea$4.class
edu/cmu/tetradapp/editor/DataEditor$7.class
edu/cmu/tetradapp/app/SessionNodeModelConfig.class
edu/cmu/tetradapp/editor/QQPlotAction$QQPlotListener.class
edu/cmu/tetradapp/editor/SemDataParamsEditor$2.class
edu/cmu/tetradapp/model/datamanip/CovMatrixDifferenceWrapper.class
edu/cmu/tetradapp/editor/LofsSearchEditorNew$13.class
edu/cmu/tetradapp/editor/TabularDataJTable$2.class
edu/cmu/tetradapp/app/SessionEditorNode.class
edu/cmu/tetradapp/app/hpc/editor/HpcJobActivityEditor$HpcAccountSelectionAction.class
edu/cmu/tetradapp/editor/UpdatedSemImWizard$5.class
edu/cmu/tetradapp/app/SessionEditorNode$5.class
edu/cmu/tetradapp/model/LingamRunner.class
edu/cmu/tetradapp/editor/HistogramView$ContinuousInquiryPanel.class
edu/cmu/tetradapp/editor/RowNumberRenderer2.class
edu/cmu/tetradapp/app/NumberFormatAction$1.class
edu/cmu/tetradapp/editor/MisclassificationsEditor.class
edu/cmu/tetradapp/knowledge_editor/KnowledgeModelNode.class
edu/cmu/tetradapp/editor/FciIndTestParamsEditor.class
edu/cmu/tetradapp/model/RowSummingExactWrapper.class
edu/cmu/tetradapp/editor/IndTestMenuItems$6.class
edu/cmu/tetradapp/editor/BayesUpdaterEditor$4.class
edu/cmu/tetradapp/model/DataWrapper.class
edu/cmu/tetradapp/workbench/LayoutMenu$2.class
edu/cmu/tetradapp/editor/SemPmGraphicalEditor$ParameterEditor$5.class
edu/cmu/tetradapp/editor/BayesImNodeEditingTableObs$Model.class
edu/cmu/tetradapp/editor/BayesEstimatorNodeEditingTable$6.class
edu/cmu/tetradapp/editor/SemEvidenceWizardMultiple$1.class
edu/cmu/tetradapp/editor/search/AlgorithmCard$DescriptionPanel.class
edu/cmu/tetradapp/editor/MimSearchEditor2$6.class
edu/cmu/tetradapp/editor/MbSearchParamEditor$4.class
edu/cmu/tetradapp/editor/StructEMBayesSearchEditorWizard$3.class
edu/cmu/tetradapp/editor/FciCcdSearchEditor.class
edu/cmu/tetradapp/editor/EvidenceWizardMultiple$1.class
edu/cmu/tetradapp/model/ParameterSaver.class
edu/cmu/tetradapp/editor/BayesUpdaterEditor$3.class
edu/cmu/tetradapp/editor/CalculatorEditor$Renderer.class
edu/cmu/tetradapp/editor/FofcSearchEditor.class
edu/cmu/tetradapp/editor/SemGraphToolbar$1.class
edu/cmu/tetradapp/editor/BayesUpdaterClassifierEditor$2.class
edu/cmu/tetradapp/editor/datamanip/DiscretizationParamsEditor$VariableListModel.class
edu/cmu/tetradapp/editor/EdgewiseComparisonParamsEditor$1.class
edu/cmu/tetradapp/workbench/LayoutMenu$11.class
edu/cmu/tetradapp/ui/model/ScoreModel.class
edu/cmu/tetradapp/editor/RocPlot.class
edu/cmu/tetradapp/ui/DualListPanel.class
edu/cmu/tetradapp/editor/SemGraphEditor$2.class
edu/cmu/tetradapp/editor/DagEditor.class
edu/cmu/tetradapp/editor/BayesEstimatorNodeEditingTable$1.class
edu/cmu/tetradapp/editor/GeneralizedTemplateEditor$6.class
edu/cmu/tetradapp/editor/SemGraphToolbar$2.class
edu/cmu/tetradapp/editor/MissingDataInjectorParamsEditor$1.class
edu/cmu/tetradapp/editor/DataEditor.class
edu/cmu/tetradapp/editor/CalculatorEditor$1.class
edu/cmu/tetradapp/editor/IndTestMenuItems$1.class
edu/cmu/tetradapp/editor/ScatterPlotView.class
edu/cmu/tetradapp/editor/EvidenceWizardSingle$1.class
edu/cmu/tetradapp/workbench/TimeLagGraphWorkbench$2.class
edu/cmu/tetradapp/workbench/LayoutMenu$3.class
edu/cmu/tetradapp/editor/MimSearchEditor2$1.class
edu/cmu/tetradapp/app/hpc/manager/JsonWebTokenManager.class
edu/cmu/tetradapp/editor/StructEMBayesSearchEditorWizard$5.class
edu/cmu/tetradapp/app/hpc/editor/HpcJobActivityEditor.class
edu/cmu/tetradapp/editor/MimSearchEditor2$4.class
edu/cmu/tetradapp/model/InverseCorrelationRunner.class
edu/cmu/tetradapp/model/SessionWrapper$1.class
edu/cmu/tetradapp/editor/RandomMimParamsEditor.class
edu/cmu/tetradapp/editor/BayesUpdaterEditor$8.class
edu/cmu/tetradapp/editor/MissingDataInjectorAction.class
edu/cmu/tetradapp/editor/SemPmEditor$5.class
edu/cmu/tetradapp/model/MbFanSearchRunner.class
edu/cmu/tetradapp/model/RegressionModel.class
edu/cmu/tetradapp/workbench/LayoutUtils.class
edu/cmu/tetradapp/editor/datamanip/DiscreteDiscretizationEditor$RemapEditor.class
edu/cmu/tetradapp/app/ExitAction.class
edu/cmu/tetradapp/editor/FofcIndTestParamsEditor$4.class
edu/cmu/tetradapp/editor/BayesPmEditorWizard$CategoryEditor$1.class
edu/cmu/tetradapp/editor/FactorAnalysisJoe.class
edu/cmu/tetradapp/editor/ScatterPlotView$ContinuousInquiryPanel$1.class
edu/cmu/tetradapp/editor/GeneralizedTemplateEditor$1.class
edu/cmu/tetradapp/editor/ScoredGraphsDisplay.class
edu/cmu/tetradapp/model/MimRunner.class
edu/cmu/tetradapp/workbench/AbstractWorkbench$GraphEdgeLabel.class
edu/cmu/tetradapp/util/LicenseUtils.class
edu/cmu/tetradapp/editor/GeneralizedTemplateEditor$4.class
edu/cmu/tetradapp/editor/UpdatedSemImWizard$1.class
edu/cmu/tetradapp/editor/EdgewiseComparisonParamsEditor$5.class
edu/cmu/tetradapp/workbench/AbstractWorkbench$2.class
edu/cmu/tetradapp/editor/ScatterPlotAction.class
edu/cmu/tetradapp/editor/PcLingamIndTestParamsEditor$1.class
edu/cmu/tetradapp/util/TextAreaOutputStream.class
edu/cmu/tetradapp/app/FontSelectionAction$1.class
edu/cmu/tetradapp/editor/IndTestMenuItems$3.class
edu/cmu/tetradapp/editor/RemovalListener.class
edu/cmu/tetradapp/editor/StandardizedSemImGraphicalEditor$4.class
edu/cmu/tetradapp/app/CategorizingModelChooser$ChooserTreeModel.class
edu/cmu/tetradapp/editor/MimSearchEditor2$3.class
edu/cmu/tetradapp/model/SemImWrapper.class
edu/cmu/tetradapp/editor/datamanip/DiscretizationParamsEditor$VariableSelectionEditor$3.class
edu/cmu/tetradapp/editor/KnowledgeSelection.class
edu/cmu/tetradapp/editor/SplitByCollinearColumnsAction$CollinearityChooser$1.class
edu/cmu/tetradapp/editor/DiscDetIndepParamsEditor.class
edu/cmu/tetradapp/editor/TabularDataJTable$1.class
edu/cmu/tetradapp/ui/model/IndependenceTestModel.class
edu/cmu/tetradapp/editor/ScatterPlotView$ScatterPlotChart.class
edu/cmu/tetradapp/editor/SemEvidenceEditor$3.class
edu/cmu/tetradapp/editor/SelectUndirectedAction.class
edu/cmu/tetradapp/editor/GeneralizedTemplateEditor$2.class
edu/cmu/tetradapp/editor/BayesUpdaterEditor$6.class
edu/cmu/tetradapp/editor/FgesSearchEditor$3.class
edu/cmu/tetradapp/editor/GeneralizedSemPmEditor$3$1.class
edu/cmu/tetradapp/workbench/AbstractWorkbench$3.class
edu/cmu/tetradapp/app/SessionEditorNode$2.class
edu/cmu/tetradapp/editor/GeneralAlgorithmEditor$SingleButtonCard.class
edu/cmu/tetradapp/editor/IndependenceFactsAction$2.class
edu/cmu/tetradapp/editor/PasteKnowledgeAction.class
edu/cmu/tetradapp/app/SessionEditorNode$8.class
edu/cmu/tetradapp/editor/GeneralizedSemPmGraphicalEditor$1.class
edu/cmu/tetradapp/knowledge_editor/KnowledgeEditorToolbar.class
edu/cmu/tetradapp/editor/ScatterPlotDisplayPanelOld$1.class
edu/cmu/tetradapp/app/SaveSessionAsAction.class
edu/cmu/tetradapp/app/NumberFormatAction$4.class
edu/cmu/tetradapp/editor/BayesDataParamsEditor$1.class
edu/cmu/tetradapp/editor/MbSearchParamEditor$2.class
edu/cmu/tetradapp/workbench/Rubberband.class
edu/cmu/tetradapp/model/ImpliedCovarianceDataWrapper.class
edu/cmu/tetradapp/editor/GeneralizedExpressionEditor$7.class
edu/cmu/tetradapp/model/SemPmWrapper.class
edu/cmu/tetradapp/app/hpc/manager/HpcJobManager.class
edu/cmu/tetradapp/editor/datamanip/DiscretizationParamsEditor$VariableBoxRenderer.class
edu/cmu/tetradapp/util/IntSpinner$1.class
edu/cmu/tetradapp/editor/CreateTimeSeriesDataAction.class
edu/cmu/tetradapp/knowledge_editor/KnowledgeEditorToolbar$1.class
edu/cmu/tetradapp/editor/IndTestMenuItems$9.class
edu/cmu/tetradapp/editor/LofsSearchEditorNew$2.class
edu/cmu/tetradapp/editor/SimulationParamsEditor.class
edu/cmu/tetradapp/editor/EdgeTypeTable$EdgeInfoTable$1.class
edu/cmu/tetradapp/editor/LofsSearchEditor$8.class
edu/cmu/tetradapp/workbench/DisplayNode$1.class
edu/cmu/tetradapp/editor/CalculatorEditor$9.class
edu/cmu/tetradapp/editor/IndependenceFactsAction$7.class
edu/cmu/tetradapp/editor/ScatterPlot.class
edu/cmu/tetradapp/editor/AbstractSearchEditor.class
edu/cmu/tetradapp/editor/BayesUpdaterEditorObs$5.class
edu/cmu/tetradapp/model/BayesImWrapper.class
edu/cmu/tetradapp/editor/GeneralizedExpressionEditor$2.class
edu/cmu/tetradapp/editor/CovCellEditor.class
edu/cmu/tetradapp/editor/PcGesSearchEditor$9.class
edu/cmu/tetradapp/editor/GeneralizedSemImEditor.class
edu/cmu/tetradapp/model/GraphSelectionWrapper$Type.class
edu/cmu/tetradapp/editor/NeighborhoodsAction.class
edu/cmu/tetradapp/model/datamanip/ExpandCaseMultipliersWrapper.class
edu/cmu/tetradapp/editor/EvidenceEditor.class
edu/cmu/tetradapp/app/CategorizingModelChooser.class
edu/cmu/tetradapp/model/NoteModel.class
edu/cmu/tetradapp/editor/SemPmGraphicalEditor$NodeMouseListener.class
edu/cmu/tetradapp/editor/FgesIndTestParamsEditor$3.class
edu/cmu/tetradapp/model/TsPagFromDagGraphWrapper.class
edu/cmu/tetradapp/util/GraphEditorUtils$1.class
edu/cmu/tetradapp/editor/Tier$2.class
edu/cmu/tetradapp/editor/MarkovBlanketSearchEditor$5.class
edu/cmu/tetradapp/model/IndTestProducer.class
edu/cmu/tetradapp/app/SetupLoggingAction$5.class
edu/cmu/tetradapp/editor/PatternDisplay$2$2.class
edu/cmu/tetradapp/editor/BayesEstimatorNodeEditingTable$10.class
edu/cmu/tetradapp/editor/DirichletBayesImNodeCountsTable$8.class
edu/cmu/tetradapp/app/hpc/manager/HpcAccountManager.class
edu/cmu/tetradapp/model/IndependenceFactsModel.class
edu/cmu/tetradapp/editor/SplitCasesParamsEditor.class
edu/cmu/tetradapp/app/SessionEditorEdge.class
edu/cmu/tetradapp/editor/FtfcSearchEditor$5.class
edu/cmu/tetradapp/editor/GeneralAlgorithmEditor$DualButtonCard.class
edu/cmu/tetradapp/ui/model/ScoreModels$1.class
edu/cmu/tetradapp/editor/datamanip/DiscretizationParamsEditor.class
edu/cmu/tetradapp/workbench/GraphNodeError$1.class
edu/cmu/tetradapp/app/TetradLogArea$5.class
edu/cmu/tetradapp/editor/TabularDataTable.class
edu/cmu/tetradapp/model/BayesUpdaterClassifierWrapper.class
edu/cmu/tetradapp/editor/IndependenceFactsEditor.class
edu/cmu/tetradapp/model/PValueImproverWrapper.class
edu/cmu/tetradapp/editor/BayesImNodeEditingTable$9.class
edu/cmu/tetradapp/editor/FtfcSearchEditor$4$1.class
edu/cmu/tetradapp/editor/GeneralizedTemplateEditor$7.class
edu/cmu/tetradapp/app/DeleteSubsessionAction.class
edu/cmu/tetradapp/app/TetradMenuBar$LoggingMenuListener.class
edu/cmu/tetradapp/model/datamanip/DiscretizationWrapper.class
edu/cmu/tetradapp/workbench/AbstractWorkbench$MouseMotionHandler.class
edu/cmu/tetradapp/model/StructEmBayesSearchRunner.class
edu/cmu/tetradapp/editor/RowTotalEditor.class
edu/cmu/tetradapp/editor/PurifyParamsEditor.class
edu/cmu/tetradapp/editor/DataEditor$8.class
edu/cmu/tetradapp/editor/DirichletBayesImParamsEditor$3.class
edu/cmu/tetradapp/workbench/AbstractWorkbench.class
edu/cmu/tetradapp/app/ConstructTemplateAction.class
edu/cmu/tetradapp/model/EditorUtils.class
edu/cmu/tetradapp/editor/NumberCellRenderer.class
edu/cmu/tetradapp/editor/PcStableLocalSearchEditor$4.class
edu/cmu/tetradapp/editor/GraphAdjacencyIntersectionWrapper.class
edu/cmu/tetradapp/editor/UpdatedBayesImWizard$6.class
edu/cmu/tetradapp/workbench/LayoutMenu$8.class
edu/cmu/tetradapp/editor/UpdatedSemImWizard$6.class
edu/cmu/tetradapp/editor/CalculatorEditor$4.class
edu/cmu/tetradapp/editor/FofcSearchEditor$3.class
edu/cmu/tetradapp/editor/LingSearchEditor$1.class
edu/cmu/tetradapp/editor/BayesUpdaterClassifierEditor$4.class
edu/cmu/tetradapp/editor/EvidenceEditor$1.class
edu/cmu/tetradapp/app/CloseSessionAction.class
edu/cmu/tetradapp/app/CategorizingModelChooser$1.class
edu/cmu/tetradapp/workbench/LayoutMenu$7.class
edu/cmu/tetradapp/editor/MimbuildEditor$4.class
edu/cmu/tetradapp/util/IntTextField$1.class
edu/cmu/tetradapp/model/RandomMixedRunner.class
edu/cmu/tetradapp/editor/BuildPureClustersParamsEditor.class
edu/cmu/tetradapp/editor/PcStableLocalSearchEditor$3.class
edu/cmu/tetradapp/editor/BuildPureClustersIndTestParamsEditor2$3.class
edu/cmu/tetradapp/editor/DataEditor$3.class
edu/cmu/tetradapp/editor/MimbuildEditor$8.class
edu/cmu/tetradapp/editor/DirichletBayesImNodeCountsTable$4.class
edu/cmu/tetradapp/knowledge_editor/KnowledgeWorkbench.class
edu/cmu/tetradapp/editor/IonSearchEditor$11.class
edu/cmu/tetradapp/editor/DiscDetIndepParamsEditor$1.class
edu/cmu/tetradapp/editor/GeneralizedSemImGraphicalEditor.class
edu/cmu/tetradapp/editor/QQPlotEditorPanel$1.class
edu/cmu/tetradapp/editor/ClusterRenderer$DragDropList$1.class
edu/cmu/tetradapp/editor/QQPlotAction.class
edu/cmu/tetradapp/editor/ExpressionEditor$VariableFocusListener.class
edu/cmu/tetradapp/editor/DirichletBayesImParamsEditor$2.class
edu/cmu/tetradapp/model/ConvertToPositiveSkew.class
edu/cmu/tetradapp/model/DagInPatternWrapper.class
edu/cmu/tetradapp/app/hpc/editor/HpcJobActivityEditor$1.class
edu/cmu/tetradapp/editor/UpdatedBayesImWizard$2.class
edu/cmu/tetradapp/app/TetradApplicationConfig.class
edu/cmu/tetradapp/editor/SemPmEditor.class
edu/cmu/tetradapp/app/SessionWrappers.class
edu/cmu/tetradapp/editor/EditorWindow.class
edu/cmu/tetradapp/editor/ScatterPlotView$ContinuousInquiryPanel.class
edu/cmu/tetradapp/util/TetradMetadataIndirectRef.class
edu/cmu/tetradapp/editor/QQPlotDisplayPanel$MouseMovementListener.class
edu/cmu/tetradapp/model/VcpcFastRunner.class
edu/cmu/tetradapp/model/TsFciRunner2.class
edu/cmu/tetradapp/model/CpcRunner.class
edu/cmu/tetradapp/editor/FgesSearchEditor$5$1.class
edu/cmu/tetradapp/util/IntSpinner.class
edu/cmu/tetradapp/editor/FgesIndTestParamsEditor$4.class
edu/cmu/tetradapp/editor/TimeSeriesIndTestParamsEditor$1.class
edu/cmu/tetradapp/editor/BayesImNodeEditingTable$8.class
edu/cmu/tetradapp/editor/GeneralizedSemEstimatorEditor$3.class
edu/cmu/tetradapp/editor/EdgeWeightComparisonEditor.class
edu/cmu/tetradapp/app/TestSessionEditorWorkbench.class
edu/cmu/tetradapp/app/SetupLoggingAction$1.class
edu/cmu/tetradapp/editor/TimeSeriesIndTestParamsEditor$2.class
edu/cmu/tetradapp/editor/CreateTimeSeriesDataAction$1.class
edu/cmu/tetradapp/editor/PcLocalIndTestParamsEditor.class
edu/cmu/tetradapp/editor/IndependenceFactsAction$6.class
edu/cmu/tetradapp/editor/BayesImEditor$3.class
edu/cmu/tetradapp/editor/DataEditor$4.class
edu/cmu/tetradapp/model/IdentifiabilityWrapper.class
edu/cmu/tetradapp/editor/LingSearchEditor$5.class
edu/cmu/tetradapp/workbench/DisplayNodeUtils.class
edu/cmu/tetradapp/editor/PatternDisplay$2$1.class
edu/cmu/tetradapp/editor/BayesPmEditorWizard.class
edu/cmu/tetradapp/model/datamanip/SubsetDiscreteVariablesWrapper.class
edu/cmu/tetradapp/editor/GeneralizedExpressionEditor$3.class
edu/cmu/tetradapp/model/BayesImWrapperObs.class
edu/cmu/tetradapp/model/TimeLagGraphWrapper.class
edu/cmu/tetradapp/model/ScoredGraphsWrapper.class
edu/cmu/tetradapp/editor/SaveDataAction.class
edu/cmu/tetradapp/knowledge_editor/KnowledgeDisplayNode.class
edu/cmu/tetradapp/app/TetradInternalFrame$1.class
edu/cmu/tetradapp/model/PcStableRunner.class
edu/cmu/tetradapp/editor/CalculatorEditor$8.class
edu/cmu/tetradapp/editor/BayesUpdaterEditorObs$4.class
edu/cmu/tetradapp/editor/BayesImNodeEditingTable$3.class
edu/cmu/tetradapp/editor/GraphSelectionEditor.class
edu/cmu/tetradapp/editor/UpdatedBayesImWizard$1.class
edu/cmu/tetradapp/model/CpcLocalRunner.class
edu/cmu/tetradapp/editor/FciIndTestParamsEditor$3.class
edu/cmu/tetradapp/editor/PcIndTestParamsEditor$2.class
edu/cmu/tetradapp/editor/DirichletBayesImNodeCountsTable$Model.class
edu/cmu/tetradapp/editor/QQPlotDisplayPanel.class
edu/cmu/tetradapp/editor/PcLingamIndTestParamsEditor.class
edu/cmu/tetradapp/workbench/LagWorkbench.class
edu/cmu/tetradapp/app/DecompressibleInputStream.class
edu/cmu/tetradapp/editor/BayesUpdaterEditorObs$1.class
edu/cmu/tetradapp/app/SessionEditorWorkbench$4.class
edu/cmu/tetradapp/editor/CovMatrixDisplay$1.class
edu/cmu/tetradapp/editor/BayesDataParamsEditor$2.class
edu/cmu/tetradapp/app/DefaultModelChooser.class
edu/cmu/tetradapp/editor/BayesImEditor$2.class
edu/cmu/tetradapp/editor/DescriptiveStatsEditorPanel$VariableBoxRenderer.class
edu/cmu/tetradapp/editor/GeneralizedExpressionEditor$8.class
edu/cmu/tetradapp/editor/PcGesSearchEditor$4.class
edu/cmu/tetradapp/editor/GeneralizedSemEstimatorEditor$4.class
edu/cmu/tetradapp/editor/PurifyIndTestParamsEditor$1.class
edu/cmu/tetradapp/editor/NoteEditor$FieldListener.class
edu/cmu/tetradapp/editor/PcIndTestParamsEditor.class
edu/cmu/tetradapp/editor/DirichletBayesImNodeCountsTable$3.class
edu/cmu/tetradapp/model/CfciRunner.class
edu/cmu/tetradapp/editor/BayesImNodeEditingTable$5.class
edu/cmu/tetradapp/editor/GFciIndTestParamsEditor.class
edu/cmu/tetradapp/editor/PcGesSearchEditor$5.class
edu/cmu/tetradapp/editor/GeneralizedSemImEditor$2$1.class
edu/cmu/tetradapp/editor/SplitCasesParamsEditor$1.class
edu/cmu/tetradapp/editor/LofsSearchEditor$4.class
edu/cmu/tetradapp/editor/GeneralizedExpressionEditor.class
edu/cmu/tetradapp/editor/StandardizedSemImImpliedMatricesPanel.class
edu/cmu/tetradapp/util/InternalClipboard.class
edu/cmu/tetradapp/util/LayoutEditable.class
edu/cmu/tetradapp/editor/SaveComponentImage.class
edu/cmu/tetradapp/editor/BayesImNodeEditingTable$4.class
edu/cmu/tetradapp/editor/DescriptiveStatsAction$DescriptiveStatsListener.class
edu/cmu/tetradapp/editor/SemImEditor$OneEditor.class
edu/cmu/tetradapp/editor/FciIndTestParamsEditor$2.class
edu/cmu/tetradapp/editor/GeneralizedExpressionEditor$6.class
edu/cmu/tetradapp/editor/GeneralizedSemImEditor$2$2.class
edu/cmu/tetradapp/editor/LofsSearchEditor$3.class
edu/cmu/tetradapp/editor/SemPmGraphicalEditor$ParameterEditor.class
edu/cmu/tetradapp/editor/IonSearchEditor$12.class
edu/cmu/tetradapp/editor/SemEvidenceEditor.class
edu/cmu/tetradapp/editor/ScatterPlotOld.class
edu/cmu/tetradapp/editor/UpdatedBayesImWizard$5.class
edu/cmu/tetradapp/editor/FgesIndTestParamsEditor$2.class
edu/cmu/tetradapp/editor/RandomGraphEditor$13.class
edu/cmu/tetradapp/util/LoggingMenu.class
edu/cmu/tetradapp/editor/BayesPmParamsEditor.class
edu/cmu/tetradapp/editor/LofsSearchEditorNew$8.class
edu/cmu/tetradapp/editor/GraphIntersectionsEditor.class
edu/cmu/tetradapp/editor/LofsSearchEditor$2.class
edu/cmu/tetradapp/editor/datamanip/DiscretizationParamsEditor$1.class
edu/cmu/tetradapp/editor/MbPatternDisplay.class
edu/cmu/tetradapp/editor/IndependenceFactsAction$10.class
edu/cmu/tetradapp/util/GraphEditorUtils$2.class
edu/cmu/tetradapp/editor/IndependenceFactsAction$8.class
edu/cmu/tetradapp/model/MbfsPatternRunner.class
edu/cmu/tetradapp/editor/MimbuildEditor$5.class
edu/cmu/tetradapp/editor/HideShowInterventionalAction.class
edu/cmu/tetradapp/editor/MarkovBlanketSearchEditor$6.class
edu/cmu/tetradapp/ui/model/AlgorithmModel.class
edu/cmu/tetradapp/workbench/DisplayLegend.class
edu/cmu/tetradapp/app/TetradMenuBar$1.class
edu/cmu/tetradapp/editor/Tier$1.class
edu/cmu/tetradapp/editor/BuildPureClustersParamsEditor$2.class
edu/cmu/tetradapp/editor/GeneralizedSemPmEditor.class
edu/cmu/tetradapp/editor/SubsetDiscreteVariablesAction.class
edu/cmu/tetradapp/ui/model/ScoreModels.class
edu/cmu/tetradapp/editor/DagEditor$1.class
edu/cmu/tetradapp/app/SessionEditorToolbar$4.class
edu/cmu/tetradapp/model/MultipleDataSource.class
edu/cmu/tetradapp/editor/RandomDagScaleFreeEditor$1.class
edu/cmu/tetradapp/editor/FgesDisplay$1.class
edu/cmu/tetradapp/editor/FciIndTestParamsEditor$4.class
edu/cmu/tetradapp/editor/StandardizedSemImGraphicalEditor$NodeMouseListener.class
edu/cmu/tetradapp/knowledge_editor/KnowledgeDisplayEdge$1.class
edu/cmu/tetradapp/model/EdgewiseComparisonModel.class
edu/cmu/tetradapp/model/IndependenceResult$Type.class
edu/cmu/tetradapp/editor/FtfcSearchEditor$4.class
edu/cmu/tetradapp/editor/GraphEditable.class
edu/cmu/tetradapp/editor/simulation/ParameterTab$1.class
edu/cmu/tetradapp/editor/PathsAction$1.class
edu/cmu/tetradapp/editor/EvidenceEditor$5.class
edu/cmu/tetradapp/editor/StandardizedSemImImpliedCovTable.class
edu/cmu/tetradapp/editor/LofsSearchEditorNew$3.class
edu/cmu/tetradapp/workbench/DistanceFromSelected.class
edu/cmu/tetradapp/editor/DescriptiveStatsAction.class
edu/cmu/tetradapp/editor/TabularDataJTable.class
edu/cmu/tetradapp/workbench/CausalOrder.class
edu/cmu/tetradapp/editor/SemUpdaterEditor$3.class
edu/cmu/tetradapp/util/ImageUtils.class
edu/cmu/tetradapp/editor/PcGesSearchEditor$8.class
edu/cmu/tetradapp/app/PasteSubsessionAction.class
edu/cmu/tetradapp/editor/RegressionParamsEditorPanel$VariableListModel.class
edu/cmu/tetradapp/editor/BayesUpdaterEditorObs$6.class
edu/cmu/tetradapp/editor/datamanip/DiscreteDiscretizationEditor$RemapEditor$2.class
edu/cmu/tetradapp/editor/MarkovBlanketSearchEditor$1.class
edu/cmu/tetradapp/model/VanderbiltHitonMbSearchRunner.class
edu/cmu/tetradapp/editor/GeneralizedSemEstimatorEditor$3$2.class
edu/cmu/tetradapp/knowledge_editor/OtherGroupsEditor.class
edu/cmu/tetradapp/editor/RandomDagScaleFreeEditor$6.class
edu/cmu/tetradapp/editor/QQPlotEditorPanel.class
edu/cmu/tetradapp/model/VanderbiltIambMbSearchRunner.class
edu/cmu/tetradapp/editor/BayesImEditorWizard.class
edu/cmu/tetradapp/model/SampleVcpcFastRunner.class
edu/cmu/tetradapp/knowledge_editor/KnowledgeEditorToolbar$2.class
edu/cmu/tetradapp/editor/CreateTimeSeriesDataAction$2.class
edu/cmu/tetradapp/workbench/AbstractWorkbench$GraphNodeLabel.class
edu/cmu/tetradapp/editor/GlassoSearchEditor$1.class
edu/cmu/tetradapp/workbench/DisplayNode.class
edu/cmu/tetradapp/editor/CopySubgraphAction.class
edu/cmu/tetradapp/editor/RegressionParamsEditorPanel$1.class
edu/cmu/tetradapp/editor/TimeLagGraphEditor$2.class
edu/cmu/tetradapp/editor/SemImEditor.class
edu/cmu/tetradapp/editor/LofsSearchEditorNew$1.class
edu/cmu/tetradapp/editor/BayesImParamsEditor$2.class
edu/cmu/tetradapp/editor/IndependenceFactsAction$1.class
edu/cmu/tetradapp/util/IntTextField$2.class
edu/cmu/tetradapp/app/CategorizingModelChooser$2.class
edu/cmu/tetradapp/editor/SliderListener.class
edu/cmu/tetradapp/app/SetupLoggingAction$2.class
edu/cmu/tetradapp/editor/LogParamsEditor.class
edu/cmu/tetradapp/editor/AddVariableListener.class
edu/cmu/tetradapp/editor/DirectedPathsAction.class
edu/cmu/tetradapp/editor/SubsetSelectedVariablesAction.class
edu/cmu/tetradapp/editor/MimbuildEditor$3.class
edu/cmu/tetradapp/editor/FgesIndTestParamsEditor$7.class
edu/cmu/tetradapp/app/SessionEditorWorkbench$1.class
edu/cmu/tetradapp/editor/ExpressionEditor$ExpressionFocusListener.class
edu/cmu/tetradapp/app/hpc/action/DeleteHpcJobInfoAction.class
edu/cmu/tetradapp/editor/DirichletBayesImNodeCountsTable$11.class
edu/cmu/tetradapp/editor/FofcSearchEditor$2.class
edu/cmu/tetradapp/editor/FtfcSearchEditor.class
edu/cmu/tetradapp/editor/IndependenceFactsAction$3.class
edu/cmu/tetradapp/editor/TimeLagGraphEditor.class
edu/cmu/tetradapp/editor/EvidenceEditor$2.class
edu/cmu/tetradapp/editor/NormalityTestEditorPanel$1.class
edu/cmu/tetradapp/editor/FciIndTestParamsEditorOld.class
edu/cmu/tetradapp/editor/MarkovBlanketSearchEditor$3.class
edu/cmu/tetradapp/workbench/WorkbenchModel.class
edu/cmu/tetradapp/editor/RegressionParamsEditorPanel$LogisticRegRenderer.class
edu/cmu/tetradapp/model/CcdRunner.class
edu/cmu/tetradapp/model/Misclassifications.class
edu/cmu/tetradapp/editor/GeneralizedSemImListEditor.class
edu/cmu/tetradapp/editor/RegressionEditor.class
edu/cmu/tetradapp/editor/TimeSeriesIndTestParamsEditor.class
edu/cmu/tetradapp/editor/CalculatorAction.class
edu/cmu/tetradapp/app/SetupLoggingAction$4.class
edu/cmu/tetradapp/editor/MarkovBlanketSearchEditor$4.class
edu/cmu/tetradapp/editor/UpdatedBayesImWizard$7.class
edu/cmu/tetradapp/app/RunSimulationAction$1.class
edu/cmu/tetradapp/editor/GeneralizedExpressionParameterizer$1MyTextField.class
edu/cmu/tetradapp/model/datamanip/RemoveConstantColumnsDataFilter$NodeWrapper.class
edu/cmu/tetradapp/workbench/GraphNodeError.class
edu/cmu/tetradapp/workbench/LatentDisplayComp.class
edu/cmu/tetradapp/editor/GlassoSearchEditor$8.class
edu/cmu/tetradapp/model/GraphWrapper.class
edu/cmu/tetradapp/workbench/AbstractWorkbench$PropertyChangeHandler.class
edu/cmu/tetradapp/model/AverageOverClusters.class
edu/cmu/tetradapp/knowledge_editor/OtherGroupsEditor$VariableRenderer.class
edu/cmu/tetradapp/app/SessionEditorToolbar$1.class
edu/cmu/tetradapp/app/SetupLoggingAction$6.class
edu/cmu/tetradapp/editor/MimbuildEditor$2.class
edu/cmu/tetradapp/editor/IonDisplay$1.class
edu/cmu/tetradapp/editor/SemUpdaterEditor$1.class
edu/cmu/tetradapp/editor/Token.class
edu/cmu/tetradapp/knowledge_editor/OtherGroupsEditor$Arrow.class
edu/cmu/tetradapp/editor/StandardizedSemImEditor.class
edu/cmu/tetradapp/editor/IonDisplay.class
edu/cmu/tetradapp/model/UnlistedSessionModel.class
edu/cmu/tetradapp/model/MagInPagWrapper.class
edu/cmu/tetradapp/editor/SplitByCollinearColumnsAction.class
edu/cmu/tetradapp/editor/GlassoSearchEditor$2.class
edu/cmu/tetradapp/editor/MarkovBlanketSearchEditor$9.class
edu/cmu/tetradapp/editor/RandomGraphEditor$10.class
edu/cmu/tetradapp/editor/StandardizedSemImImpliedMatricesPanel$1.class
edu/cmu/tetradapp/editor/FofcSearchEditor$4.class
edu/cmu/tetradapp/editor/IndTestMenuItems.class
edu/cmu/tetradapp/editor/LofsSearchEditorNew$5.class
edu/cmu/tetradapp/editor/RandomDagScaleFreeEditor$4.class
edu/cmu/tetradapp/editor/PcGesSearchEditor$3$1.class
edu/cmu/tetradapp/editor/RandomGraphEditor$11.class
edu/cmu/tetradapp/model/MbfsRunner.class
edu/cmu/tetradapp/editor/IonDisplay$2.class
edu/cmu/tetradapp/editor/LingamSearchEditor$1.class
edu/cmu/tetradapp/editor/datamanip/ContinuousDiscretizationEditor$1.class
edu/cmu/tetradapp/editor/FofcSearchEditor$5.class
edu/cmu/tetradapp/model/DataCenterer.class
edu/cmu/tetradapp/model/PcStableMaxLocalRunner.class
edu/cmu/tetradapp/editor/RandomDagScaleFreeEditor$5.class
edu/cmu/tetradapp/editor/EmBayesEstimatorEditor$1.class
edu/cmu/tetradapp/editor/GlassoSearchEditor$3.class
edu/cmu/tetradapp/model/LogData.class
edu/cmu/tetradapp/editor/FciCcdSearchEditor$2$1.class
edu/cmu/tetradapp/editor/GeneralizedSemImGraphicalEditor$NodeMouseListener.class
edu/cmu/tetradapp/editor/SemImEditor$SemImGraphicalEditor.class
edu/cmu/tetradapp/editor/search/GraphCard.class
edu/cmu/tetradapp/model/BidirectedToUndirectedWrapper.class
edu/cmu/tetradapp/editor/PcGesSearchEditor.class
edu/cmu/tetradapp/editor/DagGraphToolbar$1.class
edu/cmu/tetradapp/editor/MimbuildEditor$1.class
edu/cmu/tetradapp/app/TetradLogArea.class
edu/cmu/tetradapp/editor/LoadBayesImXmlAction.class
edu/cmu/tetradapp/editor/SemUpdaterEditor$2.class
edu/cmu/tetradapp/editor/NormalityTestAction$NormalityTestListener.class
edu/cmu/tetradapp/editor/PathsAction$6.class
edu/cmu/tetradapp/app/hpc/editor/ButtonColumn.class
edu/cmu/tetradapp/editor/DagEditor$2.class
edu/cmu/tetradapp/editor/GlassoSearchEditor$4.class
edu/cmu/tetradapp/editor/datamanip/ContinuousDiscretizationEditor$2.class
edu/cmu/tetradapp/editor/DirichletBayesImProbsWizard.class
edu/cmu/tetradapp/editor/DirichletBayesImNodeProbsTable$Model.class
edu/cmu/tetradapp/editor/BuildPureClustersParamsEditor$3.class
edu/cmu/tetradapp/editor/StatsListEditor.class
edu/cmu/tetradapp/editor/FtfcSearchEditor$2.class
edu/cmu/tetradapp/editor/LofsSearchEditorNew$4.class
edu/cmu/tetradapp/editor/FofcIndTestParamsEditor.class
edu/cmu/tetradapp/editor/MarkovBlanketSearchEditor$8.class
edu/cmu/tetradapp/ui/PaddingPanel.class
edu/cmu/tetradapp/knowledge_editor/OtherGroupsEditor$1.class
edu/cmu/tetradapp/editor/DagGraphToolbar$5.class
edu/cmu/tetradapp/editor/DagGraphToolbar$2.class
edu/cmu/tetradapp/editor/FinalizingParameterEditor.class
edu/cmu/tetradapp/util/GraphEditorUtils$3.class
edu/cmu/tetradapp/editor/EmBayesEstimatorEditor$2.class
edu/cmu/tetradapp/editor/GeneralizedSemPmListEditor.class
edu/cmu/tetradapp/editor/LingamSearchEditor$2.class
edu/cmu/tetradapp/editor/PathsAction$3.class
edu/cmu/tetradapp/editor/LofsSearchEditorNew$6.class
edu/cmu/tetradapp/editor/GlassoSearchEditor$6.class
edu/cmu/tetradapp/knowledge_editor/OtherGroupsEditor$2.class
edu/cmu/tetradapp/editor/datamanip/ContinuousDiscretizationEditor$4.class
edu/cmu/tetradapp/editor/RandomDagScaleFreeEditor$2.class
edu/cmu/tetradapp/editor/DagGraphToolbar$3.class
edu/cmu/tetradapp/model/ModeInterpolatorWrapper.class
edu/cmu/tetradapp/model/TetradMetadata.class
edu/cmu/tetradapp/editor/GeneralizedSemImParamsEditor$1.class
edu/cmu/tetradapp/editor/GranularityListener.class
edu/cmu/tetradapp/app/SessionEditorToolbar$3.class
edu/cmu/tetradapp/editor/PathsAction$4.class
edu/cmu/tetradapp/editor/RowNumberRenderer.class
edu/cmu/tetradapp/app/NumberFormatAction.class
edu/cmu/tetradapp/model/VanderbiltInterIambnPcMbSearchRunner.class
edu/cmu/tetradapp/editor/RandomDagScaleFreeEditor$3.class
edu/cmu/tetradapp/knowledge_editor/OtherGroupsEditor$3.class
edu/cmu/tetradapp/editor/DagGraphToolbar$4.class
edu/cmu/tetradapp/editor/CovMatrixJTable.class
edu/cmu/tetradapp/editor/SemEstimatorEditor$1.class
edu/cmu/tetradapp/editor/PathsAction$5.class
edu/cmu/tetradapp/editor/LofsSearchEditorNew$7.class
edu/cmu/tetradapp/editor/PcStableLocalSearchEditor$2$1.class
edu/cmu/tetradapp/app/RunSimulationAction.class
edu/cmu/tetradapp/editor/datamanip/ContinuousDiscretizationEditor$3.class
edu/cmu/tetradapp/app/TetradInternalFrame.class
edu/cmu/tetradapp/model/GeneralizedSemDataWrapper.class
edu/cmu/tetradapp/editor/FtfcSearchEditor$1.class
edu/cmu/tetradapp/app/hpc/util/HpcAccountUtils.class
edu/cmu/tetradapp/util/GraphEditorUtils$4.class
edu/cmu/tetradapp/app/SessionEditorToolbar$2.class
edu/cmu/tetradapp/editor/GlassoSearchEditor$7.class
edu/cmu/tetradapp/editor/BayesUpdaterClassifierEditor$2$1.class
edu/cmu/tetradapp/editor/PcStableLocalSearchEditor.class
edu/cmu/tetradapp/model/PatternFitModel.class
