/Users/fattanehjabbari/CCD-Project/CS-BN/tetrad/tetrad-gui/src/main/java/edu/cmu/tetradapp/model/KnowledgeEditable.java
/Users/fattanehjabbari/CCD-Project/CS-BN/tetrad/tetrad-gui/src/main/java/edu/cmu/tetradapp/editor/SemImParamsEditor.java
/Users/fattanehjabbari/CCD-Project/CS-BN/tetrad/tetrad-gui/src/main/java/edu/cmu/tetradapp/editor/Token.java
/Users/fattanehjabbari/CCD-Project/CS-BN/tetrad/tetrad-gui/src/main/java/edu/cmu/tetradapp/editor/search/ParameterCard.java
/Users/fattanehjabbari/CCD-Project/CS-BN/tetrad/tetrad-gui/src/main/java/edu/cmu/tetradapp/editor/LogisticRegressionParamsPanel.java
/Users/fattanehjabbari/CCD-Project/CS-BN/tetrad/tetrad-gui/src/main/java/edu/cmu/tetradapp/model/datamanip/PermuteRowsWrapper.java
/Users/fattanehjabbari/CCD-Project/CS-BN/tetrad/tetrad-gui/src/main/java/edu/cmu/tetradapp/editor/GraphSelectionEditor.java
/Users/fattanehjabbari/CCD-Project/CS-BN/tetrad/tetrad-gui/src/main/java/edu/cmu/tetradapp/editor/PathsAction.java
/Users/fattanehjabbari/CCD-Project/CS-BN/tetrad/tetrad-gui/src/main/java/edu/cmu/tetradapp/editor/GlassoSearchEditor.java
/Users/fattanehjabbari/CCD-Project/CS-BN/tetrad/tetrad-gui/src/main/java/edu/cmu/tetradapp/model/GeneralizedSemImWrapper.java
/Users/fattanehjabbari/CCD-Project/CS-BN/tetrad/tetrad-gui/src/main/java/edu/cmu/tetradapp/model/TsImagesRunner.java
/Users/fattanehjabbari/CCD-Project/CS-BN/tetrad/tetrad-gui/src/main/java/edu/cmu/tetradapp/model/CpcRunner.java
/Users/fattanehjabbari/CCD-Project/CS-BN/tetrad/tetrad-gui/src/main/java/edu/cmu/tetradapp/model/RestrictToGraphNodes.java
/Users/fattanehjabbari/CCD-Project/CS-BN/tetrad/tetrad-gui/src/main/java/edu/cmu/tetradapp/model/SessionWrapper.java
/Users/fattanehjabbari/CCD-Project/CS-BN/tetrad/tetrad-gui/src/main/java/edu/cmu/tetradapp/editor/FtfcIndTestParamsEditor.java
/Users/fattanehjabbari/CCD-Project/CS-BN/tetrad/tetrad-gui/src/main/java/edu/cmu/tetradapp/model/PurifyRunner.java
/Users/fattanehjabbari/CCD-Project/CS-BN/tetrad/tetrad-gui/src/main/java/edu/cmu/tetradapp/editor/RandomSamplerAction.java
/Users/fattanehjabbari/CCD-Project/CS-BN/tetrad/tetrad-gui/src/main/java/edu/cmu/tetradapp/model/VanderbiltHitonMbSearchRunner.java
/Users/fattanehjabbari/CCD-Project/CS-BN/tetrad/tetrad-gui/src/main/java/edu/cmu/tetradapp/app/hpc/editor/LoadHpcGraphJsonTableModel.java
/Users/fattanehjabbari/CCD-Project/CS-BN/tetrad/tetrad-gui/src/main/java/edu/cmu/tetradapp/editor/IndTestTypeSetter.java
/Users/fattanehjabbari/CCD-Project/CS-BN/tetrad/tetrad-gui/src/main/java/edu/cmu/tetradapp/model/RowSummingExactWrapper.java
/Users/fattanehjabbari/CCD-Project/CS-BN/tetrad/tetrad-gui/src/main/java/edu/cmu/tetradapp/editor/RowTotalEditor.java
/Users/fattanehjabbari/CCD-Project/CS-BN/tetrad/tetrad-gui/src/main/java/edu/cmu/tetradapp/model/IndTestModel.java
/Users/fattanehjabbari/CCD-Project/CS-BN/tetrad/tetrad-gui/src/main/java/edu/cmu/tetradapp/editor/FciIndTestParamsEditor.java
/Users/fattanehjabbari/CCD-Project/CS-BN/tetrad/tetrad-gui/src/main/java/edu/cmu/tetradapp/editor/GraphPropertiesAction.java
/Users/fattanehjabbari/CCD-Project/CS-BN/tetrad/tetrad-gui/src/main/java/edu/cmu/tetradapp/app/hpc/task/HpcJobsScheduledTask.java
/Users/fattanehjabbari/CCD-Project/CS-BN/tetrad/tetrad-gui/src/main/java/edu/cmu/tetradapp/editor/SemEvidenceWizardSingle.java
/Users/fattanehjabbari/CCD-Project/CS-BN/tetrad/tetrad-gui/src/main/java/edu/cmu/tetradapp/workbench/DisplayNode.java
/Users/fattanehjabbari/CCD-Project/CS-BN/tetrad/tetrad-gui/src/main/java/edu/cmu/tetradapp/model/GlassoRunner.java
/Users/fattanehjabbari/CCD-Project/CS-BN/tetrad/tetrad-gui/src/main/java/edu/cmu/tetradapp/editor/CopyKnowledgeAction.java
/Users/fattanehjabbari/CCD-Project/CS-BN/tetrad/tetrad-gui/src/main/java/edu/cmu/tetradapp/editor/FgesDisplay.java
/Users/fattanehjabbari/CCD-Project/CS-BN/tetrad/tetrad-gui/src/main/java/edu/cmu/tetradapp/ui/model/AlgorithmModel.java
/Users/fattanehjabbari/CCD-Project/CS-BN/tetrad/tetrad-gui/src/main/java/edu/cmu/tetradapp/editor/BayesUpdaterEditorObs.java
/Users/fattanehjabbari/CCD-Project/CS-BN/tetrad/tetrad-gui/src/main/java/edu/cmu/tetradapp/editor/datamanip/ContinuousDiscretizationEditor.java
/Users/fattanehjabbari/CCD-Project/CS-BN/tetrad/tetrad-gui/src/main/java/edu/cmu/tetradapp/model/FasRunner.java
/Users/fattanehjabbari/CCD-Project/CS-BN/tetrad/tetrad-gui/src/main/java/edu/cmu/tetradapp/editor/EvidenceEditorObs.java
/Users/fattanehjabbari/CCD-Project/CS-BN/tetrad/tetrad-gui/src/main/java/edu/cmu/tetradapp/editor/EdgeWeightComparisonEditor.java
/Users/fattanehjabbari/CCD-Project/CS-BN/tetrad/tetrad-gui/src/main/java/edu/cmu/tetradapp/model/CompletedPatternWrapper.java
/Users/fattanehjabbari/CCD-Project/CS-BN/tetrad/tetrad-gui/src/main/java/edu/cmu/tetradapp/model/datamanip/ShiftDataWrapper.java
/Users/fattanehjabbari/CCD-Project/CS-BN/tetrad/tetrad-gui/src/main/java/edu/cmu/tetradapp/editor/EvidenceWizardSingleObs.java
/Users/fattanehjabbari/CCD-Project/CS-BN/tetrad/tetrad-gui/src/main/java/edu/cmu/tetradapp/editor/SplitCasesAction.java
/Users/fattanehjabbari/CCD-Project/CS-BN/tetrad/tetrad-gui/src/main/java/edu/cmu/tetradapp/app/hpc/task/SubmittedHpcJobUpdaterTask.java
/Users/fattanehjabbari/CCD-Project/CS-BN/tetrad/tetrad-gui/src/main/java/edu/cmu/tetradapp/app/hpc/action/KillHpcJobAction.java
/Users/fattanehjabbari/CCD-Project/CS-BN/tetrad/tetrad-gui/src/main/java/edu/cmu/tetradapp/editor/DagEditor.java
/Users/fattanehjabbari/CCD-Project/CS-BN/tetrad/tetrad-gui/src/main/java/edu/cmu/tetradapp/editor/RandomMimParamsEditor.java
/Users/fattanehjabbari/CCD-Project/CS-BN/tetrad/tetrad-gui/src/main/java/edu/cmu/tetradapp/editor/SelectUndirectedAction.java
/Users/fattanehjabbari/CCD-Project/CS-BN/tetrad/tetrad-gui/src/main/java/edu/cmu/tetradapp/model/SampleVcpcRunner.java
/Users/fattanehjabbari/CCD-Project/CS-BN/tetrad/tetrad-gui/src/main/java/edu/cmu/tetradapp/editor/SemEstimatorEditor.java
/Users/fattanehjabbari/CCD-Project/CS-BN/tetrad/tetrad-gui/src/main/java/edu/cmu/tetradapp/model/LogisticRegressionRunner.java
/Users/fattanehjabbari/CCD-Project/CS-BN/tetrad/tetrad-gui/src/main/java/edu/cmu/tetradapp/model/NonparanormalTransform.java
/Users/fattanehjabbari/CCD-Project/CS-BN/tetrad/tetrad-gui/src/main/java/edu/cmu/tetradapp/model/MultipleDataSource.java
/Users/fattanehjabbari/CCD-Project/CS-BN/tetrad/tetrad-gui/src/main/java/edu/cmu/tetradapp/editor/RemoveMissingValueCasesAction.java
/Users/fattanehjabbari/CCD-Project/CS-BN/tetrad/tetrad-gui/src/main/java/edu/cmu/tetradapp/knowledge_editor/KnowledgeModelNode.java
/Users/fattanehjabbari/CCD-Project/CS-BN/tetrad/tetrad-gui/src/main/java/edu/cmu/tetradapp/model/VcpcRunner.java
/Users/fattanehjabbari/CCD-Project/CS-BN/tetrad/tetrad-gui/src/main/java/edu/cmu/tetradapp/app/SaveSessionAction.java
/Users/fattanehjabbari/CCD-Project/CS-BN/tetrad/tetrad-gui/src/main/java/edu/cmu/tetradapp/editor/EdgeTypeTable.java
/Users/fattanehjabbari/CCD-Project/CS-BN/tetrad/tetrad-gui/src/main/java/edu/cmu/tetradapp/util/BrainSpecial.java
/Users/fattanehjabbari/CCD-Project/CS-BN/tetrad/tetrad-gui/src/main/java/edu/cmu/tetradapp/model/TsFciRunner.java
/Users/fattanehjabbari/CCD-Project/CS-BN/tetrad/tetrad-gui/src/main/java/edu/cmu/tetradapp/app/CategorizingModelChooser.java
/Users/fattanehjabbari/CCD-Project/CS-BN/tetrad/tetrad-gui/src/main/java/edu/cmu/tetradapp/editor/BayesEstimatorEditorWizard.java
/Users/fattanehjabbari/CCD-Project/CS-BN/tetrad/tetrad-gui/src/main/java/edu/cmu/tetradapp/editor/SelectInterventionalAction.java
/Users/fattanehjabbari/CCD-Project/CS-BN/tetrad/tetrad-gui/src/main/java/edu/cmu/tetradapp/workbench/TimeLagGraphWorkbench.java
/Users/fattanehjabbari/CCD-Project/CS-BN/tetrad/tetrad-gui/src/main/java/edu/cmu/tetradapp/editor/MbPatternDisplay.java
/Users/fattanehjabbari/CCD-Project/CS-BN/tetrad/tetrad-gui/src/main/java/edu/cmu/tetradapp/app/TetradLogArea.java
/Users/fattanehjabbari/CCD-Project/CS-BN/tetrad/tetrad-gui/src/main/java/edu/cmu/tetradapp/model/IndTestChooser.java
/Users/fattanehjabbari/CCD-Project/CS-BN/tetrad/tetrad-gui/src/main/java/edu/cmu/tetradapp/app/LoadSessionAction.java
/Users/fattanehjabbari/CCD-Project/CS-BN/tetrad/tetrad-gui/src/main/java/edu/cmu/tetradapp/model/SemImWrapper.java
/Users/fattanehjabbari/CCD-Project/CS-BN/tetrad/tetrad-gui/src/main/java/edu/cmu/tetradapp/workbench/GraphNodeMeasured.java
/Users/fattanehjabbari/CCD-Project/CS-BN/tetrad/tetrad-gui/src/main/java/edu/cmu/tetradapp/Tetrad.java
/Users/fattanehjabbari/CCD-Project/CS-BN/tetrad/tetrad-gui/src/main/java/edu/cmu/tetradapp/editor/SaveScreenshot.java
/Users/fattanehjabbari/CCD-Project/CS-BN/tetrad/tetrad-gui/src/main/java/edu/cmu/tetradapp/model/datamanip/TimeSeriesWrapper.java
/Users/fattanehjabbari/CCD-Project/CS-BN/tetrad/tetrad-gui/src/main/java/edu/cmu/tetradapp/model/LingamPatternRunner.java
/Users/fattanehjabbari/CCD-Project/CS-BN/tetrad/tetrad-gui/src/main/java/edu/cmu/tetradapp/editor/LoadGraph.java
/Users/fattanehjabbari/CCD-Project/CS-BN/tetrad/tetrad-gui/src/main/java/edu/cmu/tetradapp/app/hpc/action/HpcJobActivityAction.java
/Users/fattanehjabbari/CCD-Project/CS-BN/tetrad/tetrad-gui/src/main/java/edu/cmu/tetradapp/model/AllEdgesUndirectedWrapper.java
/Users/fattanehjabbari/CCD-Project/CS-BN/tetrad/tetrad-gui/src/main/java/edu/cmu/tetradapp/model/GraphSelectionWrapper.java
/Users/fattanehjabbari/CCD-Project/CS-BN/tetrad/tetrad-gui/src/main/java/edu/cmu/tetradapp/knowledge_editor/KnowledgeGraph.java
/Users/fattanehjabbari/CCD-Project/CS-BN/tetrad/tetrad-gui/src/main/java/edu/cmu/tetradapp/app/hpc/editor/HpcJobActivityEditor.java
/Users/fattanehjabbari/CCD-Project/CS-BN/tetrad/tetrad-gui/src/main/java/edu/cmu/tetradapp/app/SessionEditorToolbarHarry.java
/Users/fattanehjabbari/CCD-Project/CS-BN/tetrad/tetrad-gui/src/main/java/edu/cmu/tetradapp/app/TetradDesktop.java
/Users/fattanehjabbari/CCD-Project/CS-BN/tetrad/tetrad-gui/src/main/java/edu/cmu/tetradapp/editor/LingDisplay.java
/Users/fattanehjabbari/CCD-Project/CS-BN/tetrad/tetrad-gui/src/main/java/edu/cmu/tetradapp/model/datamanip/ConvertNumericalDiscreteToContinuousWrapper.java
/Users/fattanehjabbari/CCD-Project/CS-BN/tetrad/tetrad-gui/src/main/java/edu/cmu/tetradapp/editor/BayesImNodeEditingTableObs.java
/Users/fattanehjabbari/CCD-Project/CS-BN/tetrad/tetrad-gui/src/main/java/edu/cmu/tetradapp/model/datamanip/MeanInterpolatorWrapper.java
/Users/fattanehjabbari/CCD-Project/CS-BN/tetrad/tetrad-gui/src/main/java/edu/cmu/tetradapp/editor/CalculatorAction.java
/Users/fattanehjabbari/CCD-Project/CS-BN/tetrad/tetrad-gui/src/main/java/edu/cmu/tetradapp/workbench/Rubberband.java
/Users/fattanehjabbari/CCD-Project/CS-BN/tetrad/tetrad-gui/src/main/java/edu/cmu/tetradapp/editor/SaveDataAction.java
/Users/fattanehjabbari/CCD-Project/CS-BN/tetrad/tetrad-gui/src/main/java/edu/cmu/tetradapp/model/AbstractMBSearchRunner.java
/Users/fattanehjabbari/CCD-Project/CS-BN/tetrad/tetrad-gui/src/main/java/edu/cmu/tetradapp/model/BayesPmWrapper.java
/Users/fattanehjabbari/CCD-Project/CS-BN/tetrad/tetrad-gui/src/main/java/edu/cmu/tetradapp/model/datamanip/RemoveSelectedVariablesWrapper.java
/Users/fattanehjabbari/CCD-Project/CS-BN/tetrad/tetrad-gui/src/main/java/edu/cmu/tetradapp/editor/EMBayesEstimatorParamsEditor.java
/Users/fattanehjabbari/CCD-Project/CS-BN/tetrad/tetrad-gui/src/main/java/edu/cmu/tetradapp/editor/BayesUpdaterEditor.java
/Users/fattanehjabbari/CCD-Project/CS-BN/tetrad/tetrad-gui/src/main/java/edu/cmu/tetradapp/editor/DataToken.java
/Users/fattanehjabbari/CCD-Project/CS-BN/tetrad/tetrad-gui/src/main/java/edu/cmu/tetradapp/editor/KnowledgeSelection.java
/Users/fattanehjabbari/CCD-Project/CS-BN/tetrad/tetrad-gui/src/main/java/edu/cmu/tetradapp/model/DataAlgorithmRunner.java
/Users/fattanehjabbari/CCD-Project/CS-BN/tetrad/tetrad-gui/src/main/java/edu/cmu/tetradapp/model/GraphSource.java
/Users/fattanehjabbari/CCD-Project/CS-BN/tetrad/tetrad-gui/src/main/java/edu/cmu/tetradapp/model/ScoredGraphsWrapper.java
/Users/fattanehjabbari/CCD-Project/CS-BN/tetrad/tetrad-gui/src/main/java/edu/cmu/tetradapp/model/datamanip/InverseMatrixWrapper.java
/Users/fattanehjabbari/CCD-Project/CS-BN/tetrad/tetrad-gui/src/main/java/edu/cmu/tetradapp/model/ExtractStructureModelWrapper.java
/Users/fattanehjabbari/CCD-Project/CS-BN/tetrad/tetrad-gui/src/main/java/edu/cmu/tetradapp/model/TsFgesRunner.java
/Users/fattanehjabbari/CCD-Project/CS-BN/tetrad/tetrad-gui/src/main/java/edu/cmu/tetradapp/util/ParameterComponents.java
/Users/fattanehjabbari/CCD-Project/CS-BN/tetrad/tetrad-gui/src/main/java/edu/cmu/tetradapp/model/PcdRunner.java
/Users/fattanehjabbari/CCD-Project/CS-BN/tetrad/tetrad-gui/src/main/java/edu/cmu/tetradapp/editor/FactorAnalysisJoe.java
/Users/fattanehjabbari/CCD-Project/CS-BN/tetrad/tetrad-gui/src/main/java/edu/cmu/tetradapp/editor/ParameterPanel.java
/Users/fattanehjabbari/CCD-Project/CS-BN/tetrad/tetrad-gui/src/main/java/edu/cmu/tetradapp/app/hpc/action/HpcAccountSettingAction.java
/Users/fattanehjabbari/CCD-Project/CS-BN/tetrad/tetrad-gui/src/main/java/edu/cmu/tetradapp/ui/PaddingPanel.java
/Users/fattanehjabbari/CCD-Project/CS-BN/tetrad/tetrad-gui/src/main/java/edu/cmu/tetradapp/editor/IonSearchEditor.java
/Users/fattanehjabbari/CCD-Project/CS-BN/tetrad/tetrad-gui/src/main/java/edu/cmu/tetradapp/model/TsFciRunner2.java
/Users/fattanehjabbari/CCD-Project/CS-BN/tetrad/tetrad-gui/src/main/java/edu/cmu/tetradapp/workbench/WorkbenchModel.java
/Users/fattanehjabbari/CCD-Project/CS-BN/tetrad/tetrad-gui/src/main/java/edu/cmu/tetradapp/model/AverageOverClusters.java
/Users/fattanehjabbari/CCD-Project/CS-BN/tetrad/tetrad-gui/src/main/java/edu/cmu/tetradapp/editor/NumberCellRenderer.java
/Users/fattanehjabbari/CCD-Project/CS-BN/tetrad/tetrad-gui/src/main/java/edu/cmu/tetradapp/model/FtfcRunner.java
/Users/fattanehjabbari/CCD-Project/CS-BN/tetrad/tetrad-gui/src/main/java/edu/cmu/tetradapp/workbench/LatentDisplayComp.java
/Users/fattanehjabbari/CCD-Project/CS-BN/tetrad/tetrad-gui/src/main/java/edu/cmu/tetradapp/model/UndirectedToBidirectedWrapper.java
/Users/fattanehjabbari/CCD-Project/CS-BN/tetrad/tetrad-gui/src/main/java/edu/cmu/tetradapp/model/LingamStructureRunner.java
/Users/fattanehjabbari/CCD-Project/CS-BN/tetrad/tetrad-gui/src/main/java/edu/cmu/tetradapp/app/DecompressibleInputStream.java
/Users/fattanehjabbari/CCD-Project/CS-BN/tetrad/tetrad-gui/src/main/java/edu/cmu/tetradapp/util/TetradMetadataIndirectRef.java
/Users/fattanehjabbari/CCD-Project/CS-BN/tetrad/tetrad-gui/src/main/java/edu/cmu/tetradapp/model/VanderbiltInterIambnPcMbSearchRunner.java
/Users/fattanehjabbari/CCD-Project/CS-BN/tetrad/tetrad-gui/src/main/java/edu/cmu/tetradapp/model/PatternFitModel.java
/Users/fattanehjabbari/CCD-Project/CS-BN/tetrad/tetrad-gui/src/main/java/edu/cmu/tetradapp/app/SessionUtils.java
/Users/fattanehjabbari/CCD-Project/CS-BN/tetrad/tetrad-gui/src/main/java/edu/cmu/tetradapp/editor/HistogramAction.java
/Users/fattanehjabbari/CCD-Project/CS-BN/tetrad/tetrad-gui/src/main/java/edu/cmu/tetradapp/util/SortingComboBox.java
/Users/fattanehjabbari/CCD-Project/CS-BN/tetrad/tetrad-gui/src/main/java/edu/cmu/tetradapp/editor/MisclassificationsEditor.java
/Users/fattanehjabbari/CCD-Project/CS-BN/tetrad/tetrad-gui/src/main/java/edu/cmu/tetradapp/editor/GraphAdjacencyIntersectionWrapper.java
/Users/fattanehjabbari/CCD-Project/CS-BN/tetrad/tetrad-gui/src/main/java/edu/cmu/tetradapp/editor/GeneralizedSemImGraphicalEditor.java
/Users/fattanehjabbari/CCD-Project/CS-BN/tetrad/tetrad-gui/src/main/java/edu/cmu/tetradapp/editor/MarkovBlanketSearchEditor.java
/Users/fattanehjabbari/CCD-Project/CS-BN/tetrad/tetrad-gui/src/main/java/edu/cmu/tetradapp/model/datamanip/CopySelectedDatasetWrapper.java
/Users/fattanehjabbari/CCD-Project/CS-BN/tetrad/tetrad-gui/src/main/java/edu/cmu/tetradapp/model/datamanip/SubsetDiscreteVariablesWrapper.java
/Users/fattanehjabbari/CCD-Project/CS-BN/tetrad/tetrad-gui/src/main/java/edu/cmu/tetradapp/editor/BayesUpdaterClassifierEditor.java
/Users/fattanehjabbari/CCD-Project/CS-BN/tetrad/tetrad-gui/src/main/java/edu/cmu/tetradapp/editor/datamanip/ShiftDataParamsEditor.java
/Users/fattanehjabbari/CCD-Project/CS-BN/tetrad/tetrad-gui/src/main/java/edu/cmu/tetradapp/editor/RegressionParamsEditor.java
/Users/fattanehjabbari/CCD-Project/CS-BN/tetrad/tetrad-gui/src/main/java/edu/cmu/tetradapp/editor/SemDataParamsEditor.java
/Users/fattanehjabbari/CCD-Project/CS-BN/tetrad/tetrad-gui/src/main/java/edu/cmu/tetradapp/model/HasCalculatorParams.java
/Users/fattanehjabbari/CCD-Project/CS-BN/tetrad/tetrad-gui/src/main/java/edu/cmu/tetradapp/editor/EmBayesEstimatorEditor.java
/Users/fattanehjabbari/CCD-Project/CS-BN/tetrad/tetrad-gui/src/main/java/edu/cmu/tetradapp/model/DataCenterer.java
/Users/fattanehjabbari/CCD-Project/CS-BN/tetrad/tetrad-gui/src/main/java/edu/cmu/tetradapp/editor/MbSearchEditor.java
/Users/fattanehjabbari/CCD-Project/CS-BN/tetrad/tetrad-gui/src/main/java/edu/cmu/tetradapp/workbench/GraphWorkbench.java
/Users/fattanehjabbari/CCD-Project/CS-BN/tetrad/tetrad-gui/src/main/java/edu/cmu/tetradapp/app/TetradMenuBar.java
/Users/fattanehjabbari/CCD-Project/CS-BN/tetrad/tetrad-gui/src/main/java/edu/cmu/tetradapp/editor/SelectLatentsAction.java
/Users/fattanehjabbari/CCD-Project/CS-BN/tetrad/tetrad-gui/src/main/java/edu/cmu/tetradapp/model/TsGFciRunner.java
/Users/fattanehjabbari/CCD-Project/CS-BN/tetrad/tetrad-gui/src/main/java/edu/cmu/tetradapp/editor/HideShowInterventionalAction.java
/Users/fattanehjabbari/CCD-Project/CS-BN/tetrad/tetrad-gui/src/main/java/edu/cmu/tetradapp/editor/GeneralizedTemplateEditor.java
/Users/fattanehjabbari/CCD-Project/CS-BN/tetrad/tetrad-gui/src/main/java/edu/cmu/tetradapp/editor/SubsetContinuousVariablesAction.java
/Users/fattanehjabbari/CCD-Project/CS-BN/tetrad/tetrad-gui/src/main/java/edu/cmu/tetradapp/knowledge_editor/ListTransferable.java
/Users/fattanehjabbari/CCD-Project/CS-BN/tetrad/tetrad-gui/src/main/java/edu/cmu/tetradapp/editor/IonDisplay.java
/Users/fattanehjabbari/CCD-Project/CS-BN/tetrad/tetrad-gui/src/main/java/edu/cmu/tetradapp/editor/IndependenceFactsEditor.java
/Users/fattanehjabbari/CCD-Project/CS-BN/tetrad/tetrad-gui/src/main/java/edu/cmu/tetradapp/model/PcStableMaxLocalRunner.java
/Users/fattanehjabbari/CCD-Project/CS-BN/tetrad/tetrad-gui/src/main/java/edu/cmu/tetradapp/editor/BayesDataParamsEditor.java
/Users/fattanehjabbari/CCD-Project/CS-BN/tetrad/tetrad-gui/src/main/java/edu/cmu/tetradapp/editor/ClusterEditor.java
/Users/fattanehjabbari/CCD-Project/CS-BN/tetrad/tetrad-gui/src/main/java/edu/cmu/tetradapp/editor/datamanip/DiscretizationParamsEditor.java
/Users/fattanehjabbari/CCD-Project/CS-BN/tetrad/tetrad-gui/src/main/java/edu/cmu/tetradapp/editor/DescriptiveStats.java
/Users/fattanehjabbari/CCD-Project/CS-BN/tetrad/tetrad-gui/src/main/java/edu/cmu/tetradapp/editor/ScatterPlot.java
/Users/fattanehjabbari/CCD-Project/CS-BN/tetrad/tetrad-gui/src/main/java/edu/cmu/tetradapp/editor/ConvertToCovMatixAction.java
/Users/fattanehjabbari/CCD-Project/CS-BN/tetrad/tetrad-gui/src/main/java/edu/cmu/tetradapp/model/KpcRunner.java
/Users/fattanehjabbari/CCD-Project/CS-BN/tetrad/tetrad-gui/src/main/java/edu/cmu/tetradapp/editor/GeneralizedSemPmEditor.java
/Users/fattanehjabbari/CCD-Project/CS-BN/tetrad/tetrad-gui/src/main/java/edu/cmu/tetradapp/editor/LogisticRegressionParamsEditor.java
/Users/fattanehjabbari/CCD-Project/CS-BN/tetrad/tetrad-gui/src/main/java/edu/cmu/tetradapp/util/IonInput.java
/Users/fattanehjabbari/CCD-Project/CS-BN/tetrad/tetrad-gui/src/main/java/edu/cmu/tetradapp/editor/FgesIndTestParamsEditor.java
/Users/fattanehjabbari/CCD-Project/CS-BN/tetrad/tetrad-gui/src/main/java/edu/cmu/tetradapp/editor/LogisticRegressionEditor.java
/Users/fattanehjabbari/CCD-Project/CS-BN/tetrad/tetrad-gui/src/main/java/edu/cmu/tetradapp/model/datamanip/RemoveMissingValueCasesWrapper.java
/Users/fattanehjabbari/CCD-Project/CS-BN/tetrad/tetrad-gui/src/main/java/edu/cmu/tetradapp/model/DirichletEstimatorWrapper.java
/Users/fattanehjabbari/CCD-Project/CS-BN/tetrad/tetrad-gui/src/main/java/edu/cmu/tetradapp/model/DataStandardizer.java
/Users/fattanehjabbari/CCD-Project/CS-BN/tetrad/tetrad-gui/src/main/java/edu/cmu/tetradapp/model/EditorUtils.java
/Users/fattanehjabbari/CCD-Project/CS-BN/tetrad/tetrad-gui/src/main/java/edu/cmu/tetradapp/workbench/GraphNodeLocked.java
/Users/fattanehjabbari/CCD-Project/CS-BN/tetrad/tetrad-gui/src/main/java/edu/cmu/tetradapp/model/BayesUpdaterClassifierWrapper.java
/Users/fattanehjabbari/CCD-Project/CS-BN/tetrad/tetrad-gui/src/main/java/edu/cmu/tetradapp/model/GeneralizedSemEstimatorWrapper.java
/Users/fattanehjabbari/CCD-Project/CS-BN/tetrad/tetrad-gui/src/main/java/edu/cmu/tetradapp/model/GrowShrinkRunner.java
/Users/fattanehjabbari/CCD-Project/CS-BN/tetrad/tetrad-gui/src/main/java/edu/cmu/tetradapp/model/LofsRunner.java
/Users/fattanehjabbari/CCD-Project/CS-BN/tetrad/tetrad-gui/src/main/java/edu/cmu/tetradapp/app/hpc/editor/ButtonColumn.java
/Users/fattanehjabbari/CCD-Project/CS-BN/tetrad/tetrad-gui/src/main/java/edu/cmu/tetradapp/editor/DirichletBayesImProbsWizard.java
/Users/fattanehjabbari/CCD-Project/CS-BN/tetrad/tetrad-gui/src/main/java/edu/cmu/tetradapp/model/StandardizeWrapper.java
/Users/fattanehjabbari/CCD-Project/CS-BN/tetrad/tetrad-gui/src/main/java/edu/cmu/tetradapp/editor/PcSearchParamEditor.java
/Users/fattanehjabbari/CCD-Project/CS-BN/tetrad/tetrad-gui/src/main/java/edu/cmu/tetradapp/model/datamanip/CovMatrixWrapper.java
/Users/fattanehjabbari/CCD-Project/CS-BN/tetrad/tetrad-gui/src/main/java/edu/cmu/tetradapp/model/ExtraCategoryInterpolatorWrapper.java
/Users/fattanehjabbari/CCD-Project/CS-BN/tetrad/tetrad-gui/src/main/java/edu/cmu/tetradapp/model/KnowledgeBoxModel.java
/Users/fattanehjabbari/CCD-Project/CS-BN/tetrad/tetrad-gui/src/main/java/edu/cmu/tetradapp/editor/DataEditor.java
/Users/fattanehjabbari/CCD-Project/CS-BN/tetrad/tetrad-gui/src/main/java/edu/cmu/tetradapp/editor/SemPmEditor.java
/Users/fattanehjabbari/CCD-Project/CS-BN/tetrad/tetrad-gui/src/main/java/edu/cmu/tetradapp/editor/SemUpdaterEditor.java
/Users/fattanehjabbari/CCD-Project/CS-BN/tetrad/tetrad-gui/src/main/java/edu/cmu/tetradapp/model/BidirectedToUndirectedWrapper.java
/Users/fattanehjabbari/CCD-Project/CS-BN/tetrad/tetrad-gui/src/main/java/edu/cmu/tetradapp/model/AbstractAlgorithmRunner.java
/Users/fattanehjabbari/CCD-Project/CS-BN/tetrad/tetrad-gui/src/main/java/edu/cmu/tetradapp/editor/LoadKnowledgeAction.java
/Users/fattanehjabbari/CCD-Project/CS-BN/tetrad/tetrad-gui/src/main/java/edu/cmu/tetradapp/editor/SaveComponentImage.java
/Users/fattanehjabbari/CCD-Project/CS-BN/tetrad/tetrad-gui/src/main/java/edu/cmu/tetradapp/model/CaseExpanderWrapper.java
/Users/fattanehjabbari/CCD-Project/CS-BN/tetrad/tetrad-gui/src/main/java/edu/cmu/tetradapp/app/SessionNodeModelConfig.java
/Users/fattanehjabbari/CCD-Project/CS-BN/tetrad/tetrad-gui/src/main/java/edu/cmu/tetradapp/model/RegressionModel.java
/Users/fattanehjabbari/CCD-Project/CS-BN/tetrad/tetrad-gui/src/main/java/edu/cmu/tetradapp/editor/GeneralizedSemImEditor.java
/Users/fattanehjabbari/CCD-Project/CS-BN/tetrad/tetrad-gui/src/main/java/edu/cmu/tetradapp/model/datamanip/ConcatenateDatasetsWrapper.java
/Users/fattanehjabbari/CCD-Project/CS-BN/tetrad/tetrad-gui/src/main/java/edu/cmu/tetradapp/editor/GraphEditor.java
/Users/fattanehjabbari/CCD-Project/CS-BN/tetrad/tetrad-gui/src/main/java/edu/cmu/tetradapp/editor/LoadTimeSeriesDataAction.java
/Users/fattanehjabbari/CCD-Project/CS-BN/tetrad/tetrad-gui/src/main/java/edu/cmu/tetradapp/model/datamanip/SubsetContinuousVariablesWrapper.java
/Users/fattanehjabbari/CCD-Project/CS-BN/tetrad/tetrad-gui/src/main/java/edu/cmu/tetradapp/workbench/MeasuredDisplaySmallComp.java
/Users/fattanehjabbari/CCD-Project/CS-BN/tetrad/tetrad-gui/src/main/java/edu/cmu/tetradapp/app/CutSubsessionAction.java
/Users/fattanehjabbari/CCD-Project/CS-BN/tetrad/tetrad-gui/src/main/java/edu/cmu/tetradapp/editor/CreateTimeSeriesDataAction.java
/Users/fattanehjabbari/CCD-Project/CS-BN/tetrad/tetrad-gui/src/main/java/edu/cmu/tetradapp/editor/TimeSeriesDataDisplayJTable.java
/Users/fattanehjabbari/CCD-Project/CS-BN/tetrad/tetrad-gui/src/main/java/edu/cmu/tetradapp/editor/TabularDataTransferHandler.java
/Users/fattanehjabbari/CCD-Project/CS-BN/tetrad/tetrad-gui/src/main/java/edu/cmu/tetradapp/editor/LofsSearchEditor.java
/Users/fattanehjabbari/CCD-Project/CS-BN/tetrad/tetrad-gui/src/main/java/edu/cmu/tetradapp/editor/SemGraphToolbar.java
/Users/fattanehjabbari/CCD-Project/CS-BN/tetrad/tetrad-gui/src/main/java/edu/cmu/tetradapp/editor/DagGraphToolbar.java
/Users/fattanehjabbari/CCD-Project/CS-BN/tetrad/tetrad-gui/src/main/java/edu/cmu/tetradapp/model/PcStableRunner.java
/Users/fattanehjabbari/CCD-Project/CS-BN/tetrad/tetrad-gui/src/main/java/edu/cmu/tetradapp/model/SemGraphWrapper.java
/Users/fattanehjabbari/CCD-Project/CS-BN/tetrad/tetrad-gui/src/main/java/edu/cmu/tetradapp/workbench/MeasuredDisplayComp.java
/Users/fattanehjabbari/CCD-Project/CS-BN/tetrad/tetrad-gui/src/main/java/edu/cmu/tetradapp/model/PatternFromDagGraphWrapper.java
/Users/fattanehjabbari/CCD-Project/CS-BN/tetrad/tetrad-gui/src/main/java/edu/cmu/tetradapp/model/ExtractMarkovBlanketWrapper.java
/Users/fattanehjabbari/CCD-Project/CS-BN/tetrad/tetrad-gui/src/main/java/edu/cmu/tetradapp/ui/model/ScoreModels.java
/Users/fattanehjabbari/CCD-Project/CS-BN/tetrad/tetrad-gui/src/main/java/edu/cmu/tetradapp/editor/ScatterPlotAction.java
/Users/fattanehjabbari/CCD-Project/CS-BN/tetrad/tetrad-gui/src/main/java/edu/cmu/tetradapp/editor/QQPlot.java
/Users/fattanehjabbari/CCD-Project/CS-BN/tetrad/tetrad-gui/src/main/java/edu/cmu/tetradapp/util/DesktopController.java
/Users/fattanehjabbari/CCD-Project/CS-BN/tetrad/tetrad-gui/src/main/java/edu/cmu/tetradapp/editor/FinalizingParameterEditor.java
/Users/fattanehjabbari/CCD-Project/CS-BN/tetrad/tetrad-gui/src/main/java/edu/cmu/tetradapp/model/IonRunner.java
/Users/fattanehjabbari/CCD-Project/CS-BN/tetrad/tetrad-gui/src/main/java/edu/cmu/tetradapp/editor/SaveBayesImXmlAction.java
/Users/fattanehjabbari/CCD-Project/CS-BN/tetrad/tetrad-gui/src/main/java/edu/cmu/tetradapp/editor/SubsetDiscreteVariablesAction.java
/Users/fattanehjabbari/CCD-Project/CS-BN/tetrad/tetrad-gui/src/main/java/edu/cmu/tetradapp/model/DataWrapper.java
/Users/fattanehjabbari/CCD-Project/CS-BN/tetrad/tetrad-gui/src/main/java/edu/cmu/tetradapp/editor/GraphEditable.java
/Users/fattanehjabbari/CCD-Project/CS-BN/tetrad/tetrad-gui/src/main/java/edu/cmu/tetradapp/editor/PcLingamIndTestParamsEditor.java
/Users/fattanehjabbari/CCD-Project/CS-BN/tetrad/tetrad-gui/src/main/java/edu/cmu/tetradapp/editor/CopySubgraphAction.java
/Users/fattanehjabbari/CCD-Project/CS-BN/tetrad/tetrad-gui/src/main/java/edu/cmu/tetradapp/model/datamanip/SubsetSelectedVariablesWrapper.java
/Users/fattanehjabbari/CCD-Project/CS-BN/tetrad/tetrad-gui/src/main/java/edu/cmu/tetradapp/model/ImagesRunner.java
/Users/fattanehjabbari/CCD-Project/CS-BN/tetrad/tetrad-gui/src/main/java/edu/cmu/tetradapp/editor/SaveKnowledgeAction.java
/Users/fattanehjabbari/CCD-Project/CS-BN/tetrad/tetrad-gui/src/main/java/edu/cmu/tetradapp/model/datamanip/InvertCovMatrixWrapper.java
/Users/fattanehjabbari/CCD-Project/CS-BN/tetrad/tetrad-gui/src/main/java/edu/cmu/tetradapp/model/datamanip/DiscretizationWrapper.java
/Users/fattanehjabbari/CCD-Project/CS-BN/tetrad/tetrad-gui/src/main/java/edu/cmu/tetradapp/util/FinalizingEditor.java
/Users/fattanehjabbari/CCD-Project/CS-BN/tetrad/tetrad-gui/src/main/java/edu/cmu/tetradapp/knowledge_editor/KnowledgeDisplayNode.java
/Users/fattanehjabbari/CCD-Project/CS-BN/tetrad/tetrad-gui/src/main/java/edu/cmu/tetradapp/model/AlgorithmRunner.java
/Users/fattanehjabbari/CCD-Project/CS-BN/tetrad/tetrad-gui/src/main/java/edu/cmu/tetradapp/model/EdgewiseComparisonModel.java
/Users/fattanehjabbari/CCD-Project/CS-BN/tetrad/tetrad-gui/src/main/java/edu/cmu/tetradapp/editor/NoteEditor.java
/Users/fattanehjabbari/CCD-Project/CS-BN/tetrad/tetrad-gui/src/main/java/edu/cmu/tetradapp/app/DefaultModelChooser.java
/Users/fattanehjabbari/CCD-Project/CS-BN/tetrad/tetrad-gui/src/main/java/edu/cmu/tetradapp/model/BootstrapSamplerWrapper.java
/Users/fattanehjabbari/CCD-Project/CS-BN/tetrad/tetrad-gui/src/main/java/edu/cmu/tetradapp/model/ParameterSaver.java
/Users/fattanehjabbari/CCD-Project/CS-BN/tetrad/tetrad-gui/src/main/java/edu/cmu/tetradapp/editor/NumberCellEditor.java
/Users/fattanehjabbari/CCD-Project/CS-BN/tetrad/tetrad-gui/src/main/java/edu/cmu/tetradapp/model/datamanip/CovMatrixAverageWrapper.java
/Users/fattanehjabbari/CCD-Project/CS-BN/tetrad/tetrad-gui/src/main/java/edu/cmu/tetradapp/editor/GeneralAlgorithmEditor.java
/Users/fattanehjabbari/CCD-Project/CS-BN/tetrad/tetrad-gui/src/main/java/edu/cmu/tetradapp/model/UpdaterWrapper.java
/Users/fattanehjabbari/CCD-Project/CS-BN/tetrad/tetrad-gui/src/main/java/edu/cmu/tetradapp/workbench/DisplayNodeUtils.java
/Users/fattanehjabbari/CCD-Project/CS-BN/tetrad/tetrad-gui/src/main/java/edu/cmu/tetradapp/model/DirichletBayesImWrapper.java
/Users/fattanehjabbari/CCD-Project/CS-BN/tetrad/tetrad-gui/src/main/java/edu/cmu/tetradapp/editor/datamanip/ArResidualsParamsEditor.java
/Users/fattanehjabbari/CCD-Project/CS-BN/tetrad/tetrad-gui/src/main/java/edu/cmu/tetradapp/workbench/PngWriter.java
/Users/fattanehjabbari/CCD-Project/CS-BN/tetrad/tetrad-gui/src/main/java/edu/cmu/tetradapp/editor/IndTestParamsEditor.java
/Users/fattanehjabbari/CCD-Project/CS-BN/tetrad/tetrad-gui/src/main/java/edu/cmu/tetradapp/editor/SimulationGraphEditor.java
/Users/fattanehjabbari/CCD-Project/CS-BN/tetrad/tetrad-gui/src/main/java/edu/cmu/tetradapp/editor/SimulationParamsEditor.java
/Users/fattanehjabbari/CCD-Project/CS-BN/tetrad/tetrad-gui/src/main/java/edu/cmu/tetradapp/model/datamanip/BoxCoxWrapper.java
/Users/fattanehjabbari/CCD-Project/CS-BN/tetrad/tetrad-gui/src/main/java/edu/cmu/tetradapp/app/hpc/manager/HpcAccountService.java
/Users/fattanehjabbari/CCD-Project/CS-BN/tetrad/tetrad-gui/src/main/java/edu/cmu/tetradapp/editor/BootstrapSamplerParamsEditor.java
/Users/fattanehjabbari/CCD-Project/CS-BN/tetrad/tetrad-gui/src/main/java/edu/cmu/tetradapp/editor/ConvertToCorrMatixAction.java
/Users/fattanehjabbari/CCD-Project/CS-BN/tetrad/tetrad-gui/src/main/java/edu/cmu/tetradapp/editor/MimbuildEditor.java
/Users/fattanehjabbari/CCD-Project/CS-BN/tetrad/tetrad-gui/src/main/java/edu/cmu/tetradapp/editor/StructEmBayesSearchEditor.java
/Users/fattanehjabbari/CCD-Project/CS-BN/tetrad/tetrad-gui/src/main/java/edu/cmu/tetradapp/util/FileLoadingUtils.java
/Users/fattanehjabbari/CCD-Project/CS-BN/tetrad/tetrad-gui/src/main/java/edu/cmu/tetradapp/editor/GeneralizedSemPmListEditor.java
/Users/fattanehjabbari/CCD-Project/CS-BN/tetrad/tetrad-gui/src/main/java/edu/cmu/tetradapp/editor/TimeSeriesDataDisplay.java
/Users/fattanehjabbari/CCD-Project/CS-BN/tetrad/tetrad-gui/src/main/java/edu/cmu/tetradapp/model/GraphSettable.java
/Users/fattanehjabbari/CCD-Project/CS-BN/tetrad/tetrad-gui/src/main/java/edu/cmu/tetradapp/model/VcpcAltRunner.java
/Users/fattanehjabbari/CCD-Project/CS-BN/tetrad/tetrad-gui/src/main/java/edu/cmu/tetradapp/editor/datamanip/BoxCoxParamsEditor.java
/Users/fattanehjabbari/CCD-Project/CS-BN/tetrad/tetrad-gui/src/main/java/edu/cmu/tetradapp/editor/ScatterPlotEditorPanel.java
/Users/fattanehjabbari/CCD-Project/CS-BN/tetrad/tetrad-gui/src/main/java/edu/cmu/tetradapp/model/KnowledgeWrapper.java
/Users/fattanehjabbari/CCD-Project/CS-BN/tetrad/tetrad-gui/src/main/java/edu/cmu/tetradapp/editor/PcGesSearchEditor.java
/Users/fattanehjabbari/CCD-Project/CS-BN/tetrad/tetrad-gui/src/main/java/edu/cmu/tetradapp/model/MarkovBlanketSearchRunner.java
/Users/fattanehjabbari/CCD-Project/CS-BN/tetrad/tetrad-gui/src/main/java/edu/cmu/tetradapp/model/datamanip/CovMatrixDifferenceWrapper.java
/Users/fattanehjabbari/CCD-Project/CS-BN/tetrad/tetrad-gui/src/main/java/edu/cmu/tetradapp/model/datamanip/DeterminismWraper.java
/Users/fattanehjabbari/CCD-Project/CS-BN/tetrad/tetrad-gui/src/main/java/edu/cmu/tetradapp/model/PcPatternRunner.java
/Users/fattanehjabbari/CCD-Project/CS-BN/tetrad/tetrad-gui/src/main/java/edu/cmu/tetradapp/model/SemEstimatorWrapper.java
/Users/fattanehjabbari/CCD-Project/CS-BN/tetrad/tetrad-gui/src/main/java/edu/cmu/tetradapp/model/IGesRunner.java
/Users/fattanehjabbari/CCD-Project/CS-BN/tetrad/tetrad-gui/src/main/java/edu/cmu/tetradapp/model/SemPmWrapper.java
/Users/fattanehjabbari/CCD-Project/CS-BN/tetrad/tetrad-gui/src/main/java/edu/cmu/tetradapp/app/NoteDisplayComp.java
/Users/fattanehjabbari/CCD-Project/CS-BN/tetrad/tetrad-gui/src/main/java/edu/cmu/tetradapp/editor/CovMatrixTable.java
/Users/fattanehjabbari/CCD-Project/CS-BN/tetrad/tetrad-gui/src/main/java/edu/cmu/tetradapp/editor/datamanip/DiscretizationEditor.java
/Users/fattanehjabbari/CCD-Project/CS-BN/tetrad/tetrad-gui/src/main/java/edu/cmu/tetradapp/model/datamanip/FirstDifferencesWrapper.java
/Users/fattanehjabbari/CCD-Project/CS-BN/tetrad/tetrad-gui/src/main/java/edu/cmu/tetradapp/editor/UpdatedBayesImWizard.java
/Users/fattanehjabbari/CCD-Project/CS-BN/tetrad/tetrad-gui/src/main/java/edu/cmu/tetradapp/editor/DataModelContainer.java
/Users/fattanehjabbari/CCD-Project/CS-BN/tetrad/tetrad-gui/src/main/java/edu/cmu/tetradapp/editor/PasteSubgraphAction.java
/Users/fattanehjabbari/CCD-Project/CS-BN/tetrad/tetrad-gui/src/main/java/edu/cmu/tetradapp/editor/StandardizedSemImEditor.java
/Users/fattanehjabbari/CCD-Project/CS-BN/tetrad/tetrad-gui/src/main/java/edu/cmu/tetradapp/editor/TierList.java
/Users/fattanehjabbari/CCD-Project/CS-BN/tetrad/tetrad-gui/src/main/java/edu/cmu/tetradapp/app/WindowMenuListener.java
/Users/fattanehjabbari/CCD-Project/CS-BN/tetrad/tetrad-gui/src/main/java/edu/cmu/tetradapp/editor/LoadBayesImXsdlXmlAction.java
/Users/fattanehjabbari/CCD-Project/CS-BN/tetrad/tetrad-gui/src/main/java/edu/cmu/tetradapp/editor/BayesImNodeEditingTable.java
/Users/fattanehjabbari/CCD-Project/CS-BN/tetrad/tetrad-gui/src/main/java/edu/cmu/tetradapp/model/FciRunner.java
/Users/fattanehjabbari/CCD-Project/CS-BN/tetrad/tetrad-gui/src/main/java/edu/cmu/tetradapp/editor/SplitCasesParamsEditor.java
/Users/fattanehjabbari/CCD-Project/CS-BN/tetrad/tetrad-gui/src/main/java/edu/cmu/tetradapp/knowledge_editor/KnowledgeEditorToolbar.java
/Users/fattanehjabbari/CCD-Project/CS-BN/tetrad/tetrad-gui/src/main/java/edu/cmu/tetradapp/model/DirichletBayesDataWrapper.java
/Users/fattanehjabbari/CCD-Project/CS-BN/tetrad/tetrad-gui/src/main/java/edu/cmu/tetradapp/knowledge_editor/KnowledgeDisplayEdge.java
/Users/fattanehjabbari/CCD-Project/CS-BN/tetrad/tetrad-gui/src/main/java/edu/cmu/tetradapp/model/GeneralizedSemPmWrapper.java
/Users/fattanehjabbari/CCD-Project/CS-BN/tetrad/tetrad-gui/src/main/java/edu/cmu/tetradapp/editor/BayesPmEditor.java
/Users/fattanehjabbari/CCD-Project/CS-BN/tetrad/tetrad-gui/src/main/java/edu/cmu/tetradapp/editor/ExpandCaseMultipliersAction.java
/Users/fattanehjabbari/CCD-Project/CS-BN/tetrad/tetrad-gui/src/main/java/edu/cmu/tetradapp/model/MagInPagWrapper.java
/Users/fattanehjabbari/CCD-Project/CS-BN/tetrad/tetrad-gui/src/main/java/edu/cmu/tetradapp/model/SampleVcpcFastRunner.java
/Users/fattanehjabbari/CCD-Project/CS-BN/tetrad/tetrad-gui/src/main/java/edu/cmu/tetradapp/ui/model/IndependenceTestModel.java
/Users/fattanehjabbari/CCD-Project/CS-BN/tetrad/tetrad-gui/src/main/java/edu/cmu/tetradapp/editor/DirectedPathsAction.java
/Users/fattanehjabbari/CCD-Project/CS-BN/tetrad/tetrad-gui/src/main/java/edu/cmu/tetradapp/model/datamanip/RemoveConstantColumnsWrapper.java
/Users/fattanehjabbari/CCD-Project/CS-BN/tetrad/tetrad-gui/src/main/java/edu/cmu/tetradapp/model/TFciRunner.java
/Users/fattanehjabbari/CCD-Project/CS-BN/tetrad/tetrad-gui/src/main/java/edu/cmu/tetradapp/editor/EdgewiseComparisonParamsEditor.java
/Users/fattanehjabbari/CCD-Project/CS-BN/tetrad/tetrad-gui/src/main/java/edu/cmu/tetradapp/model/HitonRunner.java
/Users/fattanehjabbari/CCD-Project/CS-BN/tetrad/tetrad-gui/src/main/java/edu/cmu/tetradapp/model/TabularComparison.java
/Users/fattanehjabbari/CCD-Project/CS-BN/tetrad/tetrad-gui/src/main/java/edu/cmu/tetradapp/editor/BayesImEditor.java
/Users/fattanehjabbari/CCD-Project/CS-BN/tetrad/tetrad-gui/src/main/java/edu/cmu/tetradapp/editor/PValueImproverEditor.java
/Users/fattanehjabbari/CCD-Project/CS-BN/tetrad/tetrad-gui/src/main/java/edu/cmu/tetradapp/editor/TabularComparisonEditor.java
/Users/fattanehjabbari/CCD-Project/CS-BN/tetrad/tetrad-gui/src/main/java/edu/cmu/tetradapp/model/ReplaceMissingWithRandomWrapper.java
/Users/fattanehjabbari/CCD-Project/CS-BN/tetrad/tetrad-gui/src/main/java/edu/cmu/tetradapp/editor/Tier.java
/Users/fattanehjabbari/CCD-Project/CS-BN/tetrad/tetrad-gui/src/main/java/edu/cmu/tetradapp/model/PValueImproverWrapper.java
/Users/fattanehjabbari/CCD-Project/CS-BN/tetrad/tetrad-gui/src/main/java/edu/cmu/tetradapp/model/FgesMbRunner.java
/Users/fattanehjabbari/CCD-Project/CS-BN/tetrad/tetrad-gui/src/main/java/edu/cmu/tetradapp/model/Indexable.java
/Users/fattanehjabbari/CCD-Project/CS-BN/tetrad/tetrad-gui/src/main/java/edu/cmu/tetradapp/model/MbFanSearchRunner.java
/Users/fattanehjabbari/CCD-Project/CS-BN/tetrad/tetrad-gui/src/main/java/edu/cmu/tetradapp/editor/EvidenceWizardMultiple.java
/Users/fattanehjabbari/CCD-Project/CS-BN/tetrad/tetrad-gui/src/main/java/edu/cmu/tetradapp/app/PasteSubsessionAction.java
/Users/fattanehjabbari/CCD-Project/CS-BN/tetrad/tetrad-gui/src/main/java/edu/cmu/tetradapp/model/InverseCorrelationRunner.java
/Users/fattanehjabbari/CCD-Project/CS-BN/tetrad/tetrad-gui/src/main/java/edu/cmu/tetradapp/editor/FtfcSearchEditor.java
/Users/fattanehjabbari/CCD-Project/CS-BN/tetrad/tetrad-gui/src/main/java/edu/cmu/tetradapp/editor/EvidenceEditor.java
/Users/fattanehjabbari/CCD-Project/CS-BN/tetrad/tetrad-gui/src/main/java/edu/cmu/tetradapp/util/CopyLayoutAction.java
/Users/fattanehjabbari/CCD-Project/CS-BN/tetrad/tetrad-gui/src/main/java/edu/cmu/tetradapp/editor/DirichletBayesImEditor.java
/Users/fattanehjabbari/CCD-Project/CS-BN/tetrad/tetrad-gui/src/main/java/edu/cmu/tetradapp/editor/NormalityTestAction.java
/Users/fattanehjabbari/CCD-Project/CS-BN/tetrad/tetrad-gui/src/main/java/edu/cmu/tetradapp/editor/LogParamsEditor.java
/Users/fattanehjabbari/CCD-Project/CS-BN/tetrad/tetrad-gui/src/main/java/edu/cmu/tetradapp/model/MeasurementModelWrapper.java
/Users/fattanehjabbari/CCD-Project/CS-BN/tetrad/tetrad-gui/src/main/java/edu/cmu/tetradapp/model/SessionAppModule.java
/Users/fattanehjabbari/CCD-Project/CS-BN/tetrad/tetrad-gui/src/main/java/edu/cmu/tetradapp/editor/FciSearchParamEditor.java
/Users/fattanehjabbari/CCD-Project/CS-BN/tetrad/tetrad-gui/src/main/java/edu/cmu/tetradapp/model/LogData.java
/Users/fattanehjabbari/CCD-Project/CS-BN/tetrad/tetrad-gui/src/main/java/edu/cmu/tetradapp/editor/datamanip/DiscreteDiscretizationEditor.java
/Users/fattanehjabbari/CCD-Project/CS-BN/tetrad/tetrad-gui/src/main/java/edu/cmu/tetradapp/editor/MimSearchEditor.java
/Users/fattanehjabbari/CCD-Project/CS-BN/tetrad/tetrad-gui/src/main/java/edu/cmu/tetradapp/model/CcdRunner.java
/Users/fattanehjabbari/CCD-Project/CS-BN/tetrad/tetrad-gui/src/main/java/edu/cmu/tetradapp/editor/PcIndTestParamsEditor.java
/Users/fattanehjabbari/CCD-Project/CS-BN/tetrad/tetrad-gui/src/main/java/edu/cmu/tetradapp/knowledge_editor/OtherGroupsEditor.java
/Users/fattanehjabbari/CCD-Project/CS-BN/tetrad/tetrad-gui/src/main/java/edu/cmu/tetradapp/model/GraphComparisonParams.java
/Users/fattanehjabbari/CCD-Project/CS-BN/tetrad/tetrad-gui/src/main/java/edu/cmu/tetradapp/workbench/ErrorDisplayComp.java
/Users/fattanehjabbari/CCD-Project/CS-BN/tetrad/tetrad-gui/src/main/java/edu/cmu/tetradapp/editor/RocPlot.java
/Users/fattanehjabbari/CCD-Project/CS-BN/tetrad/tetrad-gui/src/main/java/edu/cmu/tetradapp/editor/TestHistogram.java
/Users/fattanehjabbari/CCD-Project/CS-BN/tetrad/tetrad-gui/src/main/java/edu/cmu/tetradapp/model/TetradMetadata.java
/Users/fattanehjabbari/CCD-Project/CS-BN/tetrad/tetrad-gui/src/main/java/edu/cmu/tetradapp/model/datamanip/RemoveConstantColumnsDataFilter.java
/Users/fattanehjabbari/CCD-Project/CS-BN/tetrad/tetrad-gui/src/main/java/edu/cmu/tetradapp/editor/StructEMBayesSearchParamsEditor.java
/Users/fattanehjabbari/CCD-Project/CS-BN/tetrad/tetrad-gui/src/main/java/edu/cmu/tetradapp/editor/simulation/ParameterTab.java
/Users/fattanehjabbari/CCD-Project/CS-BN/tetrad/tetrad-gui/src/main/java/edu/cmu/tetradapp/model/BayesImWrapperObs.java
/Users/fattanehjabbari/CCD-Project/CS-BN/tetrad/tetrad-gui/src/main/java/edu/cmu/tetradapp/model/GeneralAlgorithmRunner.java
/Users/fattanehjabbari/CCD-Project/CS-BN/tetrad/tetrad-gui/src/main/java/edu/cmu/tetradapp/app/ExitAction.java
/Users/fattanehjabbari/CCD-Project/CS-BN/tetrad/tetrad-gui/src/main/java/edu/cmu/tetradapp/editor/DirichletBayesImCountsWizard.java
/Users/fattanehjabbari/CCD-Project/CS-BN/tetrad/tetrad-gui/src/main/java/edu/cmu/tetradapp/editor/LofsSearchEditorNew.java
/Users/fattanehjabbari/CCD-Project/CS-BN/tetrad/tetrad-gui/src/main/java/edu/cmu/tetradapp/editor/RandomGraphEditor.java
/Users/fattanehjabbari/CCD-Project/CS-BN/tetrad/tetrad-gui/src/main/java/edu/cmu/tetradapp/model/datamanip/ExpandCaseMultipliersWrapper.java
/Users/fattanehjabbari/CCD-Project/CS-BN/tetrad/tetrad-gui/src/main/java/edu/cmu/tetradapp/model/datamanip/CopyAllDatasetsWrapper.java
/Users/fattanehjabbari/CCD-Project/CS-BN/tetrad/tetrad-gui/src/main/java/edu/cmu/tetradapp/editor/FofcIndTestParamsEditor.java
/Users/fattanehjabbari/CCD-Project/CS-BN/tetrad/tetrad-gui/src/main/java/edu/cmu/tetradapp/app/CloseSessionAction.java
/Users/fattanehjabbari/CCD-Project/CS-BN/tetrad/tetrad-gui/src/main/java/edu/cmu/tetradapp/editor/QQPlotAction.java
/Users/fattanehjabbari/CCD-Project/CS-BN/tetrad/tetrad-gui/src/main/java/edu/cmu/tetradapp/model/LingRunner.java
/Users/fattanehjabbari/CCD-Project/CS-BN/tetrad/tetrad-gui/src/main/java/edu/cmu/tetradapp/editor/BayesPmEditorWizard.java
/Users/fattanehjabbari/CCD-Project/CS-BN/tetrad/tetrad-gui/src/main/java/edu/cmu/tetradapp/editor/GeneralizedSemImListEditor.java
/Users/fattanehjabbari/CCD-Project/CS-BN/tetrad/tetrad-gui/src/main/java/edu/cmu/tetradapp/editor/LoadDataSettings.java
/Users/fattanehjabbari/CCD-Project/CS-BN/tetrad/tetrad-gui/src/main/java/edu/cmu/tetradapp/editor/ScatterPlotDisplayPanelOld.java
/Users/fattanehjabbari/CCD-Project/CS-BN/tetrad/tetrad-gui/src/main/java/edu/cmu/tetradapp/app/hpc/action/LoadHpcGraphJsonAction.java
/Users/fattanehjabbari/CCD-Project/CS-BN/tetrad/tetrad-gui/src/main/java/edu/cmu/tetradapp/editor/search/GraphCard.java
/Users/fattanehjabbari/CCD-Project/CS-BN/tetrad/tetrad-gui/src/main/java/edu/cmu/tetradapp/editor/QQPlotEditorPanel.java
/Users/fattanehjabbari/CCD-Project/CS-BN/tetrad/tetrad-gui/src/main/java/edu/cmu/tetradapp/model/GFciRunner.java
/Users/fattanehjabbari/CCD-Project/CS-BN/tetrad/tetrad-gui/src/main/java/edu/cmu/tetradapp/editor/ModeInterpolatorAction.java
/Users/fattanehjabbari/CCD-Project/CS-BN/tetrad/tetrad-gui/src/main/java/edu/cmu/tetradapp/model/TsPagFromDagGraphWrapper.java
/Users/fattanehjabbari/CCD-Project/CS-BN/tetrad/tetrad-gui/src/main/java/edu/cmu/tetradapp/editor/SemImEditor.java
/Users/fattanehjabbari/CCD-Project/CS-BN/tetrad/tetrad-gui/src/main/java/edu/cmu/tetradapp/model/IndependenceResult.java
/Users/fattanehjabbari/CCD-Project/CS-BN/tetrad/tetrad-gui/src/main/java/edu/cmu/tetradapp/editor/BuildPureClustersParamsEditor.java
/Users/fattanehjabbari/CCD-Project/CS-BN/tetrad/tetrad-gui/src/main/java/edu/cmu/tetradapp/editor/UpdatedBayesImWizardObs.java
/Users/fattanehjabbari/CCD-Project/CS-BN/tetrad/tetrad-gui/src/main/java/edu/cmu/tetradapp/editor/LingSearchEditor.java
/Users/fattanehjabbari/CCD-Project/CS-BN/tetrad/tetrad-gui/src/main/java/edu/cmu/tetradapp/editor/GraphFileMenu.java
/Users/fattanehjabbari/CCD-Project/CS-BN/tetrad/tetrad-gui/src/main/java/edu/cmu/tetradapp/util/LoggingMenu.java
/Users/fattanehjabbari/CCD-Project/CS-BN/tetrad/tetrad-gui/src/main/java/edu/cmu/tetradapp/editor/CovMatrixJTable.java
/Users/fattanehjabbari/CCD-Project/CS-BN/tetrad/tetrad-gui/src/main/java/edu/cmu/tetradapp/app/WarrantyAction.java
/Users/fattanehjabbari/CCD-Project/CS-BN/tetrad/tetrad-gui/src/main/java/edu/cmu/tetradapp/ui/model/ScoreModel.java
/Users/fattanehjabbari/CCD-Project/CS-BN/tetrad/tetrad-gui/src/main/java/edu/cmu/tetradapp/model/ApproximateUpdaterWrapper.java
/Users/fattanehjabbari/CCD-Project/CS-BN/tetrad/tetrad-gui/src/main/java/edu/cmu/tetradapp/editor/StandardSemImImpliedCovTable.java
/Users/fattanehjabbari/CCD-Project/CS-BN/tetrad/tetrad-gui/src/main/java/edu/cmu/tetradapp/app/SessionWrappers.java
/Users/fattanehjabbari/CCD-Project/CS-BN/tetrad/tetrad-gui/src/main/java/edu/cmu/tetradapp/editor/PurifyParamsEditor.java
/Users/fattanehjabbari/CCD-Project/CS-BN/tetrad/tetrad-gui/src/main/java/edu/cmu/tetradapp/model/VanderbiltMmmbMbSearchRunner.java
/Users/fattanehjabbari/CCD-Project/CS-BN/tetrad/tetrad-gui/src/main/java/edu/cmu/tetradapp/editor/IndTestMenuItems.java
/Users/fattanehjabbari/CCD-Project/CS-BN/tetrad/tetrad-gui/src/main/java/edu/cmu/tetradapp/util/InternalClipboard.java
/Users/fattanehjabbari/CCD-Project/CS-BN/tetrad/tetrad-gui/src/main/java/edu/cmu/tetradapp/editor/SelectBidirectedAction.java
/Users/fattanehjabbari/CCD-Project/CS-BN/tetrad/tetrad-gui/src/main/java/edu/cmu/tetradapp/model/GenerateCompleteGraphWrapper.java
/Users/fattanehjabbari/CCD-Project/CS-BN/tetrad/tetrad-gui/src/main/java/edu/cmu/tetradapp/model/ModeInterpolatorWrapper.java
/Users/fattanehjabbari/CCD-Project/CS-BN/tetrad/tetrad-gui/src/main/java/edu/cmu/tetradapp/model/SimpleSimulationProperties.java
/Users/fattanehjabbari/CCD-Project/CS-BN/tetrad/tetrad-gui/src/main/java/edu/cmu/tetradapp/ui/model/AlgorithmModels.java
/Users/fattanehjabbari/CCD-Project/CS-BN/tetrad/tetrad-gui/src/main/java/edu/cmu/tetradapp/model/NoteModel.java
/Users/fattanehjabbari/CCD-Project/CS-BN/tetrad/tetrad-gui/src/main/java/edu/cmu/tetradapp/editor/TabularDataTable.java
/Users/fattanehjabbari/CCD-Project/CS-BN/tetrad/tetrad-gui/src/main/java/edu/cmu/tetradapp/model/FgesRunner.java
/Users/fattanehjabbari/CCD-Project/CS-BN/tetrad/tetrad-gui/src/main/java/edu/cmu/tetradapp/model/datamanip/TimeSeriesWrapper2.java
/Users/fattanehjabbari/CCD-Project/CS-BN/tetrad/tetrad-gui/src/main/java/edu/cmu/tetradapp/app/SetupLoggingAction.java
/Users/fattanehjabbari/CCD-Project/CS-BN/tetrad/tetrad-gui/src/main/java/edu/cmu/tetradapp/model/VariableSubsetterWrapper.java
/Users/fattanehjabbari/CCD-Project/CS-BN/tetrad/tetrad-gui/src/main/java/edu/cmu/tetradapp/workbench/LayoutMenu.java
/Users/fattanehjabbari/CCD-Project/CS-BN/tetrad/tetrad-gui/src/main/java/edu/cmu/tetradapp/model/BayesEstimatorWrapper.java
/Users/fattanehjabbari/CCD-Project/CS-BN/tetrad/tetrad-gui/src/main/java/edu/cmu/tetradapp/editor/datamanip/TimeSeriesParamsEditor.java
/Users/fattanehjabbari/CCD-Project/CS-BN/tetrad/tetrad-gui/src/main/java/edu/cmu/tetradapp/model/datamanip/SplitCasesWrapper.java
/Users/fattanehjabbari/CCD-Project/CS-BN/tetrad/tetrad-gui/src/main/java/edu/cmu/tetradapp/app/SessionVersionAction.java
/Users/fattanehjabbari/CCD-Project/CS-BN/tetrad/tetrad-gui/src/main/java/edu/cmu/tetradapp/model/MimRunner.java
/Users/fattanehjabbari/CCD-Project/CS-BN/tetrad/tetrad-gui/src/main/java/edu/cmu/tetradapp/editor/GeneralizedSemPmParamsEditor.java
/Users/fattanehjabbari/CCD-Project/CS-BN/tetrad/tetrad-gui/src/main/java/edu/cmu/tetradapp/editor/GraphParamsEditor.java
/Users/fattanehjabbari/CCD-Project/CS-BN/tetrad/tetrad-gui/src/main/java/edu/cmu/tetradapp/editor/LingamSearchEditor.java
/Users/fattanehjabbari/CCD-Project/CS-BN/tetrad/tetrad-gui/src/main/java/edu/cmu/tetradapp/editor/SemEvidenceWizardMultiple.java
/Users/fattanehjabbari/CCD-Project/CS-BN/tetrad/tetrad-gui/src/main/java/edu/cmu/tetradapp/editor/SearchParamEditor.java
/Users/fattanehjabbari/CCD-Project/CS-BN/tetrad/tetrad-gui/src/main/java/edu/cmu/tetradapp/editor/RegressionResultDisplay.java
/Users/fattanehjabbari/CCD-Project/CS-BN/tetrad/tetrad-gui/src/main/java/edu/cmu/tetradapp/editor/AllPathsAction.java
/Users/fattanehjabbari/CCD-Project/CS-BN/tetrad/tetrad-gui/src/main/java/edu/cmu/tetradapp/editor/SemGraphEditor.java
/Users/fattanehjabbari/CCD-Project/CS-BN/tetrad/tetrad-gui/src/main/java/edu/cmu/tetradapp/model/RequiredGraphModel.java
/Users/fattanehjabbari/CCD-Project/CS-BN/tetrad/tetrad-gui/src/main/java/edu/cmu/tetradapp/editor/GeneralizedExpressionParameterizer.java
/Users/fattanehjabbari/CCD-Project/CS-BN/tetrad/tetrad-gui/src/main/java/edu/cmu/tetradapp/app/hpc/action/DeleteHpcJobInfoAction.java
/Users/fattanehjabbari/CCD-Project/CS-BN/tetrad/tetrad-gui/src/main/java/edu/cmu/tetradapp/model/EdgeWeightComparison.java
/Users/fattanehjabbari/CCD-Project/CS-BN/tetrad/tetrad-gui/src/main/java/edu/cmu/tetradapp/editor/DirichletBayesImParamsEditor.java
/Users/fattanehjabbari/CCD-Project/CS-BN/tetrad/tetrad-gui/src/main/java/edu/cmu/tetradapp/editor/GeneralizedSemImParamsEditor.java
/Users/fattanehjabbari/CCD-Project/CS-BN/tetrad/tetrad-gui/src/main/java/edu/cmu/tetradapp/editor/IndependenceFactsAction.java
/Users/fattanehjabbari/CCD-Project/CS-BN/tetrad/tetrad-gui/src/main/java/edu/cmu/tetradapp/editor/BayesImEditorWizardObs.java
/Users/fattanehjabbari/CCD-Project/CS-BN/tetrad/tetrad-gui/src/main/java/edu/cmu/tetradapp/model/SessionNodeWrapper.java
/Users/fattanehjabbari/CCD-Project/CS-BN/tetrad/tetrad-gui/src/main/java/edu/cmu/tetradapp/util/WatchedProcess.java
/Users/fattanehjabbari/CCD-Project/CS-BN/tetrad/tetrad-gui/src/main/java/edu/cmu/tetradapp/model/ConvertToPositiveSkew.java
/Users/fattanehjabbari/CCD-Project/CS-BN/tetrad/tetrad-gui/src/main/java/edu/cmu/tetradapp/model/StandardizedSemImWrapper.java
/Users/fattanehjabbari/CCD-Project/CS-BN/tetrad/tetrad-gui/src/main/java/edu/cmu/tetradapp/app/FontSelectionAction.java
/Users/fattanehjabbari/CCD-Project/CS-BN/tetrad/tetrad-gui/src/main/java/edu/cmu/tetradapp/editor/RegressionEditor.java
/Users/fattanehjabbari/CCD-Project/CS-BN/tetrad/tetrad-gui/src/main/java/edu/cmu/tetradapp/model/DagInPatternWrapper.java
/Users/fattanehjabbari/CCD-Project/CS-BN/tetrad/tetrad-gui/src/main/java/edu/cmu/tetradapp/model/SemSimulationParams.java
/Users/fattanehjabbari/CCD-Project/CS-BN/tetrad/tetrad-gui/src/main/java/edu/cmu/tetradapp/editor/NormalityTests.java
/Users/fattanehjabbari/CCD-Project/CS-BN/tetrad/tetrad-gui/src/main/java/edu/cmu/tetradapp/util/SessionWrapperIndirectRef.java
/Users/fattanehjabbari/CCD-Project/CS-BN/tetrad/tetrad-gui/src/main/java/edu/cmu/tetradapp/editor/datamanip/RangeEditor.java
/Users/fattanehjabbari/CCD-Project/CS-BN/tetrad/tetrad-gui/src/main/java/edu/cmu/tetradapp/editor/StatsListEditor.java
/Users/fattanehjabbari/CCD-Project/CS-BN/tetrad/tetrad-gui/src/main/java/edu/cmu/tetradapp/editor/SubsetSelectedVariablesAction.java
/Users/fattanehjabbari/CCD-Project/CS-BN/tetrad/tetrad-gui/src/main/java/edu/cmu/tetradapp/editor/LoadGraphTxt.java
/Users/fattanehjabbari/CCD-Project/CS-BN/tetrad/tetrad-gui/src/main/java/edu/cmu/tetradapp/editor/MissingDataInjectorAction.java
/Users/fattanehjabbari/CCD-Project/CS-BN/tetrad/tetrad-gui/src/main/java/edu/cmu/tetradapp/editor/BuildPureClustersIndTestParamsEditor2.java
/Users/fattanehjabbari/CCD-Project/CS-BN/tetrad/tetrad-gui/src/main/java/edu/cmu/tetradapp/app/hpc/util/HpcAccountUtils.java
/Users/fattanehjabbari/CCD-Project/CS-BN/tetrad/tetrad-gui/src/main/java/edu/cmu/tetradapp/editor/ClusterRenderer.java
/Users/fattanehjabbari/CCD-Project/CS-BN/tetrad/tetrad-gui/src/main/java/edu/cmu/tetradapp/model/Misclassifications.java
/Users/fattanehjabbari/CCD-Project/CS-BN/tetrad/tetrad-gui/src/main/java/edu/cmu/tetradapp/ui/tool/SessionFileTransferHandler.java
/Users/fattanehjabbari/CCD-Project/CS-BN/tetrad/tetrad-gui/src/main/java/edu/cmu/tetradapp/editor/TimeLagGraphEditor.java
/Users/fattanehjabbari/CCD-Project/CS-BN/tetrad/tetrad-gui/src/main/java/edu/cmu/tetradapp/editor/LoadDataDialog.java
/Users/fattanehjabbari/CCD-Project/CS-BN/tetrad/tetrad-gui/src/main/java/edu/cmu/tetradapp/model/MbfsRunner.java
/Users/fattanehjabbari/CCD-Project/CS-BN/tetrad/tetrad-gui/src/main/java/edu/cmu/tetradapp/ui/model/IndependenceTestModels.java
/Users/fattanehjabbari/CCD-Project/CS-BN/tetrad/tetrad-gui/src/main/java/edu/cmu/tetradapp/app/SessionDisplayComp.java
/Users/fattanehjabbari/CCD-Project/CS-BN/tetrad/tetrad-gui/src/main/java/edu/cmu/tetradapp/editor/TimeSeriesIndTestParamsEditor.java
/Users/fattanehjabbari/CCD-Project/CS-BN/tetrad/tetrad-gui/src/main/java/edu/cmu/tetradapp/editor/LoadGraphJson.java
/Users/fattanehjabbari/CCD-Project/CS-BN/tetrad/tetrad-gui/src/main/java/edu/cmu/tetradapp/model/CalculatorWrapper.java
/Users/fattanehjabbari/CCD-Project/CS-BN/tetrad/tetrad-gui/src/main/java/edu/cmu/tetradapp/model/SemDataWrapper.java
/Users/fattanehjabbari/CCD-Project/CS-BN/tetrad/tetrad-gui/src/main/java/edu/cmu/tetradapp/editor/BayesImParamsEditor.java
/Users/fattanehjabbari/CCD-Project/CS-BN/tetrad/tetrad-gui/src/main/java/edu/cmu/tetradapp/model/MultipleGraphSource.java
/Users/fattanehjabbari/CCD-Project/CS-BN/tetrad/tetrad-gui/src/main/java/edu/cmu/tetradapp/editor/FactorAnalysisAction.java
/Users/fattanehjabbari/CCD-Project/CS-BN/tetrad/tetrad-gui/src/main/java/edu/cmu/tetradapp/editor/PatternFitEditor.java
/Users/fattanehjabbari/CCD-Project/CS-BN/tetrad/tetrad-gui/src/main/java/edu/cmu/tetradapp/workbench/LagWorkbench.java
/Users/fattanehjabbari/CCD-Project/CS-BN/tetrad/tetrad-gui/src/main/java/edu/cmu/tetradapp/model/datamanip/SimulateFromCovWrapper.java
/Users/fattanehjabbari/CCD-Project/CS-BN/tetrad/tetrad-gui/src/main/java/edu/cmu/tetradapp/editor/BayesEstimatorNodeEditingTable.java
/Users/fattanehjabbari/CCD-Project/CS-BN/tetrad/tetrad-gui/src/main/java/edu/cmu/tetradapp/knowledge_editor/IndependenceFactsEditor.java
/Users/fattanehjabbari/CCD-Project/CS-BN/tetrad/tetrad-gui/src/main/java/edu/cmu/tetradapp/editor/UpdatedSemImWizard.java
/Users/fattanehjabbari/CCD-Project/CS-BN/tetrad/tetrad-gui/src/main/java/edu/cmu/tetradapp/model/AbstractMimRunner.java
/Users/fattanehjabbari/CCD-Project/CS-BN/tetrad/tetrad-gui/src/main/java/edu/cmu/tetradapp/editor/EMBayesEstimatorEditorWizard.java
/Users/fattanehjabbari/CCD-Project/CS-BN/tetrad/tetrad-gui/src/main/java/edu/cmu/tetradapp/model/ForbiddenGraphModel.java
/Users/fattanehjabbari/CCD-Project/CS-BN/tetrad/tetrad-gui/src/main/java/edu/cmu/tetradapp/editor/PurifyIndTestParamsEditor.java
/Users/fattanehjabbari/CCD-Project/CS-BN/tetrad/tetrad-gui/src/main/java/edu/cmu/tetradapp/model/GraphWrapper.java
/Users/fattanehjabbari/CCD-Project/CS-BN/tetrad/tetrad-gui/src/main/java/edu/cmu/tetradapp/model/LingamRunner.java
/Users/fattanehjabbari/CCD-Project/CS-BN/tetrad/tetrad-gui/src/main/java/edu/cmu/tetradapp/model/RandomMixedRunner.java
/Users/fattanehjabbari/CCD-Project/CS-BN/tetrad/tetrad-gui/src/main/java/edu/cmu/tetradapp/model/datamanip/ResidualsWrapper.java
/Users/fattanehjabbari/CCD-Project/CS-BN/tetrad/tetrad-gui/src/main/java/edu/cmu/tetradapp/util/IntTextField.java
/Users/fattanehjabbari/CCD-Project/CS-BN/tetrad/tetrad-gui/src/main/java/edu/cmu/tetradapp/util/LayoutEditable.java
/Users/fattanehjabbari/CCD-Project/CS-BN/tetrad/tetrad-gui/src/main/java/edu/cmu/tetradapp/model/BayesImWrapper.java
/Users/fattanehjabbari/CCD-Project/CS-BN/tetrad/tetrad-gui/src/main/java/edu/cmu/tetradapp/editor/RandomDagScaleFreeEditor.java
/Users/fattanehjabbari/CCD-Project/CS-BN/tetrad/tetrad-gui/src/main/java/edu/cmu/tetradapp/model/CfciRunner.java
/Users/fattanehjabbari/CCD-Project/CS-BN/tetrad/tetrad-gui/src/main/java/edu/cmu/tetradapp/app/ConstructTemplateAction.java
/Users/fattanehjabbari/CCD-Project/CS-BN/tetrad/tetrad-gui/src/main/java/edu/cmu/tetradapp/app/CopySubsessionAction.java
/Users/fattanehjabbari/CCD-Project/CS-BN/tetrad/tetrad-gui/src/main/java/edu/cmu/tetradapp/editor/CovMatrixDisplay.java
/Users/fattanehjabbari/CCD-Project/CS-BN/tetrad/tetrad-gui/src/main/java/edu/cmu/tetradapp/knowledge_editor/KnowledgeModelEdge.java
/Users/fattanehjabbari/CCD-Project/CS-BN/tetrad/tetrad-gui/src/main/java/edu/cmu/tetradapp/editor/SplitByCollinearColumnsAction.java
/Users/fattanehjabbari/CCD-Project/CS-BN/tetrad/tetrad-gui/src/main/java/edu/cmu/tetradapp/util/GraphUtils.java
/Users/fattanehjabbari/CCD-Project/CS-BN/tetrad/tetrad-gui/src/main/java/edu/cmu/tetradapp/model/ImpliedCovarianceDataWrapper.java
/Users/fattanehjabbari/CCD-Project/CS-BN/tetrad/tetrad-gui/src/main/java/edu/cmu/tetradapp/model/MmhcRunner.java
/Users/fattanehjabbari/CCD-Project/CS-BN/tetrad/tetrad-gui/src/main/java/edu/cmu/tetradapp/editor/search/AlgorithmCard.java
/Users/fattanehjabbari/CCD-Project/CS-BN/tetrad/tetrad-gui/src/main/java/edu/cmu/tetradapp/editor/MbSearchParamEditor.java
/Users/fattanehjabbari/CCD-Project/CS-BN/tetrad/tetrad-gui/src/main/java/edu/cmu/tetradapp/workbench/DistanceFromSelected.java
/Users/fattanehjabbari/CCD-Project/CS-BN/tetrad/tetrad-gui/src/main/java/edu/cmu/tetradapp/editor/GFciIndTestParamsEditor.java
/Users/fattanehjabbari/CCD-Project/CS-BN/tetrad/tetrad-gui/src/main/java/edu/cmu/tetradapp/editor/AlgorithmParameterPanel.java
/Users/fattanehjabbari/CCD-Project/CS-BN/tetrad/tetrad-gui/src/main/java/edu/cmu/tetradapp/editor/PcLocalIndTestParamsEditor.java
/Users/fattanehjabbari/CCD-Project/CS-BN/tetrad/tetrad-gui/src/main/java/edu/cmu/tetradapp/app/hpc/action/HpcAccountSelectionAction.java
/Users/fattanehjabbari/CCD-Project/CS-BN/tetrad/tetrad-gui/src/main/java/edu/cmu/tetradapp/app/TestSessionEditorWorkbench.java
/Users/fattanehjabbari/CCD-Project/CS-BN/tetrad/tetrad-gui/src/main/java/edu/cmu/tetradapp/editor/EvidenceWizardMultipleObs.java
/Users/fattanehjabbari/CCD-Project/CS-BN/tetrad/tetrad-gui/src/main/java/edu/cmu/tetradapp/model/DagWrapper.java
/Users/fattanehjabbari/CCD-Project/CS-BN/tetrad/tetrad-gui/src/main/java/edu/cmu/tetradapp/editor/DoNotScroll.java
/Users/fattanehjabbari/CCD-Project/CS-BN/tetrad/tetrad-gui/src/main/java/edu/cmu/tetradapp/editor/BayesImEditorWizard.java
/Users/fattanehjabbari/CCD-Project/CS-BN/tetrad/tetrad-gui/src/main/java/edu/cmu/tetradapp/model/IdentifiabilityWrapper.java
/Users/fattanehjabbari/CCD-Project/CS-BN/tetrad/tetrad-gui/src/main/java/edu/cmu/tetradapp/editor/DirichletEstimatorParamsEditor.java
/Users/fattanehjabbari/CCD-Project/CS-BN/tetrad/tetrad-gui/src/main/java/edu/cmu/tetradapp/editor/EditorWindow.java
/Users/fattanehjabbari/CCD-Project/CS-BN/tetrad/tetrad-gui/src/main/java/edu/cmu/tetradapp/model/MissingDataInjectorWrapper.java
/Users/fattanehjabbari/CCD-Project/CS-BN/tetrad/tetrad-gui/src/main/java/edu/cmu/tetradapp/model/TimeLagGraphWrapper.java
/Users/fattanehjabbari/CCD-Project/CS-BN/tetrad/tetrad-gui/src/main/java/edu/cmu/tetradapp/editor/TreksAction.java
/Users/fattanehjabbari/CCD-Project/CS-BN/tetrad/tetrad-gui/src/main/java/edu/cmu/tetradapp/model/CeFanSearchRunner.java
/Users/fattanehjabbari/CCD-Project/CS-BN/tetrad/tetrad-gui/src/main/java/edu/cmu/tetradapp/editor/FciCcdSearchEditor.java
/Users/fattanehjabbari/CCD-Project/CS-BN/tetrad/tetrad-gui/src/main/java/edu/cmu/tetradapp/editor/NormalityTestEditorPanel.java
/Users/fattanehjabbari/CCD-Project/CS-BN/tetrad/tetrad-gui/src/main/java/edu/cmu/tetradapp/app/DeleteSubsessionAction.java
/Users/fattanehjabbari/CCD-Project/CS-BN/tetrad/tetrad-gui/src/main/java/edu/cmu/tetradapp/util/GraphEditorUtils.java
/Users/fattanehjabbari/CCD-Project/CS-BN/tetrad/tetrad-gui/src/main/java/edu/cmu/tetradapp/editor/GeneralizedSemPmGraphicalEditor.java
/Users/fattanehjabbari/CCD-Project/CS-BN/tetrad/tetrad-gui/src/main/java/edu/cmu/tetradapp/editor/HideShowNoConnectionNodesAction.java
/Users/fattanehjabbari/CCD-Project/CS-BN/tetrad/tetrad-gui/src/main/java/edu/cmu/tetradapp/editor/NeighborhoodsAction.java
/Users/fattanehjabbari/CCD-Project/CS-BN/tetrad/tetrad-gui/src/main/java/edu/cmu/tetradapp/editor/HasModelParameters.java
/Users/fattanehjabbari/CCD-Project/CS-BN/tetrad/tetrad-gui/src/main/java/edu/cmu/tetradapp/app/hpc/editor/HpcAccountEditor.java
/Users/fattanehjabbari/CCD-Project/CS-BN/tetrad/tetrad-gui/src/main/java/edu/cmu/tetradapp/model/VcpcFastRunner.java
/Users/fattanehjabbari/CCD-Project/CS-BN/tetrad/tetrad-gui/src/main/java/edu/cmu/tetradapp/model/JcpcRunner.java
/Users/fattanehjabbari/CCD-Project/CS-BN/tetrad/tetrad-gui/src/main/java/edu/cmu/tetradapp/app/NewSessionAction.java
/Users/fattanehjabbari/CCD-Project/CS-BN/tetrad/tetrad-gui/src/main/java/edu/cmu/tetradapp/editor/DirichletBayesImNodeCountsTable.java
/Users/fattanehjabbari/CCD-Project/CS-BN/tetrad/tetrad-gui/src/main/java/edu/cmu/tetradapp/app/hpc/editor/HpcJobInfoTableModel.java
/Users/fattanehjabbari/CCD-Project/CS-BN/tetrad/tetrad-gui/src/main/java/edu/cmu/tetradapp/workbench/AbstractWorkbench.java
/Users/fattanehjabbari/CCD-Project/CS-BN/tetrad/tetrad-gui/src/main/java/edu/cmu/tetradapp/editor/AbstractSearchEditor.java
/Users/fattanehjabbari/CCD-Project/CS-BN/tetrad/tetrad-gui/src/main/java/edu/cmu/tetradapp/model/VanderbiltIambnPcMbSearchRunner.java
/Users/fattanehjabbari/CCD-Project/CS-BN/tetrad/tetrad-gui/src/main/java/edu/cmu/tetradapp/app/RunSimulationAction.java
/Users/fattanehjabbari/CCD-Project/CS-BN/tetrad/tetrad-gui/src/main/java/edu/cmu/tetradapp/editor/GeneralizedSemEstimatorEditor.java
/Users/fattanehjabbari/CCD-Project/CS-BN/tetrad/tetrad-gui/src/main/java/edu/cmu/tetradapp/editor/PcStableLocalSearchEditor.java
/Users/fattanehjabbari/CCD-Project/CS-BN/tetrad/tetrad-gui/src/main/java/edu/cmu/tetradapp/app/SessionEditorToolbar.java
/Users/fattanehjabbari/CCD-Project/CS-BN/tetrad/tetrad-gui/src/main/java/edu/cmu/tetradapp/app/SaveSessionAsAction.java
/Users/fattanehjabbari/CCD-Project/CS-BN/tetrad/tetrad-gui/src/main/java/edu/cmu/tetradapp/editor/TriplesAction.java
/Users/fattanehjabbari/CCD-Project/CS-BN/tetrad/tetrad-gui/src/main/java/edu/cmu/tetradapp/model/UnlistedSessionModel.java
/Users/fattanehjabbari/CCD-Project/CS-BN/tetrad/tetrad-gui/src/main/java/edu/cmu/tetradapp/editor/StructEMBayesSearchEditorWizard.java
/Users/fattanehjabbari/CCD-Project/CS-BN/tetrad/tetrad-gui/src/main/java/edu/cmu/tetradapp/editor/HistogramView.java
/Users/fattanehjabbari/CCD-Project/CS-BN/tetrad/tetrad-gui/src/main/java/edu/cmu/tetradapp/model/PcRunner.java
/Users/fattanehjabbari/CCD-Project/CS-BN/tetrad/tetrad-gui/src/main/java/edu/cmu/tetradapp/model/datamanip/ReorderColumnsWrapper.java
/Users/fattanehjabbari/CCD-Project/CS-BN/tetrad/tetrad-gui/src/main/java/edu/cmu/tetradapp/app/SubsessionSelection.java
/Users/fattanehjabbari/CCD-Project/CS-BN/tetrad/tetrad-gui/src/main/java/edu/cmu/tetradapp/editor/DiscDetIndepParamsEditor.java
/Users/fattanehjabbari/CCD-Project/CS-BN/tetrad/tetrad-gui/src/main/java/edu/cmu/tetradapp/editor/GeneralizedExpressionEditor.java
/Users/fattanehjabbari/CCD-Project/CS-BN/tetrad/tetrad-gui/src/main/java/edu/cmu/tetradapp/model/GeneralizedSemDataWrapper.java
/Users/fattanehjabbari/CCD-Project/CS-BN/tetrad/tetrad-gui/src/main/java/edu/cmu/tetradapp/editor/BayesPmParamsEditor.java
/Users/fattanehjabbari/CCD-Project/CS-BN/tetrad/tetrad-gui/src/main/java/edu/cmu/tetradapp/workbench/DisplayComp.java
/Users/fattanehjabbari/CCD-Project/CS-BN/tetrad/tetrad-gui/src/main/java/edu/cmu/tetradapp/model/StructEmBayesSearchRunner.java
/Users/fattanehjabbari/CCD-Project/CS-BN/tetrad/tetrad-gui/src/main/java/edu/cmu/tetradapp/editor/SubgraphSelection.java
/Users/fattanehjabbari/CCD-Project/CS-BN/tetrad/tetrad-gui/src/main/java/edu/cmu/tetradapp/util/DesktopControllable.java
/Users/fattanehjabbari/CCD-Project/CS-BN/tetrad/tetrad-gui/src/main/java/edu/cmu/tetradapp/app/SessionEditorNode.java
/Users/fattanehjabbari/CCD-Project/CS-BN/tetrad/tetrad-gui/src/main/java/edu/cmu/tetradapp/app/SessionEditor.java
/Users/fattanehjabbari/CCD-Project/CS-BN/tetrad/tetrad-gui/src/main/java/edu/cmu/tetradapp/editor/SemEvidenceEditor.java
/Users/fattanehjabbari/CCD-Project/CS-BN/tetrad/tetrad-gui/src/main/java/edu/cmu/tetradapp/workbench/GraphNodeRandomized.java
/Users/fattanehjabbari/CCD-Project/CS-BN/tetrad/tetrad-gui/src/main/java/edu/cmu/tetradapp/model/ImpliedCovarianceDataAllWrapper.java
/Users/fattanehjabbari/CCD-Project/CS-BN/tetrad/tetrad-gui/src/main/java/edu/cmu/tetradapp/model/PcLocalRunner.java
/Users/fattanehjabbari/CCD-Project/CS-BN/tetrad/tetrad-gui/src/main/java/edu/cmu/tetradapp/model/RegressionRunner.java
/Users/fattanehjabbari/CCD-Project/CS-BN/tetrad/tetrad-gui/src/main/java/edu/cmu/tetradapp/app/NumberFormatAction.java
/Users/fattanehjabbari/CCD-Project/CS-BN/tetrad/tetrad-gui/src/main/java/edu/cmu/tetradapp/app/LicenseAction.java
/Users/fattanehjabbari/CCD-Project/CS-BN/tetrad/tetrad-gui/src/main/java/edu/cmu/tetradapp/editor/StandardizedSemImGraphicalEditor.java
/Users/fattanehjabbari/CCD-Project/CS-BN/tetrad/tetrad-gui/src/main/java/edu/cmu/tetradapp/util/LicenseUtils.java
/Users/fattanehjabbari/CCD-Project/CS-BN/tetrad/tetrad-gui/src/main/java/edu/cmu/tetradapp/workbench/GraphNodeError.java
/Users/fattanehjabbari/CCD-Project/CS-BN/tetrad/tetrad-gui/src/main/java/edu/cmu/tetradapp/model/MbfsPatternRunner.java
/Users/fattanehjabbari/CCD-Project/CS-BN/tetrad/tetrad-gui/src/main/java/edu/cmu/tetradapp/app/ModelChooser.java
/Users/fattanehjabbari/CCD-Project/CS-BN/tetrad/tetrad-gui/src/main/java/edu/cmu/tetradapp/knowledge_editor/KnowledgeBoxEditor.java
/Users/fattanehjabbari/CCD-Project/CS-BN/tetrad/tetrad-gui/src/main/java/edu/cmu/tetradapp/editor/FgesSearchEditor.java
/Users/fattanehjabbari/CCD-Project/CS-BN/tetrad/tetrad-gui/src/main/java/edu/cmu/tetradapp/editor/BuildPureClustersIndTestParamsEditor.java
/Users/fattanehjabbari/CCD-Project/CS-BN/tetrad/tetrad-gui/src/main/java/edu/cmu/tetradapp/editor/ScatterPlotOld.java
/Users/fattanehjabbari/CCD-Project/CS-BN/tetrad/tetrad-gui/src/main/java/edu/cmu/tetradapp/model/CorrMatrixConverter.java
/Users/fattanehjabbari/CCD-Project/CS-BN/tetrad/tetrad-gui/src/main/java/edu/cmu/tetradapp/workbench/CausalOrder.java
/Users/fattanehjabbari/CCD-Project/CS-BN/tetrad/tetrad-gui/src/main/java/edu/cmu/tetradapp/model/datamanip/ArResidualsWrapper.java
/Users/fattanehjabbari/CCD-Project/CS-BN/tetrad/tetrad-gui/src/main/java/edu/cmu/tetradapp/model/IFgesRunner.java
/Users/fattanehjabbari/CCD-Project/CS-BN/tetrad/tetrad-gui/src/main/java/edu/cmu/tetradapp/app/hpc/manager/JsonWebTokenManager.java
/Users/fattanehjabbari/CCD-Project/CS-BN/tetrad/tetrad-gui/src/main/java/edu/cmu/tetradapp/editor/TabularDataJTable.java
/Users/fattanehjabbari/CCD-Project/CS-BN/tetrad/tetrad-gui/src/main/java/edu/cmu/tetradapp/app/hpc/task/PendingHpcJobUpdaterTask.java
/Users/fattanehjabbari/CCD-Project/CS-BN/tetrad/tetrad-gui/src/main/java/edu/cmu/tetradapp/workbench/DisplayEdge.java
/Users/fattanehjabbari/CCD-Project/CS-BN/tetrad/tetrad-gui/src/main/java/edu/cmu/tetradapp/workbench/DisplayLegend.java
/Users/fattanehjabbari/CCD-Project/CS-BN/tetrad/tetrad-gui/src/main/java/edu/cmu/tetradapp/model/KnowledgeBoxNotifiable.java
/Users/fattanehjabbari/CCD-Project/CS-BN/tetrad/tetrad-gui/src/main/java/edu/cmu/tetradapp/editor/RegressionParamsEditorPanel.java
/Users/fattanehjabbari/CCD-Project/CS-BN/tetrad/tetrad-gui/src/main/java/edu/cmu/tetradapp/model/IndependenceFactsModel.java
/Users/fattanehjabbari/CCD-Project/CS-BN/tetrad/tetrad-gui/src/main/java/edu/cmu/tetradapp/editor/EdgewiseComparisonEditor.java
/Users/fattanehjabbari/CCD-Project/CS-BN/tetrad/tetrad-gui/src/main/java/edu/cmu/tetradapp/util/GraphHistory.java
/Users/fattanehjabbari/CCD-Project/CS-BN/tetrad/tetrad-gui/src/main/java/edu/cmu/tetradapp/editor/DataCellEditor.java
/Users/fattanehjabbari/CCD-Project/CS-BN/tetrad/tetrad-gui/src/main/java/edu/cmu/tetradapp/util/ImageUtils.java
/Users/fattanehjabbari/CCD-Project/CS-BN/tetrad/tetrad-gui/src/main/java/edu/cmu/tetradapp/util/TextAreaFifo.java
/Users/fattanehjabbari/CCD-Project/CS-BN/tetrad/tetrad-gui/src/main/java/edu/cmu/tetradapp/app/TetradInternalFrame.java
/Users/fattanehjabbari/CCD-Project/CS-BN/tetrad/tetrad-gui/src/main/java/edu/cmu/tetradapp/model/PagFromDagGraphWrapper.java
/Users/fattanehjabbari/CCD-Project/CS-BN/tetrad/tetrad-gui/src/main/java/edu/cmu/tetradapp/app/SessionEditorEdge.java
/Users/fattanehjabbari/CCD-Project/CS-BN/tetrad/tetrad-gui/src/main/java/edu/cmu/tetradapp/editor/MeanInterpolatorAction.java
/Users/fattanehjabbari/CCD-Project/CS-BN/tetrad/tetrad-gui/src/main/java/edu/cmu/tetradapp/app/SessionEditorWorkbench.java
/Users/fattanehjabbari/CCD-Project/CS-BN/tetrad/tetrad-gui/src/main/java/edu/cmu/tetradapp/model/MimBuildRunner.java
/Users/fattanehjabbari/CCD-Project/CS-BN/tetrad/tetrad-gui/src/main/java/edu/cmu/tetradapp/editor/BayesImEditorObs.java
/Users/fattanehjabbari/CCD-Project/CS-BN/tetrad/tetrad-gui/src/main/java/edu/cmu/tetradapp/model/datamanip/RemoveMissingCasesDataFilter.java
/Users/fattanehjabbari/CCD-Project/CS-BN/tetrad/tetrad-gui/src/main/java/edu/cmu/tetradapp/editor/SaveGraph.java
/Users/fattanehjabbari/CCD-Project/CS-BN/tetrad/tetrad-gui/src/main/java/edu/cmu/tetradapp/util/SplashScreen.java
/Users/fattanehjabbari/CCD-Project/CS-BN/tetrad/tetrad-gui/src/main/java/edu/cmu/tetradapp/editor/ScatterPlotView.java
/Users/fattanehjabbari/CCD-Project/CS-BN/tetrad/tetrad-gui/src/main/java/edu/cmu/tetradapp/editor/StandardizedSemImImpliedCovTable.java
/Users/fattanehjabbari/CCD-Project/CS-BN/tetrad/tetrad-gui/src/main/java/edu/cmu/tetradapp/editor/MimBuildIndTestParamsEditor.java
/Users/fattanehjabbari/CCD-Project/CS-BN/tetrad/tetrad-gui/src/main/java/edu/cmu/tetradapp/workbench/IDisplayEdge.java
/Users/fattanehjabbari/CCD-Project/CS-BN/tetrad/tetrad-gui/src/main/java/edu/cmu/tetradapp/editor/MissingDataInjectorParamsEditor.java
/Users/fattanehjabbari/CCD-Project/CS-BN/tetrad/tetrad-gui/src/main/java/edu/cmu/tetradapp/model/datamanip/CovMatrixSumWrapper.java
/Users/fattanehjabbari/CCD-Project/CS-BN/tetrad/tetrad-gui/src/main/java/edu/cmu/tetradapp/util/DoubleTextField.java
/Users/fattanehjabbari/CCD-Project/CS-BN/tetrad/tetrad-gui/src/main/java/edu/cmu/tetradapp/model/EmBayesEstimatorWrapper.java
/Users/fattanehjabbari/CCD-Project/CS-BN/tetrad/tetrad-gui/src/main/java/edu/cmu/tetradapp/util/PasteLayoutAction.java
/Users/fattanehjabbari/CCD-Project/CS-BN/tetrad/tetrad-gui/src/main/java/edu/cmu/tetradapp/editor/ExpressionEditor.java
/Users/fattanehjabbari/CCD-Project/CS-BN/tetrad/tetrad-gui/src/main/java/edu/cmu/tetradapp/editor/BayesEstimatorEditor.java
/Users/fattanehjabbari/CCD-Project/CS-BN/tetrad/tetrad-gui/src/main/java/edu/cmu/tetradapp/model/Simulation.java
/Users/fattanehjabbari/CCD-Project/CS-BN/tetrad/tetrad-gui/src/main/java/edu/cmu/tetradapp/app/AboutTetradAction.java
/Users/fattanehjabbari/CCD-Project/CS-BN/tetrad/tetrad-gui/src/main/java/edu/cmu/tetradapp/knowledge_editor/KnowledgeWorkbench.java
/Users/fattanehjabbari/CCD-Project/CS-BN/tetrad/tetrad-gui/src/main/java/edu/cmu/tetradapp/workbench/PointPair.java
/Users/fattanehjabbari/CCD-Project/CS-BN/tetrad/tetrad-gui/src/main/java/edu/cmu/tetradapp/app/SessionNodeConfig.java
/Users/fattanehjabbari/CCD-Project/CS-BN/tetrad/tetrad-gui/src/main/java/edu/cmu/tetradapp/app/TetFileFilter.java
/Users/fattanehjabbari/CCD-Project/CS-BN/tetrad/tetrad-gui/src/main/java/edu/cmu/tetradapp/editor/DescriptiveStatsEditorPanel.java
/Users/fattanehjabbari/CCD-Project/CS-BN/tetrad/tetrad-gui/src/main/java/edu/cmu/tetradapp/model/MergeDatasetsWrapper.java
/Users/fattanehjabbari/CCD-Project/CS-BN/tetrad/tetrad-gui/src/main/java/edu/cmu/tetradapp/editor/FactorAnalysisEditor.java
/Users/fattanehjabbari/CCD-Project/CS-BN/tetrad/tetrad-gui/src/main/java/edu/cmu/tetradapp/model/BuildPureClustersRunner.java
/Users/fattanehjabbari/CCD-Project/CS-BN/tetrad/tetrad-gui/src/main/java/edu/cmu/tetradapp/model/WFgesRunner.java
/Users/fattanehjabbari/CCD-Project/CS-BN/tetrad/tetrad-gui/src/main/java/edu/cmu/tetradapp/editor/DataDisplay.java
/Users/fattanehjabbari/CCD-Project/CS-BN/tetrad/tetrad-gui/src/main/java/edu/cmu/tetradapp/model/CptInvariantUpdaterWrapper.java
/Users/fattanehjabbari/CCD-Project/CS-BN/tetrad/tetrad-gui/src/main/java/edu/cmu/tetradapp/model/FofcRunner.java
/Users/fattanehjabbari/CCD-Project/CS-BN/tetrad/tetrad-gui/src/main/java/edu/cmu/tetradapp/ui/DualListPanel.java
/Users/fattanehjabbari/CCD-Project/CS-BN/tetrad/tetrad-gui/src/main/java/edu/cmu/tetradapp/editor/ExtraCategoryAction.java
/Users/fattanehjabbari/CCD-Project/CS-BN/tetrad/tetrad-gui/src/main/java/edu/cmu/tetradapp/model/MimBuildTrekRunner.java
/Users/fattanehjabbari/CCD-Project/CS-BN/tetrad/tetrad-gui/src/main/java/edu/cmu/tetradapp/model/FactorAnalysisRunner.java
/Users/fattanehjabbari/CCD-Project/CS-BN/tetrad/tetrad-gui/src/main/java/edu/cmu/tetradapp/app/hpc/manager/HpcAccountManager.java
/Users/fattanehjabbari/CCD-Project/CS-BN/tetrad/tetrad-gui/src/main/java/edu/cmu/tetradapp/model/IndTestProducer.java
/Users/fattanehjabbari/CCD-Project/CS-BN/tetrad/tetrad-gui/src/main/java/edu/cmu/tetradapp/editor/MimSearchEditor2.java
/Users/fattanehjabbari/CCD-Project/CS-BN/tetrad/tetrad-gui/src/main/java/edu/cmu/tetradapp/util/LayoutSelection.java
/Users/fattanehjabbari/CCD-Project/CS-BN/tetrad/tetrad-gui/src/main/java/edu/cmu/tetradapp/util/StringTextField.java
/Users/fattanehjabbari/CCD-Project/CS-BN/tetrad/tetrad-gui/src/main/java/edu/cmu/tetradapp/editor/CalculatorEditor.java
/Users/fattanehjabbari/CCD-Project/CS-BN/tetrad/tetrad-gui/src/main/java/edu/cmu/tetradapp/model/CcdRunner2.java
/Users/fattanehjabbari/CCD-Project/CS-BN/tetrad/tetrad-gui/src/main/java/edu/cmu/tetradapp/editor/RegressionParamsPanel.java
/Users/fattanehjabbari/CCD-Project/CS-BN/tetrad/tetrad-gui/src/main/java/edu/cmu/tetradapp/editor/GraphToolbar.java
/Users/fattanehjabbari/CCD-Project/CS-BN/tetrad/tetrad-gui/src/main/java/edu/cmu/tetradapp/model/PcStableMaxRunner.java
/Users/fattanehjabbari/CCD-Project/CS-BN/tetrad/tetrad-gui/src/main/java/edu/cmu/tetradapp/app/StdDisplayComp.java
/Users/fattanehjabbari/CCD-Project/CS-BN/tetrad/tetrad-gui/src/main/java/edu/cmu/tetradapp/model/VanderbiltIambMbSearchRunner.java
/Users/fattanehjabbari/CCD-Project/CS-BN/tetrad/tetrad-gui/src/main/java/edu/cmu/tetradapp/editor/FciIndTestParamsEditorOld.java
/Users/fattanehjabbari/CCD-Project/CS-BN/tetrad/tetrad-gui/src/main/java/edu/cmu/tetradapp/editor/LoadBayesImXmlAction.java
/Users/fattanehjabbari/CCD-Project/CS-BN/tetrad/tetrad-gui/src/main/java/edu/cmu/tetradapp/editor/PasteKnowledgeAction.java
/Users/fattanehjabbari/CCD-Project/CS-BN/tetrad/tetrad-gui/src/main/java/edu/cmu/tetradapp/editor/QQPlotDisplayPanel.java
/Users/fattanehjabbari/CCD-Project/CS-BN/tetrad/tetrad-gui/src/main/java/edu/cmu/tetradapp/editor/DirichletBayesImNodeProbsTable.java
/Users/fattanehjabbari/CCD-Project/CS-BN/tetrad/tetrad-gui/src/main/java/edu/cmu/tetradapp/model/VanderbiltInterIambMbSearchRunner.java
/Users/fattanehjabbari/CCD-Project/CS-BN/tetrad/tetrad-gui/src/main/java/edu/cmu/tetradapp/editor/datamanip/DeterminismEditor.java
/Users/fattanehjabbari/CCD-Project/CS-BN/tetrad/tetrad-gui/src/main/java/edu/cmu/tetradapp/model/CpcLocalRunner.java
/Users/fattanehjabbari/CCD-Project/CS-BN/tetrad/tetrad-gui/src/main/java/edu/cmu/tetradapp/model/SemUpdaterWrapper.java
/Users/fattanehjabbari/CCD-Project/CS-BN/tetrad/tetrad-gui/src/main/java/edu/cmu/tetradapp/editor/SimulationEditor.java
/Users/fattanehjabbari/CCD-Project/CS-BN/tetrad/tetrad-gui/src/main/java/edu/cmu/tetradapp/app/TetradApplicationConfig.java
/Users/fattanehjabbari/CCD-Project/CS-BN/tetrad/tetrad-gui/src/main/java/edu/cmu/tetradapp/editor/LoadDataAction.java
/Users/fattanehjabbari/CCD-Project/CS-BN/tetrad/tetrad-gui/src/main/java/edu/cmu/tetradapp/editor/TemporalTierEditor.java
/Users/fattanehjabbari/CCD-Project/CS-BN/tetrad/tetrad-gui/src/main/java/edu/cmu/tetradapp/util/SessionEditorIndirectRef.java
/Users/fattanehjabbari/CCD-Project/CS-BN/tetrad/tetrad-gui/src/main/java/edu/cmu/tetradapp/editor/Sem2DataParamsEditor.java
/Users/fattanehjabbari/CCD-Project/CS-BN/tetrad/tetrad-gui/src/main/java/edu/cmu/tetradapp/util/IntSpinner.java
/Users/fattanehjabbari/CCD-Project/CS-BN/tetrad/tetrad-gui/src/main/java/edu/cmu/tetradapp/app/hpc/manager/HpcJobManager.java
/Users/fattanehjabbari/CCD-Project/CS-BN/tetrad/tetrad-gui/src/main/java/edu/cmu/tetradapp/editor/PatternDisplay.java
/Users/fattanehjabbari/CCD-Project/CS-BN/tetrad/tetrad-gui/src/main/java/edu/cmu/tetradapp/editor/ScoredGraphsDisplay.java
/Users/fattanehjabbari/CCD-Project/CS-BN/tetrad/tetrad-gui/src/main/java/edu/cmu/tetradapp/editor/EvidenceWizardSingle.java
/Users/fattanehjabbari/CCD-Project/CS-BN/tetrad/tetrad-gui/src/main/java/edu/cmu/tetradapp/editor/ParameterEditor.java
/Users/fattanehjabbari/CCD-Project/CS-BN/tetrad/tetrad-gui/src/main/java/edu/cmu/tetradapp/workbench/LayoutUtils.java
/Users/fattanehjabbari/CCD-Project/CS-BN/tetrad/tetrad-gui/src/main/java/edu/cmu/tetradapp/model/HitonVariantMbSearchRunner.java
/Users/fattanehjabbari/CCD-Project/CS-BN/tetrad/tetrad-gui/src/main/java/edu/cmu/tetradapp/util/EditorWindowIndirectRef.java
/Users/fattanehjabbari/CCD-Project/CS-BN/tetrad/tetrad-gui/src/main/java/edu/cmu/tetradapp/editor/GraphIntersectionsEditor.java
/Users/fattanehjabbari/CCD-Project/CS-BN/tetrad/tetrad-gui/src/main/java/edu/cmu/tetradapp/workbench/GraphNodeLatent.java
/Users/fattanehjabbari/CCD-Project/CS-BN/tetrad/tetrad-gui/src/main/java/edu/cmu/tetradapp/model/YeastPcCcdSearchWrapper.java
/Users/fattanehjabbari/CCD-Project/CS-BN/tetrad/tetrad-gui/src/main/java/edu/cmu/tetradapp/app/hpc/task/HpcJobPreProcessTask.java
/Users/fattanehjabbari/CCD-Project/CS-BN/tetrad/tetrad-gui/src/main/java/edu/cmu/tetradapp/editor/DescriptiveStatsAction.java
/Users/fattanehjabbari/CCD-Project/CS-BN/tetrad/tetrad-gui/src/main/java/edu/cmu/tetradapp/editor/FofcSearchEditor.java
/Users/fattanehjabbari/CCD-Project/CS-BN/tetrad/tetrad-gui/src/main/java/edu/cmu/tetradapp/util/TextAreaOutputStream.java
